Archive member included to satisfy reference by file (symbol)

d:/arm-gcc/gcc/bin/../lib/gcc/arm-none-eabi/11.2.1/thumb/v7-m/nofp\libc_nano.a(lib_a-exit.o)
                              d:/arm-gcc/gcc/bin/../lib/gcc/arm-none-eabi/11.2.1/thumb/v7-m/nofp/crt0.o (exit)
d:/arm-gcc/gcc/bin/../lib/gcc/arm-none-eabi/11.2.1/thumb/v7-m/nofp\libc_nano.a(lib_a-impure.o)
                              d:/arm-gcc/gcc/bin/../lib/gcc/arm-none-eabi/11.2.1/thumb/v7-m/nofp\libc_nano.a(lib_a-exit.o) (_global_impure_ptr)
d:/arm-gcc/gcc/bin/../lib/gcc/arm-none-eabi/11.2.1/thumb/v7-m/nofp\libc_nano.a(lib_a-init.o)
                              d:/arm-gcc/gcc/bin/../lib/gcc/arm-none-eabi/11.2.1/thumb/v7-m/nofp/crt0.o (__libc_init_array)
d:/arm-gcc/gcc/bin/../lib/gcc/arm-none-eabi/11.2.1/thumb/v7-m/nofp\libc_nano.a(lib_a-memset.o)
                              d:/arm-gcc/gcc/bin/../lib/gcc/arm-none-eabi/11.2.1/thumb/v7-m/nofp/crt0.o (memset)
d:/arm-gcc/gcc/bin/../lib/gcc/arm-none-eabi/11.2.1/thumb/v7-m/nofp\libc_nano.a(lib_a-sprintf.o)
                              build/main.o (sprintf)
d:/arm-gcc/gcc/bin/../lib/gcc/arm-none-eabi/11.2.1/thumb/v7-m/nofp\libc_nano.a(lib_a-strlen.o)
                              build/main.o (strlen)
d:/arm-gcc/gcc/bin/../lib/gcc/arm-none-eabi/11.2.1/thumb/v7-m/nofp\libc_nano.a(lib_a-nano-svfprintf.o)
                              d:/arm-gcc/gcc/bin/../lib/gcc/arm-none-eabi/11.2.1/thumb/v7-m/nofp\libc_nano.a(lib_a-sprintf.o) (_svfprintf_r)
d:/arm-gcc/gcc/bin/../lib/gcc/arm-none-eabi/11.2.1/thumb/v7-m/nofp\libc_nano.a(lib_a-nano-vfprintf_i.o)
                              d:/arm-gcc/gcc/bin/../lib/gcc/arm-none-eabi/11.2.1/thumb/v7-m/nofp\libc_nano.a(lib_a-nano-svfprintf.o) (_printf_i)
d:/arm-gcc/gcc/bin/../lib/gcc/arm-none-eabi/11.2.1/thumb/v7-m/nofp\libc_nano.a(lib_a-memchr-stub.o)
                              d:/arm-gcc/gcc/bin/../lib/gcc/arm-none-eabi/11.2.1/thumb/v7-m/nofp\libc_nano.a(lib_a-nano-svfprintf.o) (memchr)
d:/arm-gcc/gcc/bin/../lib/gcc/arm-none-eabi/11.2.1/thumb/v7-m/nofp\libc_nano.a(lib_a-memcpy-stub.o)
                              d:/arm-gcc/gcc/bin/../lib/gcc/arm-none-eabi/11.2.1/thumb/v7-m/nofp\libc_nano.a(lib_a-nano-svfprintf.o) (memcpy)
d:/arm-gcc/gcc/bin/../lib/gcc/arm-none-eabi/11.2.1/thumb/v7-m/nofp\libc_nano.a(lib_a-memmove.o)
                              d:/arm-gcc/gcc/bin/../lib/gcc/arm-none-eabi/11.2.1/thumb/v7-m/nofp\libc_nano.a(lib_a-nano-svfprintf.o) (memmove)
d:/arm-gcc/gcc/bin/../lib/gcc/arm-none-eabi/11.2.1/thumb/v7-m/nofp\libc_nano.a(lib_a-nano-freer.o)
                              d:/arm-gcc/gcc/bin/../lib/gcc/arm-none-eabi/11.2.1/thumb/v7-m/nofp\libc_nano.a(lib_a-nano-svfprintf.o) (_free_r)
d:/arm-gcc/gcc/bin/../lib/gcc/arm-none-eabi/11.2.1/thumb/v7-m/nofp\libc_nano.a(lib_a-nano-mallocr.o)
                              d:/arm-gcc/gcc/bin/../lib/gcc/arm-none-eabi/11.2.1/thumb/v7-m/nofp\libc_nano.a(lib_a-nano-svfprintf.o) (_malloc_r)
d:/arm-gcc/gcc/bin/../lib/gcc/arm-none-eabi/11.2.1/thumb/v7-m/nofp\libc_nano.a(lib_a-nano-reallocr.o)
                              d:/arm-gcc/gcc/bin/../lib/gcc/arm-none-eabi/11.2.1/thumb/v7-m/nofp\libc_nano.a(lib_a-nano-svfprintf.o) (_realloc_r)
d:/arm-gcc/gcc/bin/../lib/gcc/arm-none-eabi/11.2.1/thumb/v7-m/nofp\libc_nano.a(lib_a-sbrkr.o)
                              d:/arm-gcc/gcc/bin/../lib/gcc/arm-none-eabi/11.2.1/thumb/v7-m/nofp\libc_nano.a(lib_a-nano-mallocr.o) (_sbrk_r)
d:/arm-gcc/gcc/bin/../lib/gcc/arm-none-eabi/11.2.1/thumb/v7-m/nofp\libc_nano.a(lib_a-mlock.o)
                              d:/arm-gcc/gcc/bin/../lib/gcc/arm-none-eabi/11.2.1/thumb/v7-m/nofp\libc_nano.a(lib_a-nano-freer.o) (__malloc_lock)
d:/arm-gcc/gcc/bin/../lib/gcc/arm-none-eabi/11.2.1/thumb/v7-m/nofp\libc_nano.a(lib_a-nano-msizer.o)
                              d:/arm-gcc/gcc/bin/../lib/gcc/arm-none-eabi/11.2.1/thumb/v7-m/nofp\libc_nano.a(lib_a-nano-reallocr.o) (_malloc_usable_size_r)
d:/arm-gcc/gcc/bin/../lib/gcc/arm-none-eabi/11.2.1/thumb/v7-m/nofp\libc_nano.a(lib_a-reent.o)
                              d:/arm-gcc/gcc/bin/../lib/gcc/arm-none-eabi/11.2.1/thumb/v7-m/nofp\libc_nano.a(lib_a-sbrkr.o) (errno)
d:/arm-gcc/gcc/bin/../lib/gcc/arm-none-eabi/11.2.1/thumb/v7-m/nofp\libnosys.a(sbrk.o)
                              d:/arm-gcc/gcc/bin/../lib/gcc/arm-none-eabi/11.2.1/thumb/v7-m/nofp\libc_nano.a(lib_a-sbrkr.o) (_sbrk)
d:/arm-gcc/gcc/bin/../lib/gcc/arm-none-eabi/11.2.1/thumb/v7-m/nofp\libnosys.a(_exit.o)
                              d:/arm-gcc/gcc/bin/../lib/gcc/arm-none-eabi/11.2.1/thumb/v7-m/nofp\libc_nano.a(lib_a-exit.o) (_exit)

Discarded input sections

 .text          0x00000000        0x0 d:/arm-gcc/gcc/bin/../lib/gcc/arm-none-eabi/11.2.1/thumb/v7-m/nofp/crti.o
 .data          0x00000000        0x0 d:/arm-gcc/gcc/bin/../lib/gcc/arm-none-eabi/11.2.1/thumb/v7-m/nofp/crti.o
 .bss           0x00000000        0x0 d:/arm-gcc/gcc/bin/../lib/gcc/arm-none-eabi/11.2.1/thumb/v7-m/nofp/crti.o
[...]
Memory Configuration

Name             Origin             Length             Attributes
RAM              0x20000000         0x00005000         xrw
FLASH            0x08000000         0x00010000         xr
*default*        0x00000000         0xffffffff

Linker script and memory map

LOAD d:/arm-gcc/gcc/bin/../lib/gcc/arm-none-eabi/11.2.1/thumb/v7-m/nofp/crti.o
LOAD d:/arm-gcc/gcc/bin/../lib/gcc/arm-none-eabi/11.2.1/thumb/v7-m/nofp/crtbegin.o
LOAD d:/arm-gcc/gcc/bin/../lib/gcc/arm-none-eabi/11.2.1/thumb/v7-m/nofp/crt0.o
LOAD build/main.o
LOAD build/stm32f1xx_it.o
LOAD build/stm32f1xx_hal_msp.o
LOAD build/stm32f1xx_hal_gpio_ex.o
LOAD build/stm32f1xx_hal_i2c.o
LOAD build/stm32f1xx_hal.o
LOAD build/stm32f1xx_hal_rcc.o
LOAD build/stm32f1xx_hal_rcc_ex.o
LOAD build/stm32f1xx_hal_gpio.o
LOAD build/stm32f1xx_hal_dma.o
LOAD build/stm32f1xx_hal_cortex.o
LOAD build/stm32f1xx_hal_pwr.o
LOAD build/stm32f1xx_hal_flash.o
LOAD build/stm32f1xx_hal_flash_ex.o
LOAD build/stm32f1xx_hal_exti.o
LOAD build/stm32f1xx_hal_tim.o
LOAD build/stm32f1xx_hal_tim_ex.o
LOAD build/stm32f1xx_hal_uart.o
LOAD build/system_stm32f1xx.o
LOAD build/startup_stm32f103xb.o
LOAD d:/arm-gcc/gcc/bin/../lib/gcc/arm-none-eabi/11.2.1/thumb/v7-m/nofp\libc_nano.a
LOAD d:/arm-gcc/gcc/bin/../lib/gcc/arm-none-eabi/11.2.1/thumb/v7-m/nofp\libm.a
LOAD d:/arm-gcc/gcc/bin/../lib/gcc/arm-none-eabi/11.2.1/thumb/v7-m/nofp\libnosys.a
START GROUP
LOAD d:/arm-gcc/gcc/bin/../lib/gcc/arm-none-eabi/11.2.1/thumb/v7-m/nofp\libgcc.a
LOAD d:/arm-gcc/gcc/bin/../lib/gcc/arm-none-eabi/11.2.1/thumb/v7-m/nofp\libc_nano.a
END GROUP
START GROUP
LOAD d:/arm-gcc/gcc/bin/../lib/gcc/arm-none-eabi/11.2.1/thumb/v7-m/nofp\libgcc.a
LOAD d:/arm-gcc/gcc/bin/../lib/gcc/arm-none-eabi/11.2.1/thumb/v7-m/nofp\libc_nano.a
END GROUP
LOAD d:/arm-gcc/gcc/bin/../lib/gcc/arm-none-eabi/11.2.1/thumb/v7-m/nofp/crtend.o
LOAD d:/arm-gcc/gcc/bin/../lib/gcc/arm-none-eabi/11.2.1/thumb/v7-m/nofp/crtn.o
                0x20005000                _estack = (ORIGIN (RAM) + LENGTH (RAM))
                0x00000200                _Min_Heap_Size = 0x200
                0x00000400                _Min_Stack_Size = 0x400

.isr_vector     0x08000000      0x10c
                0x08000000                . = ALIGN (0x4)
 *(.isr_vector)
 .isr_vector    0x08000000      0x10c build/startup_stm32f103xb.o
                0x08000000                g_pfnVectors
                0x0800010c                . = ALIGN (0x4)

.text           0x0800010c     0x3058
                0x0800010c                . = ALIGN (0x4)
 *(.text)
 .text          0x0800010c       0x10 d:/arm-gcc/gcc/bin/../lib/gcc/arm-none-eabi/11.2.1/thumb/v7-m/nofp\libc_nano.a(lib_a-strlen.o)
                0x0800010c                strlen
 *(.text*)
 .text.deregister_tm_clones
                0x0800011c       0x1c d:/arm-gcc/gcc/bin/../lib/gcc/arm-none-eabi/11.2.1/thumb/v7-m/nofp/crtbegin.o
 .text.register_tm_clones
                0x08000138       0x24 d:/arm-gcc/gcc/bin/../lib/gcc/arm-none-eabi/11.2.1/thumb/v7-m/nofp/crtbegin.o
 .text.__do_global_dtors_aux
                0x0800015c       0x28 d:/arm-gcc/gcc/bin/../lib/gcc/arm-none-eabi/11.2.1/thumb/v7-m/nofp/crtbegin.o
 .text.frame_dummy
                0x08000184       0x24 d:/arm-gcc/gcc/bin/../lib/gcc/arm-none-eabi/11.2.1/thumb/v7-m/nofp/crtbegin.o
 .text.MX_GPIO_Init
                0x080001a8       0x44 build/main.o
 .text.Dec_to_BCD
                0x080001ec       0x20 build/main.o
                0x080001ec                Dec_to_BCD
 .text.BCD_to_Dec
                0x0800020c       0x12 build/main.o
                0x0800020c                BCD_to_Dec
 *fill*         0x0800021e        0x2 
 .text.DS1307_SetTime
                0x08000220       0x44 build/main.o
                0x08000220                DS1307_SetTime
 .text.DS1307_SetDate
                0x08000264       0x44 build/main.o
                0x08000264                DS1307_SetDate
 .text.DS1307_GetTime
                0x080002a8       0x5c build/main.o
                0x080002a8                DS1307_GetTime
 .text.DS1307_GetDate
                0x08000304       0x68 build/main.o
                0x08000304                DS1307_GetDate
 .text.lcd_send_cmd
                0x0800036c       0x48 build/main.o
                0x0800036c                lcd_send_cmd
 .text.lcd_send_data
                0x080003b4       0x48 build/main.o
                0x080003b4                lcd_send_data
 .text.lcd_init
                0x080003fc       0x70 build/main.o
                0x080003fc                lcd_init
 .text.lcd_clear
                0x0800046c       0x10 build/main.o
                0x0800046c                lcd_clear
 .text.lcd_put_cur
                0x0800047c       0x18 build/main.o
                0x0800047c                lcd_put_cur
 .text.lcd_send_string
                0x08000494       0x14 build/main.o
                0x08000494                lcd_send_string
 .text.check_len_data
                0x080004a8       0x54 build/main.o
                0x080004a8                check_len_data
 .text.check_form_data
                0x080004fc       0x3c build/main.o
                0x080004fc                check_form_data
 .text.is_leap_year
                0x08000538       0x3c build/main.o
                0x08000538                is_leap_year
 .text.days_in_feb
                0x08000574       0x10 build/main.o
                0x08000574                days_in_feb
 .text.is_valid_date
                0x08000584       0x9c build/main.o
                0x08000584                is_valid_date
 .text.is_valid_time
                0x08000620       0x58 build/main.o
                0x08000620                is_valid_time
 .text.check_valid_data
                0x08000678       0x84 build/main.o
                0x08000678                check_valid_data
 .text.Error_Handler
                0x080006fc        0x4 build/main.o
                0x080006fc                Error_Handler
 .text.MX_I2C1_Init
                0x08000700       0x38 build/main.o
 .text.MX_USART1_UART_Init
                0x08000738       0x34 build/main.o
 .text.SystemClock_Config
                0x0800076c       0x64 build/main.o
                0x0800076c                SystemClock_Config
 .text.main     0x080007d0      0x12c build/main.o
                0x080007d0                main
 .text.NMI_Handler
                0x080008fc        0x2 build/stm32f1xx_it.o
                0x080008fc                NMI_Handler
 .text.HardFault_Handler
                0x080008fe        0x2 build/stm32f1xx_it.o
                0x080008fe                HardFault_Handler
 .text.MemManage_Handler
                0x08000900        0x2 build/stm32f1xx_it.o
                0x08000900                MemManage_Handler
 .text.BusFault_Handler
                0x08000902        0x2 build/stm32f1xx_it.o
                0x08000902                BusFault_Handler
 .text.UsageFault_Handler
                0x08000904        0x2 build/stm32f1xx_it.o
                0x08000904                UsageFault_Handler
 .text.SVC_Handler
                0x08000906        0x2 build/stm32f1xx_it.o
                0x08000906                SVC_Handler
 .text.DebugMon_Handler
                0x08000908        0x2 build/stm32f1xx_it.o
                0x08000908                DebugMon_Handler
 .text.PendSV_Handler
                0x0800090a        0x2 build/stm32f1xx_it.o
                0x0800090a                PendSV_Handler
 .text.SysTick_Handler
                0x0800090c        0x8 build/stm32f1xx_it.o
                0x0800090c                SysTick_Handler
 .text.USART1_IRQHandler
                0x08000914       0x4c build/stm32f1xx_it.o
                0x08000914                USART1_IRQHandler
 .text.HAL_MspInit
                0x08000960       0x44 build/stm32f1xx_hal_msp.o
                0x08000960                HAL_MspInit
 .text.HAL_I2C_MspInit
                0x080009a4       0x64 build/stm32f1xx_hal_msp.o
                0x080009a4                HAL_I2C_MspInit
 .text.HAL_UART_MspInit
                0x08000a08       0x88 build/stm32f1xx_hal_msp.o
                0x08000a08                HAL_UART_MspInit
 .text.I2C_IsAcknowledgeFailed
                0x08000a90       0x32 build/stm32f1xx_hal_i2c.o
 .text.I2C_WaitOnFlagUntilTimeout
                0x08000ac2       0xaa build/stm32f1xx_hal_i2c.o
 .text.I2C_WaitOnMasterAddressFlagUntilTimeout
                0x08000b6c       0xd6 build/stm32f1xx_hal_i2c.o
 *fill*         0x08000c42        0x2 
 .text.I2C_MasterRequestWrite
                0x08000c44       0xb4 build/stm32f1xx_hal_i2c.o
 .text.I2C_MasterRequestRead
                0x08000cf8      0x120 build/stm32f1xx_hal_i2c.o
 .text.I2C_WaitOnTXEFlagUntilTimeout
                0x08000e18       0x5e build/stm32f1xx_hal_i2c.o
 .text.I2C_WaitOnBTFFlagUntilTimeout
                0x08000e76       0x5e build/stm32f1xx_hal_i2c.o
 .text.I2C_WaitOnRXNEFlagUntilTimeout
                0x08000ed4       0x78 build/stm32f1xx_hal_i2c.o
 .text.HAL_I2C_Init
                0x08000f4c      0x1bc build/stm32f1xx_hal_i2c.o
                0x08000f4c                HAL_I2C_Init
 .text.HAL_I2C_Master_Transmit
                0x08001108      0x178 build/stm32f1xx_hal_i2c.o
                0x08001108                HAL_I2C_Master_Transmit
 .text.HAL_I2C_Master_Receive
                0x08001280      0x358 build/stm32f1xx_hal_i2c.o
                0x08001280                HAL_I2C_Master_Receive
 .text.HAL_InitTick
                0x080015d8       0x4c build/stm32f1xx_hal.o
                0x080015d8                HAL_InitTick
 .text.HAL_Init
                0x08001624       0x24 build/stm32f1xx_hal.o
                0x08001624                HAL_Init
 .text.HAL_IncTick
                0x08001648       0x18 build/stm32f1xx_hal.o
                0x08001648                HAL_IncTick
 .text.HAL_GetTick
                0x08001660        0xc build/stm32f1xx_hal.o
                0x08001660                HAL_GetTick
 .text.HAL_Delay
                0x0800166c       0x28 build/stm32f1xx_hal.o
                0x0800166c                HAL_Delay
 .text.RCC_Delay
                0x08001694       0x2c build/stm32f1xx_hal_rcc.o
 .text.HAL_RCC_OscConfig
                0x080016c0      0x410 build/stm32f1xx_hal_rcc.o
                0x080016c0                HAL_RCC_OscConfig
 .text.HAL_RCC_GetSysClockFreq
                0x08001ad0       0x54 build/stm32f1xx_hal_rcc.o
                0x08001ad0                HAL_RCC_GetSysClockFreq
 .text.HAL_RCC_ClockConfig
                0x08001b24      0x16c build/stm32f1xx_hal_rcc.o
                0x08001b24                HAL_RCC_ClockConfig
 .text.HAL_RCC_GetHCLKFreq
                0x08001c90        0xc build/stm32f1xx_hal_rcc.o
                0x08001c90                HAL_RCC_GetHCLKFreq
 .text.HAL_RCC_GetPCLK1Freq
                0x08001c9c       0x20 build/stm32f1xx_hal_rcc.o
                0x08001c9c                HAL_RCC_GetPCLK1Freq
 .text.HAL_RCC_GetPCLK2Freq
                0x08001cbc       0x20 build/stm32f1xx_hal_rcc.o
                0x08001cbc                HAL_RCC_GetPCLK2Freq
 .text.HAL_GPIO_Init
                0x08001cdc      0x224 build/stm32f1xx_hal_gpio.o
                0x08001cdc                HAL_GPIO_Init
 .text.HAL_DMA_Abort
                0x08001f00       0x46 build/stm32f1xx_hal_dma.o
                0x08001f00                HAL_DMA_Abort
 *fill*         0x08001f46        0x2 
 .text.HAL_DMA_Abort_IT
                0x08001f48       0x98 build/stm32f1xx_hal_dma.o
                0x08001f48                HAL_DMA_Abort_IT
 .text.HAL_NVIC_SetPriorityGrouping
                0x08001fe0       0x24 build/stm32f1xx_hal_cortex.o
                0x08001fe0                HAL_NVIC_SetPriorityGrouping
 .text.HAL_NVIC_SetPriority
                0x08002004       0x70 build/stm32f1xx_hal_cortex.o
                0x08002004                HAL_NVIC_SetPriority
 .text.HAL_NVIC_EnableIRQ
                0x08002074       0x1c build/stm32f1xx_hal_cortex.o
                0x08002074                HAL_NVIC_EnableIRQ
 .text.HAL_SYSTICK_Config
                0x08002090       0x28 build/stm32f1xx_hal_cortex.o
                0x08002090                HAL_SYSTICK_Config
 .text.UART_EndRxTransfer
                0x080020b8       0x5c build/stm32f1xx_hal_uart.o
 .text.UART_Transmit_IT
                0x08002114       0x60 build/stm32f1xx_hal_uart.o
 .text.UART_SetConfig
                0x08002174       0x94 build/stm32f1xx_hal_uart.o
 .text.UART_WaitOnFlagUntilTimeout
                0x08002208       0x86 build/stm32f1xx_hal_uart.o
 .text.HAL_UART_Init
                0x0800228e       0x60 build/stm32f1xx_hal_uart.o
                0x0800228e                HAL_UART_Init
 .text.HAL_UART_Transmit
                0x080022ee       0xcc build/stm32f1xx_hal_uart.o
                0x080022ee                HAL_UART_Transmit
 .text.HAL_UART_TxCpltCallback
                0x080023ba        0x2 build/stm32f1xx_hal_uart.o
                0x080023ba                HAL_UART_TxCpltCallback
 .text.UART_EndTransmit_IT
                0x080023bc       0x1a build/stm32f1xx_hal_uart.o
 .text.HAL_UART_RxCpltCallback
                0x080023d6        0x2 build/stm32f1xx_hal_uart.o
                0x080023d6                HAL_UART_RxCpltCallback
 .text.HAL_UART_ErrorCallback
                0x080023d8        0x2 build/stm32f1xx_hal_uart.o
                0x080023d8                HAL_UART_ErrorCallback
 .text.UART_DMAAbortOnError
                0x080023da       0x10 build/stm32f1xx_hal_uart.o
 .text.HAL_UARTEx_RxEventCallback
                0x080023ea        0x2 build/stm32f1xx_hal_uart.o
                0x080023ea                HAL_UARTEx_RxEventCallback
 .text.UART_Receive_IT
                0x080023ec       0xe6 build/stm32f1xx_hal_uart.o
 *fill*         0x080024d2        0x2 
 .text.HAL_UART_IRQHandler
                0x080024d4      0x288 build/stm32f1xx_hal_uart.o
                0x080024d4                HAL_UART_IRQHandler
 .text.UART_Start_Receive_IT
                0x0800275c       0x36 build/stm32f1xx_hal_uart.o
                0x0800275c                UART_Start_Receive_IT
 .text.HAL_UART_Receive_IT
                0x08002792       0x26 build/stm32f1xx_hal_uart.o
                0x08002792                HAL_UART_Receive_IT
 .text.SystemInit
                0x080027b8        0x2 build/system_stm32f1xx.o
                0x080027b8                SystemInit
 *fill*         0x080027ba        0x2 
 .text.Reset_Handler
                0x080027bc       0x48 build/startup_stm32f103xb.o
                0x080027bc                Reset_Handler
 .text.Default_Handler
                0x08002804        0x2 build/startup_stm32f103xb.o
                0x08002804                RTC_Alarm_IRQHandler
                0x08002804                EXTI2_IRQHandler
                0x08002804                TIM1_CC_IRQHandler
                0x08002804                PVD_IRQHandler
                0x08002804                EXTI3_IRQHandler
                0x08002804                EXTI0_IRQHandler
                0x08002804                I2C2_EV_IRQHandler
                0x08002804                ADC1_2_IRQHandler
                0x08002804                SPI1_IRQHandler
                0x08002804                TAMPER_IRQHandler
                0x08002804                DMA1_Channel4_IRQHandler
                0x08002804                USART3_IRQHandler
                0x08002804                RTC_IRQHandler
                0x08002804                DMA1_Channel7_IRQHandler
                0x08002804                CAN1_RX1_IRQHandler
                0x08002804                TIM4_IRQHandler
                0x08002804                I2C1_EV_IRQHandler
                0x08002804                DMA1_Channel6_IRQHandler
                0x08002804                TIM3_IRQHandler
                0x08002804                RCC_IRQHandler
                0x08002804                TIM1_TRG_COM_IRQHandler
                0x08002804                DMA1_Channel1_IRQHandler
                0x08002804                Default_Handler
                0x08002804                EXTI15_10_IRQHandler
                0x08002804                EXTI9_5_IRQHandler
                0x08002804                SPI2_IRQHandler
                0x08002804                DMA1_Channel5_IRQHandler
                0x08002804                EXTI4_IRQHandler
                0x08002804                USB_LP_CAN1_RX0_IRQHandler
                0x08002804                USB_HP_CAN1_TX_IRQHandler
                0x08002804                DMA1_Channel3_IRQHandler
                0x08002804                TIM1_UP_IRQHandler
                0x08002804                WWDG_IRQHandler
                0x08002804                TIM2_IRQHandler
                0x08002804                TIM1_BRK_IRQHandler
                0x08002804                EXTI1_IRQHandler
                0x08002804                USART2_IRQHandler
                0x08002804                I2C2_ER_IRQHandler
                0x08002804                DMA1_Channel2_IRQHandler
                0x08002804                CAN1_SCE_IRQHandler
                0x08002804                FLASH_IRQHandler
                0x08002804                I2C1_ER_IRQHandler
                0x08002804                USBWakeUp_IRQHandler
 *fill*         0x08002806        0x2 
 .text.__libc_init_array
                0x08002808       0x48 d:/arm-gcc/gcc/bin/../lib/gcc/arm-none-eabi/11.2.1/thumb/v7-m/nofp\libc_nano.a(lib_a-init.o)
                0x08002808                __libc_init_array
 .text.memset   0x08002850       0x10 d:/arm-gcc/gcc/bin/../lib/gcc/arm-none-eabi/11.2.1/thumb/v7-m/nofp\libc_nano.a(lib_a-memset.o)
                0x08002850                memset
 .text.sprintf  0x08002860       0x40 d:/arm-gcc/gcc/bin/../lib/gcc/arm-none-eabi/11.2.1/thumb/v7-m/nofp\libc_nano.a(lib_a-sprintf.o)
                0x08002860                siprintf
                0x08002860                sprintf
 .text.__ssputs_r
                0x080028a0       0xb4 d:/arm-gcc/gcc/bin/../lib/gcc/arm-none-eabi/11.2.1/thumb/v7-m/nofp\libc_nano.a(lib_a-nano-svfprintf.o)
                0x080028a0                __ssputs_r
 .text._svfprintf_r
                0x08002954      0x1fc d:/arm-gcc/gcc/bin/../lib/gcc/arm-none-eabi/11.2.1/thumb/v7-m/nofp\libc_nano.a(lib_a-nano-svfprintf.o)
                0x08002954                _svfiprintf_r
                0x08002954                _svfprintf_r
 .text._printf_common
                0x08002b50       0xe4 d:/arm-gcc/gcc/bin/../lib/gcc/arm-none-eabi/11.2.1/thumb/v7-m/nofp\libc_nano.a(lib_a-nano-vfprintf_i.o)
                0x08002b50                _printf_common
 .text._printf_i
                0x08002c34      0x244 d:/arm-gcc/gcc/bin/../lib/gcc/arm-none-eabi/11.2.1/thumb/v7-m/nofp\libc_nano.a(lib_a-nano-vfprintf_i.o)
                0x08002c34                _printf_i
 .text.memchr   0x08002e78       0x1c d:/arm-gcc/gcc/bin/../lib/gcc/arm-none-eabi/11.2.1/thumb/v7-m/nofp\libc_nano.a(lib_a-memchr-stub.o)
                0x08002e78                memchr
 .text.memcpy   0x08002e94       0x1c d:/arm-gcc/gcc/bin/../lib/gcc/arm-none-eabi/11.2.1/thumb/v7-m/nofp\libc_nano.a(lib_a-memcpy-stub.o)
                0x08002e94                memcpy
 .text.memmove  0x08002eb0       0x34 d:/arm-gcc/gcc/bin/../lib/gcc/arm-none-eabi/11.2.1/thumb/v7-m/nofp\libc_nano.a(lib_a-memmove.o)
                0x08002eb0                memmove
 .text._free_r  0x08002ee4       0x90 d:/arm-gcc/gcc/bin/../lib/gcc/arm-none-eabi/11.2.1/thumb/v7-m/nofp\libc_nano.a(lib_a-nano-freer.o)
                0x08002ee4                _free_r
 .text.sbrk_aligned
                0x08002f74       0x40 d:/arm-gcc/gcc/bin/../lib/gcc/arm-none-eabi/11.2.1/thumb/v7-m/nofp\libc_nano.a(lib_a-nano-mallocr.o)
 .text._malloc_r
                0x08002fb4       0xe8 d:/arm-gcc/gcc/bin/../lib/gcc/arm-none-eabi/11.2.1/thumb/v7-m/nofp\libc_nano.a(lib_a-nano-mallocr.o)
                0x08002fb4                _malloc_r
 .text._realloc_r
                0x0800309c       0x5e d:/arm-gcc/gcc/bin/../lib/gcc/arm-none-eabi/11.2.1/thumb/v7-m/nofp\libc_nano.a(lib_a-nano-reallocr.o)
                0x0800309c                _realloc_r
 *fill*         0x080030fa        0x2 
 .text._sbrk_r  0x080030fc       0x20 d:/arm-gcc/gcc/bin/../lib/gcc/arm-none-eabi/11.2.1/thumb/v7-m/nofp\libc_nano.a(lib_a-sbrkr.o)
                0x080030fc                _sbrk_r
 .text.__malloc_lock
                0x0800311c        0x2 d:/arm-gcc/gcc/bin/../lib/gcc/arm-none-eabi/11.2.1/thumb/v7-m/nofp\libc_nano.a(lib_a-mlock.o)
                0x0800311c                __malloc_lock
 .text.__malloc_unlock
                0x0800311e        0x2 d:/arm-gcc/gcc/bin/../lib/gcc/arm-none-eabi/11.2.1/thumb/v7-m/nofp\libc_nano.a(lib_a-mlock.o)
                0x0800311e                __malloc_unlock
 .text._malloc_usable_size_r
                0x08003120       0x10 d:/arm-gcc/gcc/bin/../lib/gcc/arm-none-eabi/11.2.1/thumb/v7-m/nofp\libc_nano.a(lib_a-nano-msizer.o)
                0x08003120                _malloc_usable_size_r
 .text._sbrk    0x08003130       0x1c d:/arm-gcc/gcc/bin/../lib/gcc/arm-none-eabi/11.2.1/thumb/v7-m/nofp\libnosys.a(sbrk.o)
                0x08003130                _sbrk
 *(.glue_7)
 .glue_7        0x0800314c        0x0 linker stubs
 *(.glue_7t)
 .glue_7t       0x0800314c        0x0 linker stubs
 *(.eh_frame)
 .eh_frame      0x0800314c        0x0 d:/arm-gcc/gcc/bin/../lib/gcc/arm-none-eabi/11.2.1/thumb/v7-m/nofp/crtbegin.o
 *(.init)
 .init          0x0800314c        0x4 d:/arm-gcc/gcc/bin/../lib/gcc/arm-none-eabi/11.2.1/thumb/v7-m/nofp/crti.o
                0x0800314c                _init
 .init          0x08003150        0x8 d:/arm-gcc/gcc/bin/../lib/gcc/arm-none-eabi/11.2.1/thumb/v7-m/nofp/crtn.o
 *(.fini)
 .fini          0x08003158        0x4 d:/arm-gcc/gcc/bin/../lib/gcc/arm-none-eabi/11.2.1/thumb/v7-m/nofp/crti.o
                0x08003158                _fini
 .fini          0x0800315c        0x8 d:/arm-gcc/gcc/bin/../lib/gcc/arm-none-eabi/11.2.1/thumb/v7-m/nofp/crtn.o
                0x08003164                . = ALIGN (0x4)
                0x08003164                _etext = .

.vfp11_veneer   0x08003164        0x0
 .vfp11_veneer  0x08003164        0x0 linker stubs

.v4_bx          0x08003164        0x0
 .v4_bx         0x08003164        0x0 linker stubs

.iplt           0x08003164        0x0
 .iplt          0x08003164        0x0 d:/arm-gcc/gcc/bin/../lib/gcc/arm-none-eabi/11.2.1/thumb/v7-m/nofp/crtbegin.o

.rodata         0x08003164      0x160
                0x08003164                . = ALIGN (0x4)
 *(.rodata)
 .rodata        0x08003164        0x3 build/main.o
 *(.rodata*)
 *fill*         0x08003167        0x1 
 .rodata.check_len_data.str1.4
                0x08003168       0x2f build/main.o
 *fill*         0x08003197        0x1 
 .rodata.check_form_data.str1.4
                0x08003198       0x15 build/main.o
 *fill*         0x080031ad        0x3 
 .rodata.is_valid_date.str1.4
                0x080031b0       0x37 build/main.o
 *fill*         0x080031e7        0x1 
 .rodata.is_valid_time.str1.4
                0x080031e8       0x44 build/main.o
 .rodata.main.str1.4
                0x0800322c       0x38 build/main.o
 .rodata.aPLLMULFactorTable.1
                0x08003264       0x10 build/stm32f1xx_hal_rcc.o
 .rodata.aPredivFactorTable.0
                0x08003274        0x2 build/stm32f1xx_hal_rcc.o
 *fill*         0x08003276        0x2 
 .rodata.AHBPrescTable
                0x08003278       0x10 build/system_stm32f1xx.o
                0x08003278                AHBPrescTable
 .rodata.APBPrescTable
                0x08003288        0x8 build/system_stm32f1xx.o
                0x08003288                APBPrescTable
 .rodata._svfprintf_r.str1.1
                0x08003290       0x11 d:/arm-gcc/gcc/bin/../lib/gcc/arm-none-eabi/11.2.1/thumb/v7-m/nofp\libc_nano.a(lib_a-nano-svfprintf.o)
 .rodata._printf_i.str1.1
                0x080032a1       0x22 d:/arm-gcc/gcc/bin/../lib/gcc/arm-none-eabi/11.2.1/thumb/v7-m/nofp\libc_nano.a(lib_a-nano-vfprintf_i.o)
                0x080032c4                . = ALIGN (0x4)
 *fill*         0x080032c3        0x1 

.rel.dyn        0x080032c4        0x0
 .rel.iplt      0x080032c4        0x0 d:/arm-gcc/gcc/bin/../lib/gcc/arm-none-eabi/11.2.1/thumb/v7-m/nofp/crtbegin.o

.ARM.extab
 *(.ARM.extab* .gnu.linkonce.armextab.*)

.ARM            0x080032c4        0x0
                0x080032c4                __exidx_start = .
 *(.ARM.exidx*)
                0x080032c4                __exidx_end = .

.preinit_array  0x080032c4        0x0
                0x080032c4                PROVIDE (__preinit_array_start = .)
 *(.preinit_array*)
                0x080032c4                PROVIDE (__preinit_array_end = .)

.init_array     0x080032c4        0x4
                0x080032c4                PROVIDE (__init_array_start = .)
 *(SORT_BY_NAME(.init_array.*))
 *(.init_array*)
 .init_array    0x080032c4        0x4 d:/arm-gcc/gcc/bin/../lib/gcc/arm-none-eabi/11.2.1/thumb/v7-m/nofp/crtbegin.o
                0x080032c8                PROVIDE (__init_array_end = .)

.fini_array     0x080032c8        0x4
                [!provide]                PROVIDE (__fini_array_start = .)
 *(SORT_BY_NAME(.fini_array.*))
 *(.fini_array*)
 .fini_array    0x080032c8        0x4 d:/arm-gcc/gcc/bin/../lib/gcc/arm-none-eabi/11.2.1/thumb/v7-m/nofp/crtbegin.o
                [!provide]                PROVIDE (__fini_array_end = .)
                0x080032cc                _sidata = LOADADDR (.data)

.data           0x20000000       0x70 load address 0x080032cc
                0x20000000                . = ALIGN (0x4)
                0x20000000                _sdata = .
 *(.data)
 *(.data*)
 .data.uwTickFreq
                0x20000000        0x1 build/stm32f1xx_hal.o
                0x20000000                uwTickFreq
 *fill*         0x20000001        0x3 
 .data.uwTickPrio
                0x20000004        0x4 build/stm32f1xx_hal.o
                0x20000004                uwTickPrio
 .data.SystemCoreClock
                0x20000008        0x4 build/system_stm32f1xx.o
                0x20000008                SystemCoreClock
 .data._impure_ptr
                0x2000000c        0x4 d:/arm-gcc/gcc/bin/../lib/gcc/arm-none-eabi/11.2.1/thumb/v7-m/nofp\libc_nano.a(lib_a-impure.o)
                0x2000000c                _impure_ptr
 .data.impure_data
                0x20000010       0x60 d:/arm-gcc/gcc/bin/../lib/gcc/arm-none-eabi/11.2.1/thumb/v7-m/nofp\libc_nano.a(lib_a-impure.o)
                0x20000070                . = ALIGN (0x4)
                0x20000070                _edata = .

.tm_clone_table
                0x20000070        0x0 load address 0x0800333c
 .tm_clone_table
                0x20000070        0x0 d:/arm-gcc/gcc/bin/../lib/gcc/arm-none-eabi/11.2.1/thumb/v7-m/nofp/crtbegin.o
 .tm_clone_table
                0x20000070        0x0 d:/arm-gcc/gcc/bin/../lib/gcc/arm-none-eabi/11.2.1/thumb/v7-m/nofp/crtend.o

.igot.plt       0x20000070        0x0 load address 0x0800333c
 .igot.plt      0x20000070        0x0 d:/arm-gcc/gcc/bin/../lib/gcc/arm-none-eabi/11.2.1/thumb/v7-m/nofp/crtbegin.o
                0x20000070                . = ALIGN (0x4)

.bss            0x20000070      0x118 load address 0x0800333c
                0x20000070                _sbss = .
                0x20000070                __bss_start__ = _sbss
 *(.bss)
 *(.bss*)
 .bss.completed.1
                0x20000070        0x1 d:/arm-gcc/gcc/bin/../lib/gcc/arm-none-eabi/11.2.1/thumb/v7-m/nofp/crtbegin.o
 *fill*         0x20000071        0x3 
 .bss.object.0  0x20000074       0x18 d:/arm-gcc/gcc/bin/../lib/gcc/arm-none-eabi/11.2.1/thumb/v7-m/nofp/crtbegin.o
 .bss.IT_flag   0x2000008c        0x1 build/main.o
                0x2000008c                IT_flag
 *fill*         0x2000008d        0x3 
 .bss.data_buffer
                0x20000090        0x9 build/main.o
                0x20000090                data_buffer
 .bss.data_receive
                0x20000099        0x1 build/main.o
                0x20000099                data_receive
 *fill*         0x2000009a        0x2 
 .bss.hi2c1     0x2000009c       0x54 build/main.o
                0x2000009c                hi2c1
 .bss.huart1    0x200000f0       0x48 build/main.o
                0x200000f0                huart1
 .bss.last_time_IT
                0x20000138        0x4 build/main.o
                0x20000138                last_time_IT
 .bss.res       0x2000013c       0x32 build/main.o
                0x2000013c                res
 *fill*         0x2000016e        0x2 
 .bss.rx_index  0x20000170        0x4 build/main.o
                0x20000170                rx_index
 .bss.uwTick    0x20000174        0x4 build/stm32f1xx_hal.o
                0x20000174                uwTick
 .bss.__malloc_free_list
                0x20000178        0x4 d:/arm-gcc/gcc/bin/../lib/gcc/arm-none-eabi/11.2.1/thumb/v7-m/nofp\libc_nano.a(lib_a-nano-mallocr.o)
                0x20000178                __malloc_free_list
 .bss.__malloc_sbrk_start
                0x2000017c        0x4 d:/arm-gcc/gcc/bin/../lib/gcc/arm-none-eabi/11.2.1/thumb/v7-m/nofp\libc_nano.a(lib_a-nano-mallocr.o)
                0x2000017c                __malloc_sbrk_start
 .bss.errno     0x20000180        0x4 d:/arm-gcc/gcc/bin/../lib/gcc/arm-none-eabi/11.2.1/thumb/v7-m/nofp\libc_nano.a(lib_a-reent.o)
                0x20000180                errno
 .bss.heap_end.0
                0x20000184        0x4 d:/arm-gcc/gcc/bin/../lib/gcc/arm-none-eabi/11.2.1/thumb/v7-m/nofp\libnosys.a(sbrk.o)
 *(COMMON)
                0x20000188                . = ALIGN (0x4)
                0x20000188                _ebss = .
                0x20000188                __bss_end__ = _ebss

._user_heap_stack
                0x20000188      0x600 load address 0x0800333c
                0x20000188                . = ALIGN (0x8)
                0x20000188                PROVIDE (end = .)
                [!provide]                PROVIDE (_end = .)
                0x20000388                . = (. + _Min_Heap_Size)
 *fill*         0x20000188      0x200 
                0x20000788                . = (. + _Min_Stack_Size)
 *fill*         0x20000388      0x400 
                0x20000788                . = ALIGN (0x8)

/DISCARD/
 libc.a(*)
 libm.a(*)
 libgcc.a(*)

.ARM.attributes
                0x00000000       0x29
 *(.ARM.attributes)
 .ARM.attributes
                0x00000000       0x1d d:/arm-gcc/gcc/bin/../lib/gcc/arm-none-eabi/11.2.1/thumb/v7-m/nofp/crti.o
 .ARM.attributes
                0x0000001d       0x2d d:/arm-gcc/gcc/bin/../lib/gcc/arm-none-eabi/11.2.1/thumb/v7-m/nofp/crtbegin.o
 .ARM.attributes
                0x0000004a       0x2d build/main.o
 .ARM.attributes
                0x00000077       0x2d build/stm32f1xx_it.o
 .ARM.attributes
                0x000000a4       0x2d build/stm32f1xx_hal_msp.o
 .ARM.attributes
                0x000000d1       0x2d build/stm32f1xx_hal_i2c.o
 .ARM.attributes
                0x000000fe       0x2d build/stm32f1xx_hal.o
 .ARM.attributes
                0x0000012b       0x2d build/stm32f1xx_hal_rcc.o
 .ARM.attributes
                0x00000158       0x2d build/stm32f1xx_hal_gpio.o
 .ARM.attributes
                0x00000185       0x2d build/stm32f1xx_hal_dma.o
 .ARM.attributes
                0x000001b2       0x2d build/stm32f1xx_hal_cortex.o
 .ARM.attributes
                0x000001df       0x2d build/stm32f1xx_hal_uart.o
 .ARM.attributes
                0x0000020c       0x2d build/system_stm32f1xx.o
 .ARM.attributes
                0x00000239       0x21 build/startup_stm32f103xb.o
 .ARM.attributes
                0x0000025a       0x2d d:/arm-gcc/gcc/bin/../lib/gcc/arm-none-eabi/11.2.1/thumb/v7-m/nofp\libc_nano.a(lib_a-impure.o)
 .ARM.attributes
                0x00000287       0x2d d:/arm-gcc/gcc/bin/../lib/gcc/arm-none-eabi/11.2.1/thumb/v7-m/nofp\libc_nano.a(lib_a-init.o)
 .ARM.attributes
                0x000002b4       0x2d d:/arm-gcc/gcc/bin/../lib/gcc/arm-none-eabi/11.2.1/thumb/v7-m/nofp\libc_nano.a(lib_a-memset.o)
 .ARM.attributes
                0x000002e1       0x2d d:/arm-gcc/gcc/bin/../lib/gcc/arm-none-eabi/11.2.1/thumb/v7-m/nofp\libc_nano.a(lib_a-sprintf.o)
 .ARM.attributes
                0x0000030e       0x17 d:/arm-gcc/gcc/bin/../lib/gcc/arm-none-eabi/11.2.1/thumb/v7-m/nofp\libc_nano.a(lib_a-strlen.o)
 .ARM.attributes
                0x00000325       0x2d d:/arm-gcc/gcc/bin/../lib/gcc/arm-none-eabi/11.2.1/thumb/v7-m/nofp\libc_nano.a(lib_a-nano-svfprintf.o)
 .ARM.attributes
                0x00000352       0x2d d:/arm-gcc/gcc/bin/../lib/gcc/arm-none-eabi/11.2.1/thumb/v7-m/nofp\libc_nano.a(lib_a-nano-vfprintf_i.o)
 .ARM.attributes
                0x0000037f       0x2d d:/arm-gcc/gcc/bin/../lib/gcc/arm-none-eabi/11.2.1/thumb/v7-m/nofp\libc_nano.a(lib_a-memchr-stub.o)
 .ARM.attributes
                0x000003ac       0x2d d:/arm-gcc/gcc/bin/../lib/gcc/arm-none-eabi/11.2.1/thumb/v7-m/nofp\libc_nano.a(lib_a-memcpy-stub.o)
 .ARM.attributes
                0x000003d9       0x2d d:/arm-gcc/gcc/bin/../lib/gcc/arm-none-eabi/11.2.1/thumb/v7-m/nofp\libc_nano.a(lib_a-memmove.o)
 .ARM.attributes
                0x00000406       0x2d d:/arm-gcc/gcc/bin/../lib/gcc/arm-none-eabi/11.2.1/thumb/v7-m/nofp\libc_nano.a(lib_a-nano-freer.o)
 .ARM.attributes
                0x00000433       0x2d d:/arm-gcc/gcc/bin/../lib/gcc/arm-none-eabi/11.2.1/thumb/v7-m/nofp\libc_nano.a(lib_a-nano-mallocr.o)
 .ARM.attributes
                0x00000460       0x2d d:/arm-gcc/gcc/bin/../lib/gcc/arm-none-eabi/11.2.1/thumb/v7-m/nofp\libc_nano.a(lib_a-nano-reallocr.o)
 .ARM.attributes
                0x0000048d       0x2d d:/arm-gcc/gcc/bin/../lib/gcc/arm-none-eabi/11.2.1/thumb/v7-m/nofp\libc_nano.a(lib_a-sbrkr.o)
 .ARM.attributes
                0x000004ba       0x2d d:/arm-gcc/gcc/bin/../lib/gcc/arm-none-eabi/11.2.1/thumb/v7-m/nofp\libc_nano.a(lib_a-mlock.o)
 .ARM.attributes
                0x000004e7       0x2d d:/arm-gcc/gcc/bin/../lib/gcc/arm-none-eabi/11.2.1/thumb/v7-m/nofp\libc_nano.a(lib_a-nano-msizer.o)
 .ARM.attributes
                0x00000514       0x2d d:/arm-gcc/gcc/bin/../lib/gcc/arm-none-eabi/11.2.1/thumb/v7-m/nofp\libc_nano.a(lib_a-reent.o)
 .ARM.attributes
                0x00000541       0x2d d:/arm-gcc/gcc/bin/../lib/gcc/arm-none-eabi/11.2.1/thumb/v7-m/nofp\libnosys.a(sbrk.o)
 .ARM.attributes
                0x0000056e       0x2d d:/arm-gcc/gcc/bin/../lib/gcc/arm-none-eabi/11.2.1/thumb/v7-m/nofp/crtend.o
 .ARM.attributes
                0x0000059b       0x1d d:/arm-gcc/gcc/bin/../lib/gcc/arm-none-eabi/11.2.1/thumb/v7-m/nofp/crtn.o
OUTPUT(build/I2Cf103.elf elf32-littlearm)
LOAD linker stubs
LOAD d:/arm-gcc/gcc/bin/../lib/gcc/arm-none-eabi/11.2.1/thumb/v7-m/nofp\libc.a
LOAD d:/arm-gcc/gcc/bin/../lib/gcc/arm-none-eabi/11.2.1/thumb/v7-m/nofp\libm.a
LOAD d:/arm-gcc/gcc/bin/../lib/gcc/arm-none-eabi/11.2.1/thumb/v7-m/nofp\libgcc.a

.comment        0x00000000       0x57
 .comment       0x00000000       0x57 d:/arm-gcc/gcc/bin/../lib/gcc/arm-none-eabi/11.2.1/thumb/v7-m/nofp/crtbegin.o
                                 0x58 (size before relaxing)
 .comment       0x00000057       0x58 build/main.o
 .comment       0x00000057       0x58 build/stm32f1xx_it.o
 .comment       0x00000057       0x58 build/stm32f1xx_hal_msp.o
 .comment       0x00000057       0x58 build/stm32f1xx_hal_i2c.o
 .comment       0x00000057       0x58 build/stm32f1xx_hal.o
 .comment       0x00000057       0x58 build/stm32f1xx_hal_rcc.o
 .comment       0x00000057       0x58 build/stm32f1xx_hal_gpio.o
 .comment       0x00000057       0x58 build/stm32f1xx_hal_dma.o
 .comment       0x00000057       0x58 build/stm32f1xx_hal_cortex.o
 .comment       0x00000057       0x58 build/stm32f1xx_hal_uart.o
 .comment       0x00000057       0x58 build/system_stm32f1xx.o
 .comment       0x00000057       0x58 d:/arm-gcc/gcc/bin/../lib/gcc/arm-none-eabi/11.2.1/thumb/v7-m/nofp\libc_nano.a(lib_a-impure.o)
 .comment       0x00000057       0x58 d:/arm-gcc/gcc/bin/../lib/gcc/arm-none-eabi/11.2.1/thumb/v7-m/nofp\libc_nano.a(lib_a-init.o)
 .comment       0x00000057       0x58 d:/arm-gcc/gcc/bin/../lib/gcc/arm-none-eabi/11.2.1/thumb/v7-m/nofp\libc_nano.a(lib_a-memset.o)
 .comment       0x00000057       0x58 d:/arm-gcc/gcc/bin/../lib/gcc/arm-none-eabi/11.2.1/thumb/v7-m/nofp\libc_nano.a(lib_a-sprintf.o)
 .comment       0x00000057       0x58 d:/arm-gcc/gcc/bin/../lib/gcc/arm-none-eabi/11.2.1/thumb/v7-m/nofp\libc_nano.a(lib_a-nano-svfprintf.o)
 .comment       0x00000057       0x58 d:/arm-gcc/gcc/bin/../lib/gcc/arm-none-eabi/11.2.1/thumb/v7-m/nofp\libc_nano.a(lib_a-nano-vfprintf_i.o)
 .comment       0x00000057       0x58 d:/arm-gcc/gcc/bin/../lib/gcc/arm-none-eabi/11.2.1/thumb/v7-m/nofp\libc_nano.a(lib_a-memchr-stub.o)
 .comment       0x00000057       0x58 d:/arm-gcc/gcc/bin/../lib/gcc/arm-none-eabi/11.2.1/thumb/v7-m/nofp\libc_nano.a(lib_a-memcpy-stub.o)
 .comment       0x00000057       0x58 d:/arm-gcc/gcc/bin/../lib/gcc/arm-none-eabi/11.2.1/thumb/v7-m/nofp\libc_nano.a(lib_a-memmove.o)
 .comment       0x00000057       0x58 d:/arm-gcc/gcc/bin/../lib/gcc/arm-none-eabi/11.2.1/thumb/v7-m/nofp\libc_nano.a(lib_a-nano-freer.o)
 .comment       0x00000057       0x58 d:/arm-gcc/gcc/bin/../lib/gcc/arm-none-eabi/11.2.1/thumb/v7-m/nofp\libc_nano.a(lib_a-nano-mallocr.o)
 .comment       0x00000057       0x58 d:/arm-gcc/gcc/bin/../lib/gcc/arm-none-eabi/11.2.1/thumb/v7-m/nofp\libc_nano.a(lib_a-nano-reallocr.o)
 .comment       0x00000057       0x58 d:/arm-gcc/gcc/bin/../lib/gcc/arm-none-eabi/11.2.1/thumb/v7-m/nofp\libc_nano.a(lib_a-sbrkr.o)
 .comment       0x00000057       0x58 d:/arm-gcc/gcc/bin/../lib/gcc/arm-none-eabi/11.2.1/thumb/v7-m/nofp\libc_nano.a(lib_a-mlock.o)
 .comment       0x00000057       0x58 d:/arm-gcc/gcc/bin/../lib/gcc/arm-none-eabi/11.2.1/thumb/v7-m/nofp\libc_nano.a(lib_a-nano-msizer.o)
 .comment       0x00000057       0x58 d:/arm-gcc/gcc/bin/../lib/gcc/arm-none-eabi/11.2.1/thumb/v7-m/nofp\libc_nano.a(lib_a-reent.o)
 .comment       0x00000057       0x58 d:/arm-gcc/gcc/bin/../lib/gcc/arm-none-eabi/11.2.1/thumb/v7-m/nofp\libnosys.a(sbrk.o)
 .comment       0x00000057       0x58 d:/arm-gcc/gcc/bin/../lib/gcc/arm-none-eabi/11.2.1/thumb/v7-m/nofp/crtend.o

.debug_info     0x00000000    0x15a8d
 .debug_info    0x00000000     0x1d6f build/main.o
 .debug_info    0x00001d6f      0x7ed build/stm32f1xx_it.o
 .debug_info    0x0000255c      0xf49 build/stm32f1xx_hal_msp.o
 .debug_info    0x000034a5     0x3cdf build/stm32f1xx_hal_i2c.o
 .debug_info    0x00007184      0x880 build/stm32f1xx_hal.o
 .debug_info    0x00007a04      0xb10 build/stm32f1xx_hal_rcc.o
 .debug_info    0x00008514      0x6d7 build/stm32f1xx_hal_gpio.o
 .debug_info    0x00008beb      0x8bd build/stm32f1xx_hal_dma.o
 .debug_info    0x000094a8      0xe33 build/stm32f1xx_hal_cortex.o
 .debug_info    0x0000a2db     0x42de build/stm32f1xx_hal_uart.o
 .debug_info    0x0000e5b9      0x26e build/system_stm32f1xx.o
 .debug_info    0x0000e827       0x22 build/startup_stm32f103xb.o
 .debug_info    0x0000e849      0x7fc d:/arm-gcc/gcc/bin/../lib/gcc/arm-none-eabi/11.2.1/thumb/v7-m/nofp\libc_nano.a(lib_a-impure.o)
 .debug_info    0x0000f045      0x10b d:/arm-gcc/gcc/bin/../lib/gcc/arm-none-eabi/11.2.1/thumb/v7-m/nofp\libc_nano.a(lib_a-init.o)
 .debug_info    0x0000f150       0xe0 d:/arm-gcc/gcc/bin/../lib/gcc/arm-none-eabi/11.2.1/thumb/v7-m/nofp\libc_nano.a(lib_a-memset.o)
 .debug_info    0x0000f230      0x8d5 d:/arm-gcc/gcc/bin/../lib/gcc/arm-none-eabi/11.2.1/thumb/v7-m/nofp\libc_nano.a(lib_a-sprintf.o)
 .debug_info    0x0000fb05       0x24 d:/arm-gcc/gcc/bin/../lib/gcc/arm-none-eabi/11.2.1/thumb/v7-m/nofp\libc_nano.a(lib_a-strlen.o)
 .debug_info    0x0000fb29     0x111a d:/arm-gcc/gcc/bin/../lib/gcc/arm-none-eabi/11.2.1/thumb/v7-m/nofp\libc_nano.a(lib_a-nano-svfprintf.o)
 .debug_info    0x00010c43      0xe38 d:/arm-gcc/gcc/bin/../lib/gcc/arm-none-eabi/11.2.1/thumb/v7-m/nofp\libc_nano.a(lib_a-nano-vfprintf_i.o)
 .debug_info    0x00011a7b      0x110 d:/arm-gcc/gcc/bin/../lib/gcc/arm-none-eabi/11.2.1/thumb/v7-m/nofp\libc_nano.a(lib_a-memchr-stub.o)
 .debug_info    0x00011b8b      0x121 d:/arm-gcc/gcc/bin/../lib/gcc/arm-none-eabi/11.2.1/thumb/v7-m/nofp\libc_nano.a(lib_a-memcpy-stub.o)
 .debug_info    0x00011cac      0x10f d:/arm-gcc/gcc/bin/../lib/gcc/arm-none-eabi/11.2.1/thumb/v7-m/nofp\libc_nano.a(lib_a-memmove.o)
 .debug_info    0x00011dbb      0x8a1 d:/arm-gcc/gcc/bin/../lib/gcc/arm-none-eabi/11.2.1/thumb/v7-m/nofp\libc_nano.a(lib_a-nano-freer.o)
 .debug_info    0x0001265c      0xa12 d:/arm-gcc/gcc/bin/../lib/gcc/arm-none-eabi/11.2.1/thumb/v7-m/nofp\libc_nano.a(lib_a-nano-mallocr.o)
 .debug_info    0x0001306e      0x91d d:/arm-gcc/gcc/bin/../lib/gcc/arm-none-eabi/11.2.1/thumb/v7-m/nofp\libc_nano.a(lib_a-nano-reallocr.o)
 .debug_info    0x0001398b      0x7d2 d:/arm-gcc/gcc/bin/../lib/gcc/arm-none-eabi/11.2.1/thumb/v7-m/nofp\libc_nano.a(lib_a-sbrkr.o)
 .debug_info    0x0001415d      0x77c d:/arm-gcc/gcc/bin/../lib/gcc/arm-none-eabi/11.2.1/thumb/v7-m/nofp\libc_nano.a(lib_a-mlock.o)
 .debug_info    0x000148d9      0x7ea d:/arm-gcc/gcc/bin/../lib/gcc/arm-none-eabi/11.2.1/thumb/v7-m/nofp\libc_nano.a(lib_a-nano-msizer.o)
 .debug_info    0x000150c3      0x92c d:/arm-gcc/gcc/bin/../lib/gcc/arm-none-eabi/11.2.1/thumb/v7-m/nofp\libc_nano.a(lib_a-reent.o)
 .debug_info    0x000159ef       0x9e d:/arm-gcc/gcc/bin/../lib/gcc/arm-none-eabi/11.2.1/thumb/v7-m/nofp\libnosys.a(sbrk.o)

.debug_abbrev   0x00000000     0x372f
 .debug_abbrev  0x00000000      0x3b0 build/main.o
 .debug_abbrev  0x000003b0      0x1d4 build/stm32f1xx_it.o
 .debug_abbrev  0x00000584      0x1f3 build/stm32f1xx_hal_msp.o
 .debug_abbrev  0x00000777      0x31e build/stm32f1xx_hal_i2c.o
 .debug_abbrev  0x00000a95      0x232 build/stm32f1xx_hal.o
 .debug_abbrev  0x00000cc7      0x2d6 build/stm32f1xx_hal_rcc.o
 .debug_abbrev  0x00000f9d      0x222 build/stm32f1xx_hal_gpio.o
 .debug_abbrev  0x000011bf      0x261 build/stm32f1xx_hal_dma.o
 .debug_abbrev  0x00001420      0x348 build/stm32f1xx_hal_cortex.o
 .debug_abbrev  0x00001768      0x35f build/stm32f1xx_hal_uart.o
 .debug_abbrev  0x00001ac7      0x140 build/system_stm32f1xx.o
 .debug_abbrev  0x00001c07       0x12 build/startup_stm32f103xb.o
 .debug_abbrev  0x00001c19      0x15a d:/arm-gcc/gcc/bin/../lib/gcc/arm-none-eabi/11.2.1/thumb/v7-m/nofp\libc_nano.a(lib_a-impure.o)
 .debug_abbrev  0x00001d73       0xc9 d:/arm-gcc/gcc/bin/../lib/gcc/arm-none-eabi/11.2.1/thumb/v7-m/nofp\libc_nano.a(lib_a-init.o)
 .debug_abbrev  0x00001e3c       0x9e d:/arm-gcc/gcc/bin/../lib/gcc/arm-none-eabi/11.2.1/thumb/v7-m/nofp\libc_nano.a(lib_a-memset.o)
 .debug_abbrev  0x00001eda      0x21c d:/arm-gcc/gcc/bin/../lib/gcc/arm-none-eabi/11.2.1/thumb/v7-m/nofp\libc_nano.a(lib_a-sprintf.o)
 .debug_abbrev  0x000020f6       0x14 d:/arm-gcc/gcc/bin/../lib/gcc/arm-none-eabi/11.2.1/thumb/v7-m/nofp\libc_nano.a(lib_a-strlen.o)
 .debug_abbrev  0x0000210a      0x315 d:/arm-gcc/gcc/bin/../lib/gcc/arm-none-eabi/11.2.1/thumb/v7-m/nofp\libc_nano.a(lib_a-nano-svfprintf.o)
 .debug_abbrev  0x0000241f      0x285 d:/arm-gcc/gcc/bin/../lib/gcc/arm-none-eabi/11.2.1/thumb/v7-m/nofp\libc_nano.a(lib_a-nano-vfprintf_i.o)
 .debug_abbrev  0x000026a4       0xb1 d:/arm-gcc/gcc/bin/../lib/gcc/arm-none-eabi/11.2.1/thumb/v7-m/nofp\libc_nano.a(lib_a-memchr-stub.o)
 .debug_abbrev  0x00002755       0xc1 d:/arm-gcc/gcc/bin/../lib/gcc/arm-none-eabi/11.2.1/thumb/v7-m/nofp\libc_nano.a(lib_a-memcpy-stub.o)
 .debug_abbrev  0x00002816       0xac d:/arm-gcc/gcc/bin/../lib/gcc/arm-none-eabi/11.2.1/thumb/v7-m/nofp\libc_nano.a(lib_a-memmove.o)
 .debug_abbrev  0x000028c2      0x236 d:/arm-gcc/gcc/bin/../lib/gcc/arm-none-eabi/11.2.1/thumb/v7-m/nofp\libc_nano.a(lib_a-nano-freer.o)
 .debug_abbrev  0x00002af8      0x24a d:/arm-gcc/gcc/bin/../lib/gcc/arm-none-eabi/11.2.1/thumb/v7-m/nofp\libc_nano.a(lib_a-nano-mallocr.o)
 .debug_abbrev  0x00002d42      0x217 d:/arm-gcc/gcc/bin/../lib/gcc/arm-none-eabi/11.2.1/thumb/v7-m/nofp\libc_nano.a(lib_a-nano-reallocr.o)
 .debug_abbrev  0x00002f59      0x1da d:/arm-gcc/gcc/bin/../lib/gcc/arm-none-eabi/11.2.1/thumb/v7-m/nofp\libc_nano.a(lib_a-sbrkr.o)
 .debug_abbrev  0x00003133      0x192 d:/arm-gcc/gcc/bin/../lib/gcc/arm-none-eabi/11.2.1/thumb/v7-m/nofp\libc_nano.a(lib_a-mlock.o)
 .debug_abbrev  0x000032c5      0x196 d:/arm-gcc/gcc/bin/../lib/gcc/arm-none-eabi/11.2.1/thumb/v7-m/nofp\libc_nano.a(lib_a-nano-msizer.o)
 .debug_abbrev  0x0000345b      0x233 d:/arm-gcc/gcc/bin/../lib/gcc/arm-none-eabi/11.2.1/thumb/v7-m/nofp\libc_nano.a(lib_a-reent.o)
 .debug_abbrev  0x0000368e       0xa1 d:/arm-gcc/gcc/bin/../lib/gcc/arm-none-eabi/11.2.1/thumb/v7-m/nofp\libnosys.a(sbrk.o)

.debug_loc      0x00000000     0xc9e5
 .debug_loc     0x00000000      0xc41 build/main.o
 .debug_loc     0x00000c41       0x40 build/stm32f1xx_it.o
 .debug_loc     0x00000c81      0x1f4 build/stm32f1xx_hal_msp.o
 .debug_loc     0x00000e75     0x4de4 build/stm32f1xx_hal_i2c.o
 .debug_loc     0x00005c59      0x1e1 build/stm32f1xx_hal.o
 .debug_loc     0x00005e3a      0x790 build/stm32f1xx_hal_rcc.o
 .debug_loc     0x000065ca      0x53c build/stm32f1xx_hal_gpio.o
 .debug_loc     0x00006b06      0x8fb build/stm32f1xx_hal_dma.o
 .debug_loc     0x00007401      0x80c build/stm32f1xx_hal_cortex.o
 .debug_loc     0x00007c0d     0x4cd9 build/stm32f1xx_hal_uart.o
 .debug_loc     0x0000c8e6       0xff build/system_stm32f1xx.o

.debug_aranges  0x00000000      0xbd0
 .debug_aranges
                0x00000000       0xe8 build/main.o
 .debug_aranges
                0x000000e8       0x68 build/stm32f1xx_it.o
 .debug_aranges
                0x00000150       0x40 build/stm32f1xx_hal_msp.o
 .debug_aranges
                0x00000190      0x2a8 build/stm32f1xx_hal_i2c.o
 .debug_aranges
                0x00000438       0xe0 build/stm32f1xx_hal.o
 .debug_aranges
                0x00000518       0x90 build/stm32f1xx_hal_rcc.o
 .debug_aranges
                0x000005a8       0x58 build/stm32f1xx_hal_gpio.o
 .debug_aranges
                0x00000600       0x80 build/stm32f1xx_hal_dma.o
 .debug_aranges
                0x00000680       0x90 build/stm32f1xx_hal_cortex.o
 .debug_aranges
                0x00000710      0x208 build/stm32f1xx_hal_uart.o
 .debug_aranges
                0x00000918       0x28 build/system_stm32f1xx.o
 .debug_aranges
                0x00000940       0x28 build/startup_stm32f103xb.o
 .debug_aranges
                0x00000968       0x18 d:/arm-gcc/gcc/bin/../lib/gcc/arm-none-eabi/11.2.1/thumb/v7-m/nofp\libc_nano.a(lib_a-impure.o)
 .debug_aranges
                0x00000980       0x20 d:/arm-gcc/gcc/bin/../lib/gcc/arm-none-eabi/11.2.1/thumb/v7-m/nofp\libc_nano.a(lib_a-init.o)
 .debug_aranges
                0x000009a0       0x20 d:/arm-gcc/gcc/bin/../lib/gcc/arm-none-eabi/11.2.1/thumb/v7-m/nofp\libc_nano.a(lib_a-memset.o)
 .debug_aranges
                0x000009c0       0x28 d:/arm-gcc/gcc/bin/../lib/gcc/arm-none-eabi/11.2.1/thumb/v7-m/nofp\libc_nano.a(lib_a-sprintf.o)
 .debug_aranges
                0x000009e8       0x20 d:/arm-gcc/gcc/bin/../lib/gcc/arm-none-eabi/11.2.1/thumb/v7-m/nofp\libc_nano.a(lib_a-strlen.o)
 .debug_aranges
                0x00000a08       0x30 d:/arm-gcc/gcc/bin/../lib/gcc/arm-none-eabi/11.2.1/thumb/v7-m/nofp\libc_nano.a(lib_a-nano-svfprintf.o)
 .debug_aranges
                0x00000a38       0x28 d:/arm-gcc/gcc/bin/../lib/gcc/arm-none-eabi/11.2.1/thumb/v7-m/nofp\libc_nano.a(lib_a-nano-vfprintf_i.o)
 .debug_aranges
                0x00000a60       0x20 d:/arm-gcc/gcc/bin/../lib/gcc/arm-none-eabi/11.2.1/thumb/v7-m/nofp\libc_nano.a(lib_a-memchr-stub.o)
 .debug_aranges
                0x00000a80       0x20 d:/arm-gcc/gcc/bin/../lib/gcc/arm-none-eabi/11.2.1/thumb/v7-m/nofp\libc_nano.a(lib_a-memcpy-stub.o)
 .debug_aranges
                0x00000aa0       0x20 d:/arm-gcc/gcc/bin/../lib/gcc/arm-none-eabi/11.2.1/thumb/v7-m/nofp\libc_nano.a(lib_a-memmove.o)
 .debug_aranges
                0x00000ac0       0x20 d:/arm-gcc/gcc/bin/../lib/gcc/arm-none-eabi/11.2.1/thumb/v7-m/nofp\libc_nano.a(lib_a-nano-freer.o)
 .debug_aranges
                0x00000ae0       0x28 d:/arm-gcc/gcc/bin/../lib/gcc/arm-none-eabi/11.2.1/thumb/v7-m/nofp\libc_nano.a(lib_a-nano-mallocr.o)
 .debug_aranges
                0x00000b08       0x20 d:/arm-gcc/gcc/bin/../lib/gcc/arm-none-eabi/11.2.1/thumb/v7-m/nofp\libc_nano.a(lib_a-nano-reallocr.o)
 .debug_aranges
                0x00000b28       0x20 d:/arm-gcc/gcc/bin/../lib/gcc/arm-none-eabi/11.2.1/thumb/v7-m/nofp\libc_nano.a(lib_a-sbrkr.o)
 .debug_aranges
                0x00000b48       0x20 d:/arm-gcc/gcc/bin/../lib/gcc/arm-none-eabi/11.2.1/thumb/v7-m/nofp\libc_nano.a(lib_a-mlock.o)
 .debug_aranges
                0x00000b68       0x20 d:/arm-gcc/gcc/bin/../lib/gcc/arm-none-eabi/11.2.1/thumb/v7-m/nofp\libc_nano.a(lib_a-nano-msizer.o)
 .debug_aranges
                0x00000b88       0x28 d:/arm-gcc/gcc/bin/../lib/gcc/arm-none-eabi/11.2.1/thumb/v7-m/nofp\libc_nano.a(lib_a-reent.o)
 .debug_aranges
                0x00000bb0       0x20 d:/arm-gcc/gcc/bin/../lib/gcc/arm-none-eabi/11.2.1/thumb/v7-m/nofp\libnosys.a(sbrk.o)

.debug_ranges   0x00000000      0x960
 .debug_ranges  0x00000000       0xd8 build/main.o
 .debug_ranges  0x000000d8       0x58 build/stm32f1xx_it.o
 .debug_ranges  0x00000130       0x30 build/stm32f1xx_hal_msp.o
 .debug_ranges  0x00000160      0x2b0 build/stm32f1xx_hal_i2c.o
 .debug_ranges  0x00000410       0xd0 build/stm32f1xx_hal.o
 .debug_ranges  0x000004e0       0xa0 build/stm32f1xx_hal_rcc.o
 .debug_ranges  0x00000580       0x48 build/stm32f1xx_hal_gpio.o
 .debug_ranges  0x000005c8       0x70 build/stm32f1xx_hal_dma.o
 .debug_ranges  0x00000638       0xe0 build/stm32f1xx_hal_cortex.o
 .debug_ranges  0x00000718      0x210 build/stm32f1xx_hal_uart.o
 .debug_ranges  0x00000928       0x18 build/system_stm32f1xx.o
 .debug_ranges  0x00000940       0x20 build/startup_stm32f103xb.o

.debug_line     0x00000000     0xfee9
 .debug_line    0x00000000      0x9e3 build/main.o
 .debug_line    0x000009e3      0x2b3 build/stm32f1xx_it.o
 .debug_line    0x00000c96      0x2fd build/stm32f1xx_hal_msp.o
 .debug_line    0x00000f93     0x556b build/stm32f1xx_hal_i2c.o
 .debug_line    0x000064fe      0x4ca build/stm32f1xx_hal.o
 .debug_line    0x000069c8      0xbb2 build/stm32f1xx_hal_rcc.o
 .debug_line    0x0000757a      0x577 build/stm32f1xx_hal_gpio.o
 .debug_line    0x00007af1      0x9f6 build/stm32f1xx_hal_dma.o
 .debug_line    0x000084e7      0x5d4 build/stm32f1xx_hal_cortex.o
 .debug_line    0x00008abb     0x422d build/stm32f1xx_hal_uart.o
 .debug_line    0x0000cce8      0x1e2 build/system_stm32f1xx.o
 .debug_line    0x0000ceca       0x74 build/startup_stm32f103xb.o
 .debug_line    0x0000cf3e      0x15b d:/arm-gcc/gcc/bin/../lib/gcc/arm-none-eabi/11.2.1/thumb/v7-m/nofp\libc_nano.a(lib_a-impure.o)
 .debug_line    0x0000d099      0x174 d:/arm-gcc/gcc/bin/../lib/gcc/arm-none-eabi/11.2.1/thumb/v7-m/nofp\libc_nano.a(lib_a-init.o)
 .debug_line    0x0000d20d      0x176 d:/arm-gcc/gcc/bin/../lib/gcc/arm-none-eabi/11.2.1/thumb/v7-m/nofp\libc_nano.a(lib_a-memset.o)
 .debug_line    0x0000d383      0x2b3 d:/arm-gcc/gcc/bin/../lib/gcc/arm-none-eabi/11.2.1/thumb/v7-m/nofp\libc_nano.a(lib_a-sprintf.o)
 .debug_line    0x0000d636       0x4f d:/arm-gcc/gcc/bin/../lib/gcc/arm-none-eabi/11.2.1/thumb/v7-m/nofp\libc_nano.a(lib_a-strlen.o)
 .debug_line    0x0000d685      0x891 d:/arm-gcc/gcc/bin/../lib/gcc/arm-none-eabi/11.2.1/thumb/v7-m/nofp\libc_nano.a(lib_a-nano-svfprintf.o)
 .debug_line    0x0000df16      0x762 d:/arm-gcc/gcc/bin/../lib/gcc/arm-none-eabi/11.2.1/thumb/v7-m/nofp\libc_nano.a(lib_a-nano-vfprintf_i.o)
 .debug_line    0x0000e678      0x18d d:/arm-gcc/gcc/bin/../lib/gcc/arm-none-eabi/11.2.1/thumb/v7-m/nofp\libc_nano.a(lib_a-memchr-stub.o)
 .debug_line    0x0000e805      0x196 d:/arm-gcc/gcc/bin/../lib/gcc/arm-none-eabi/11.2.1/thumb/v7-m/nofp\libc_nano.a(lib_a-memcpy-stub.o)
 .debug_line    0x0000e99b      0x1b3 d:/arm-gcc/gcc/bin/../lib/gcc/arm-none-eabi/11.2.1/thumb/v7-m/nofp\libc_nano.a(lib_a-memmove.o)
 .debug_line    0x0000eb4e      0x30a d:/arm-gcc/gcc/bin/../lib/gcc/arm-none-eabi/11.2.1/thumb/v7-m/nofp\libc_nano.a(lib_a-nano-freer.o)
 .debug_line    0x0000ee58      0x49b d:/arm-gcc/gcc/bin/../lib/gcc/arm-none-eabi/11.2.1/thumb/v7-m/nofp\libc_nano.a(lib_a-nano-mallocr.o)
 .debug_line    0x0000f2f3      0x262 d:/arm-gcc/gcc/bin/../lib/gcc/arm-none-eabi/11.2.1/thumb/v7-m/nofp\libc_nano.a(lib_a-nano-reallocr.o)
 .debug_line    0x0000f555      0x214 d:/arm-gcc/gcc/bin/../lib/gcc/arm-none-eabi/11.2.1/thumb/v7-m/nofp\libc_nano.a(lib_a-sbrkr.o)
 .debug_line    0x0000f769      0x1d2 d:/arm-gcc/gcc/bin/../lib/gcc/arm-none-eabi/11.2.1/thumb/v7-m/nofp\libc_nano.a(lib_a-mlock.o)
 .debug_line    0x0000f93b      0x1f0 d:/arm-gcc/gcc/bin/../lib/gcc/arm-none-eabi/11.2.1/thumb/v7-m/nofp\libc_nano.a(lib_a-nano-msizer.o)
 .debug_line    0x0000fb2b      0x31b d:/arm-gcc/gcc/bin/../lib/gcc/arm-none-eabi/11.2.1/thumb/v7-m/nofp\libc_nano.a(lib_a-reent.o)
 .debug_line    0x0000fe46       0xa3 d:/arm-gcc/gcc/bin/../lib/gcc/arm-none-eabi/11.2.1/thumb/v7-m/nofp\libnosys.a(sbrk.o)

.debug_str      0x00000000     0x3da6
 .debug_str     0x00000000      0xbb7 build/main.o
                                0xcb5 (size before relaxing)
 .debug_str     0x00000bb7       0xda build/stm32f1xx_it.o
                                0x6b3 (size before relaxing)
 .debug_str     0x00000c91      0x41e build/stm32f1xx_hal_msp.o
                                0xc18 (size before relaxing)
 .debug_str     0x000010af      0x8e4 build/stm32f1xx_hal_i2c.o
                                0xf86 (size before relaxing)
 .debug_str     0x00001993      0x2d9 build/stm32f1xx_hal.o
                                0x7ef (size before relaxing)
 .debug_str     0x00001c6c      0x1ed build/stm32f1xx_hal_rcc.o
                                0x5ec (size before relaxing)
 .debug_str     0x00001e59      0x145 build/stm32f1xx_hal_gpio.o
                                0x3c1 (size before relaxing)
 .debug_str     0x00001f9e      0x204 build/stm32f1xx_hal_dma.o
                                0x5be (size before relaxing)
 .debug_str     0x000021a2      0x391 build/stm32f1xx_hal_cortex.o
                                0x894 (size before relaxing)
 .debug_str     0x00002533      0x5c5 build/stm32f1xx_hal_uart.o
                                0xcb5 (size before relaxing)
 .debug_str     0x00002af8       0x4f build/system_stm32f1xx.o
                                0x215 (size before relaxing)
 .debug_str     0x00002b47       0x22 build/startup_stm32f103xb.o
                                 0x3c (size before relaxing)
 .debug_str     0x00002b69      0x4d1 d:/arm-gcc/gcc/bin/../lib/gcc/arm-none-eabi/11.2.1/thumb/v7-m/nofp\libc_nano.a(lib_a-impure.o)
                                0x5c2 (size before relaxing)
 .debug_str     0x0000303a      0x13e d:/arm-gcc/gcc/bin/../lib/gcc/arm-none-eabi/11.2.1/thumb/v7-m/nofp\libc_nano.a(lib_a-init.o)
                                0x26f (size before relaxing)
 .debug_str     0x00003178       0xe4 d:/arm-gcc/gcc/bin/../lib/gcc/arm-none-eabi/11.2.1/thumb/v7-m/nofp\libc_nano.a(lib_a-memset.o)
                                0x210 (size before relaxing)
 .debug_str     0x0000325c      0x119 d:/arm-gcc/gcc/bin/../lib/gcc/arm-none-eabi/11.2.1/thumb/v7-m/nofp\libc_nano.a(lib_a-sprintf.o)
                                0x5b0 (size before relaxing)
 .debug_str     0x00003375       0xa1 d:/arm-gcc/gcc/bin/../lib/gcc/arm-none-eabi/11.2.1/thumb/v7-m/nofp\libc_nano.a(lib_a-strlen.o)
                                 0xad (size before relaxing)
 .debug_str     0x00003416      0x2c1 d:/arm-gcc/gcc/bin/../lib/gcc/arm-none-eabi/11.2.1/thumb/v7-m/nofp\libc_nano.a(lib_a-nano-svfprintf.o)
                                0x8b9 (size before relaxing)
 .debug_str     0x000036d7       0xbb d:/arm-gcc/gcc/bin/../lib/gcc/arm-none-eabi/11.2.1/thumb/v7-m/nofp\libc_nano.a(lib_a-nano-vfprintf_i.o)
                                0x850 (size before relaxing)
 .debug_str     0x00003792       0x75 d:/arm-gcc/gcc/bin/../lib/gcc/arm-none-eabi/11.2.1/thumb/v7-m/nofp\libc_nano.a(lib_a-memchr-stub.o)
                                0x22f (size before relaxing)
 .debug_str     0x00003807       0x79 d:/arm-gcc/gcc/bin/../lib/gcc/arm-none-eabi/11.2.1/thumb/v7-m/nofp\libc_nano.a(lib_a-memcpy-stub.o)
                                0x233 (size before relaxing)
 .debug_str     0x00003880       0x65 d:/arm-gcc/gcc/bin/../lib/gcc/arm-none-eabi/11.2.1/thumb/v7-m/nofp\libc_nano.a(lib_a-memmove.o)
                                0x22b (size before relaxing)
 .debug_str     0x000038e5      0x164 d:/arm-gcc/gcc/bin/../lib/gcc/arm-none-eabi/11.2.1/thumb/v7-m/nofp\libc_nano.a(lib_a-nano-freer.o)
                                0x5f9 (size before relaxing)
 .debug_str     0x00003a49       0x67 d:/arm-gcc/gcc/bin/../lib/gcc/arm-none-eabi/11.2.1/thumb/v7-m/nofp\libc_nano.a(lib_a-nano-mallocr.o)
                                0x658 (size before relaxing)
 .debug_str     0x00003ab0       0x2c d:/arm-gcc/gcc/bin/../lib/gcc/arm-none-eabi/11.2.1/thumb/v7-m/nofp\libc_nano.a(lib_a-nano-reallocr.o)
                                0x5ec (size before relaxing)
 .debug_str     0x00003adc       0x64 d:/arm-gcc/gcc/bin/../lib/gcc/arm-none-eabi/11.2.1/thumb/v7-m/nofp\libc_nano.a(lib_a-sbrkr.o)
                                0x57a (size before relaxing)
 .debug_str     0x00003b40       0x73 d:/arm-gcc/gcc/bin/../lib/gcc/arm-none-eabi/11.2.1/thumb/v7-m/nofp\libc_nano.a(lib_a-mlock.o)
                                0x590 (size before relaxing)
 .debug_str     0x00003bb3        0xf d:/arm-gcc/gcc/bin/../lib/gcc/arm-none-eabi/11.2.1/thumb/v7-m/nofp\libc_nano.a(lib_a-nano-msizer.o)
                                0x5c1 (size before relaxing)
 .debug_str     0x00003bc2       0x85 d:/arm-gcc/gcc/bin/../lib/gcc/arm-none-eabi/11.2.1/thumb/v7-m/nofp\libc_nano.a(lib_a-reent.o)
                                0x5a2 (size before relaxing)
 .debug_str     0x00003c47      0x15f d:/arm-gcc/gcc/bin/../lib/gcc/arm-none-eabi/11.2.1/thumb/v7-m/nofp\libnosys.a(sbrk.o)
                                0x178 (size before relaxing)

.debug_frame    0x00000000     0x1e3c
 .debug_frame   0x00000000      0x2dc build/main.o
 .debug_frame   0x000002dc       0xc4 build/stm32f1xx_it.o
 .debug_frame   0x000003a0       0x9c build/stm32f1xx_hal_msp.o
 .debug_frame   0x0000043c      0x988 build/stm32f1xx_hal_i2c.o
 .debug_frame   0x00000dc4      0x1cc build/stm32f1xx_hal.o
 .debug_frame   0x00000f90      0x184 build/stm32f1xx_hal_rcc.o
 .debug_frame   0x00001114       0xe4 build/stm32f1xx_hal_gpio.o
 .debug_frame   0x000011f8      0x144 build/stm32f1xx_hal_dma.o
 .debug_frame   0x0000133c      0x118 build/stm32f1xx_hal_cortex.o
 .debug_frame   0x00001454      0x5e0 build/stm32f1xx_hal_uart.o
 .debug_frame   0x00001a34       0x30 build/system_stm32f1xx.o
 .debug_frame   0x00001a64       0x2c d:/arm-gcc/gcc/bin/../lib/gcc/arm-none-eabi/11.2.1/thumb/v7-m/nofp\libc_nano.a(lib_a-init.o)
 .debug_frame   0x00001a90       0x20 d:/arm-gcc/gcc/bin/../lib/gcc/arm-none-eabi/11.2.1/thumb/v7-m/nofp\libc_nano.a(lib_a-memset.o)
 .debug_frame   0x00001ab0       0x6c d:/arm-gcc/gcc/bin/../lib/gcc/arm-none-eabi/11.2.1/thumb/v7-m/nofp\libc_nano.a(lib_a-sprintf.o)
 .debug_frame   0x00001b1c       0x90 d:/arm-gcc/gcc/bin/../lib/gcc/arm-none-eabi/11.2.1/thumb/v7-m/nofp\libc_nano.a(lib_a-nano-svfprintf.o)
 .debug_frame   0x00001bac       0x60 d:/arm-gcc/gcc/bin/../lib/gcc/arm-none-eabi/11.2.1/thumb/v7-m/nofp\libc_nano.a(lib_a-nano-vfprintf_i.o)
 .debug_frame   0x00001c0c       0x28 d:/arm-gcc/gcc/bin/../lib/gcc/arm-none-eabi/11.2.1/thumb/v7-m/nofp\libc_nano.a(lib_a-memchr-stub.o)
 .debug_frame   0x00001c34       0x28 d:/arm-gcc/gcc/bin/../lib/gcc/arm-none-eabi/11.2.1/thumb/v7-m/nofp\libc_nano.a(lib_a-memcpy-stub.o)
 .debug_frame   0x00001c5c       0x28 d:/arm-gcc/gcc/bin/../lib/gcc/arm-none-eabi/11.2.1/thumb/v7-m/nofp\libc_nano.a(lib_a-memmove.o)
 .debug_frame   0x00001c84       0x38 d:/arm-gcc/gcc/bin/../lib/gcc/arm-none-eabi/11.2.1/thumb/v7-m/nofp\libc_nano.a(lib_a-nano-freer.o)
 .debug_frame   0x00001cbc       0x4c d:/arm-gcc/gcc/bin/../lib/gcc/arm-none-eabi/11.2.1/thumb/v7-m/nofp\libc_nano.a(lib_a-nano-mallocr.o)
 .debug_frame   0x00001d08       0x3c d:/arm-gcc/gcc/bin/../lib/gcc/arm-none-eabi/11.2.1/thumb/v7-m/nofp\libc_nano.a(lib_a-nano-reallocr.o)
 .debug_frame   0x00001d44       0x2c d:/arm-gcc/gcc/bin/../lib/gcc/arm-none-eabi/11.2.1/thumb/v7-m/nofp\libc_nano.a(lib_a-sbrkr.o)
 .debug_frame   0x00001d70       0x30 d:/arm-gcc/gcc/bin/../lib/gcc/arm-none-eabi/11.2.1/thumb/v7-m/nofp\libc_nano.a(lib_a-mlock.o)
 .debug_frame   0x00001da0       0x20 d:/arm-gcc/gcc/bin/../lib/gcc/arm-none-eabi/11.2.1/thumb/v7-m/nofp\libc_nano.a(lib_a-nano-msizer.o)
 .debug_frame   0x00001dc0       0x5c d:/arm-gcc/gcc/bin/../lib/gcc/arm-none-eabi/11.2.1/thumb/v7-m/nofp\libc_nano.a(lib_a-reent.o)
 .debug_frame   0x00001e1c       0x20 d:/arm-gcc/gcc/bin/../lib/gcc/arm-none-eabi/11.2.1/thumb/v7-m/nofp\libnosys.a(sbrk.o)

.debug_loclists
                0x00000000     0x11dd
 .debug_loclists
                0x00000000       0x34 d:/arm-gcc/gcc/bin/../lib/gcc/arm-none-eabi/11.2.1/thumb/v7-m/nofp\libc_nano.a(lib_a-init.o)
 .debug_loclists
                0x00000034       0x3b d:/arm-gcc/gcc/bin/../lib/gcc/arm-none-eabi/11.2.1/thumb/v7-m/nofp\libc_nano.a(lib_a-memset.o)
 .debug_loclists
                0x0000006f       0x89 d:/arm-gcc/gcc/bin/../lib/gcc/arm-none-eabi/11.2.1/thumb/v7-m/nofp\libc_nano.a(lib_a-sprintf.o)
 .debug_loclists
                0x000000f8      0x49a d:/arm-gcc/gcc/bin/../lib/gcc/arm-none-eabi/11.2.1/thumb/v7-m/nofp\libc_nano.a(lib_a-nano-svfprintf.o)
 .debug_loclists
                0x00000592      0x41c d:/arm-gcc/gcc/bin/../lib/gcc/arm-none-eabi/11.2.1/thumb/v7-m/nofp\libc_nano.a(lib_a-nano-vfprintf_i.o)
 .debug_loclists
                0x000009ae       0xbb d:/arm-gcc/gcc/bin/../lib/gcc/arm-none-eabi/11.2.1/thumb/v7-m/nofp\libc_nano.a(lib_a-memchr-stub.o)
 .debug_loclists
                0x00000a69       0x8f d:/arm-gcc/gcc/bin/../lib/gcc/arm-none-eabi/11.2.1/thumb/v7-m/nofp\libc_nano.a(lib_a-memcpy-stub.o)
 .debug_loclists
                0x00000af8      0x119 d:/arm-gcc/gcc/bin/../lib/gcc/arm-none-eabi/11.2.1/thumb/v7-m/nofp\libc_nano.a(lib_a-memmove.o)
 .debug_loclists
                0x00000c11       0xd4 d:/arm-gcc/gcc/bin/../lib/gcc/arm-none-eabi/11.2.1/thumb/v7-m/nofp\libc_nano.a(lib_a-nano-freer.o)
 .debug_loclists
                0x00000ce5      0x254 d:/arm-gcc/gcc/bin/../lib/gcc/arm-none-eabi/11.2.1/thumb/v7-m/nofp\libc_nano.a(lib_a-nano-mallocr.o)
 .debug_loclists
                0x00000f39       0xf7 d:/arm-gcc/gcc/bin/../lib/gcc/arm-none-eabi/11.2.1/thumb/v7-m/nofp\libc_nano.a(lib_a-nano-reallocr.o)
 .debug_loclists
                0x00001030       0x4c d:/arm-gcc/gcc/bin/../lib/gcc/arm-none-eabi/11.2.1/thumb/v7-m/nofp\libc_nano.a(lib_a-sbrkr.o)
 .debug_loclists
                0x0000107c       0x62 d:/arm-gcc/gcc/bin/../lib/gcc/arm-none-eabi/11.2.1/thumb/v7-m/nofp\libc_nano.a(lib_a-nano-msizer.o)
 .debug_loclists
                0x000010de       0xcd d:/arm-gcc/gcc/bin/../lib/gcc/arm-none-eabi/11.2.1/thumb/v7-m/nofp\libc_nano.a(lib_a-reent.o)
 .debug_loclists
                0x000011ab       0x32 d:/arm-gcc/gcc/bin/../lib/gcc/arm-none-eabi/11.2.1/thumb/v7-m/nofp\libnosys.a(sbrk.o)

.debug_rnglists
                0x00000000      0x1e3
 .debug_rnglists
                0x00000000       0x13 d:/arm-gcc/gcc/bin/../lib/gcc/arm-none-eabi/11.2.1/thumb/v7-m/nofp\libc_nano.a(lib_a-init.o)
 .debug_rnglists
                0x00000013       0x13 d:/arm-gcc/gcc/bin/../lib/gcc/arm-none-eabi/11.2.1/thumb/v7-m/nofp\libc_nano.a(lib_a-memset.o)
 .debug_rnglists
                0x00000026       0x19 d:/arm-gcc/gcc/bin/../lib/gcc/arm-none-eabi/11.2.1/thumb/v7-m/nofp\libc_nano.a(lib_a-sprintf.o)
 .debug_rnglists
                0x0000003f       0x43 d:/arm-gcc/gcc/bin/../lib/gcc/arm-none-eabi/11.2.1/thumb/v7-m/nofp\libc_nano.a(lib_a-nano-svfprintf.o)
 .debug_rnglists
                0x00000082       0x63 d:/arm-gcc/gcc/bin/../lib/gcc/arm-none-eabi/11.2.1/thumb/v7-m/nofp\libc_nano.a(lib_a-nano-vfprintf_i.o)
 .debug_rnglists
                0x000000e5       0x13 d:/arm-gcc/gcc/bin/../lib/gcc/arm-none-eabi/11.2.1/thumb/v7-m/nofp\libc_nano.a(lib_a-memchr-stub.o)
 .debug_rnglists
                0x000000f8       0x13 d:/arm-gcc/gcc/bin/../lib/gcc/arm-none-eabi/11.2.1/thumb/v7-m/nofp\libc_nano.a(lib_a-memcpy-stub.o)
 .debug_rnglists
                0x0000010b       0x13 d:/arm-gcc/gcc/bin/../lib/gcc/arm-none-eabi/11.2.1/thumb/v7-m/nofp\libc_nano.a(lib_a-memmove.o)
 .debug_rnglists
                0x0000011e       0x14 d:/arm-gcc/gcc/bin/../lib/gcc/arm-none-eabi/11.2.1/thumb/v7-m/nofp\libc_nano.a(lib_a-nano-freer.o)
 .debug_rnglists
                0x00000132       0x26 d:/arm-gcc/gcc/bin/../lib/gcc/arm-none-eabi/11.2.1/thumb/v7-m/nofp\libc_nano.a(lib_a-nano-mallocr.o)
 .debug_rnglists
                0x00000158       0x13 d:/arm-gcc/gcc/bin/../lib/gcc/arm-none-eabi/11.2.1/thumb/v7-m/nofp\libc_nano.a(lib_a-nano-reallocr.o)
 .debug_rnglists
                0x0000016b       0x13 d:/arm-gcc/gcc/bin/../lib/gcc/arm-none-eabi/11.2.1/thumb/v7-m/nofp\libc_nano.a(lib_a-sbrkr.o)
 .debug_rnglists
                0x0000017e       0x13 d:/arm-gcc/gcc/bin/../lib/gcc/arm-none-eabi/11.2.1/thumb/v7-m/nofp\libc_nano.a(lib_a-mlock.o)
 .debug_rnglists
                0x00000191       0x13 d:/arm-gcc/gcc/bin/../lib/gcc/arm-none-eabi/11.2.1/thumb/v7-m/nofp\libc_nano.a(lib_a-nano-msizer.o)
 .debug_rnglists
                0x000001a4       0x2c d:/arm-gcc/gcc/bin/../lib/gcc/arm-none-eabi/11.2.1/thumb/v7-m/nofp\libc_nano.a(lib_a-reent.o)
 .debug_rnglists
                0x000001d0       0x13 d:/arm-gcc/gcc/bin/../lib/gcc/arm-none-eabi/11.2.1/thumb/v7-m/nofp\libnosys.a(sbrk.o)

.debug_line_str
                0x00000000       0x6a
 .debug_line_str
                0x00000000       0x6a d:/arm-gcc/gcc/bin/../lib/gcc/arm-none-eabi/11.2.1/thumb/v7-m/nofp\libc_nano.a(lib_a-strlen.o)
                                 0xd4 (size before relaxing)

Cross Reference Table

Symbol                                            File
ADC1_2_IRQHandler                                 build/startup_stm32f103xb.o
AHBPrescTable                                     build/system_stm32f1xx.o
                                                  build/stm32f1xx_hal_rcc.o
APBPrescTable                                     build/system_stm32f1xx.o
                                                  build/stm32f1xx_hal_rcc.o
BCD_to_Dec                                        build/main.o
BusFault_Handler                                  build/stm32f1xx_it.o
CAN1_RX1_IRQHandler                               build/startup_stm32f103xb.o
CAN1_SCE_IRQHandler                               build/startup_stm32f103xb.o
DMA1_Channel1_IRQHandler                          build/startup_stm32f103xb.o
DMA1_Channel2_IRQHandler                          build/startup_stm32f103xb.o
DMA1_Channel3_IRQHandler                          build/startup_stm32f103xb.o
DMA1_Channel4_IRQHandler                          build/startup_stm32f103xb.o
DMA1_Channel5_IRQHandler                          build/startup_stm32f103xb.o
DMA1_Channel6_IRQHandler                          build/startup_stm32f103xb.o
DMA1_Channel7_IRQHandler                          build/startup_stm32f103xb.o
DS1307_ADDRESS_READ                               build/main.o
DS1307_ADDRESS_WRITE                              build/main.o
DS1307_GetDate                                    build/main.o
DS1307_GetTime                                    build/main.o
DS1307_SetDate                                    build/main.o
DS1307_SetTime                                    build/main.o
DebugMon_Handler                                  build/stm32f1xx_it.o
Dec_to_BCD                                        build/main.o
Default_Handler                                   build/startup_stm32f103xb.o
EXTI0_IRQHandler                                  build/startup_stm32f103xb.o
EXTI15_10_IRQHandler                              build/startup_stm32f103xb.o
EXTI1_IRQHandler                                  build/startup_stm32f103xb.o
EXTI2_IRQHandler                                  build/startup_stm32f103xb.o
EXTI3_IRQHandler                                  build/startup_stm32f103xb.o
EXTI4_IRQHandler                                  build/startup_stm32f103xb.o
EXTI9_5_IRQHandler                                build/startup_stm32f103xb.o
Error_Handler                                     build/main.o
F8574_ADDRESS                                     build/main.o
FLASH_IRQHandler                                  build/startup_stm32f103xb.o
FLASH_PageErase                                   build/stm32f1xx_hal_flash_ex.o
                                                  build/stm32f1xx_hal_flash.o
FLASH_WaitForLastOperation                        build/stm32f1xx_hal_flash.o
                                                  build/stm32f1xx_hal_flash_ex.o
HAL_DBGMCU_DisableDBGSleepMode                    build/stm32f1xx_hal.o
HAL_DBGMCU_DisableDBGStandbyMode                  build/stm32f1xx_hal.o
HAL_DBGMCU_DisableDBGStopMode                     build/stm32f1xx_hal.o
HAL_DBGMCU_EnableDBGSleepMode                     build/stm32f1xx_hal.o
HAL_DBGMCU_EnableDBGStandbyMode                   build/stm32f1xx_hal.o
HAL_DBGMCU_EnableDBGStopMode                      build/stm32f1xx_hal.o
HAL_DMA_Abort                                     build/stm32f1xx_hal_dma.o
                                                  build/stm32f1xx_hal_uart.o
HAL_DMA_Abort_IT                                  build/stm32f1xx_hal_dma.o
                                                  build/stm32f1xx_hal_uart.o
                                                  build/stm32f1xx_hal_i2c.o
HAL_DMA_DeInit                                    build/stm32f1xx_hal_dma.o
HAL_DMA_GetError                                  build/stm32f1xx_hal_dma.o
                                                  build/stm32f1xx_hal_uart.o
HAL_DMA_GetState                                  build/stm32f1xx_hal_dma.o
                                                  build/stm32f1xx_hal_i2c.o
HAL_DMA_IRQHandler                                build/stm32f1xx_hal_dma.o
HAL_DMA_Init                                      build/stm32f1xx_hal_dma.o
HAL_DMA_PollForTransfer                           build/stm32f1xx_hal_dma.o
HAL_DMA_RegisterCallback                          build/stm32f1xx_hal_dma.o
HAL_DMA_Start                                     build/stm32f1xx_hal_dma.o
HAL_DMA_Start_IT                                  build/stm32f1xx_hal_dma.o
                                                  build/stm32f1xx_hal_uart.o
                                                  build/stm32f1xx_hal_i2c.o
HAL_DMA_UnRegisterCallback                        build/stm32f1xx_hal_dma.o
HAL_DeInit                                        build/stm32f1xx_hal.o
HAL_Delay                                         build/stm32f1xx_hal.o
                                                  build/main.o
HAL_EXTI_ClearConfigLine                          build/stm32f1xx_hal_exti.o
HAL_EXTI_ClearPending                             build/stm32f1xx_hal_exti.o
HAL_EXTI_GenerateSWI                              build/stm32f1xx_hal_exti.o
HAL_EXTI_GetConfigLine                            build/stm32f1xx_hal_exti.o
HAL_EXTI_GetHandle                                build/stm32f1xx_hal_exti.o
HAL_EXTI_GetPending                               build/stm32f1xx_hal_exti.o
HAL_EXTI_IRQHandler                               build/stm32f1xx_hal_exti.o
HAL_EXTI_RegisterCallback                         build/stm32f1xx_hal_exti.o
HAL_EXTI_SetConfigLine                            build/stm32f1xx_hal_exti.o
HAL_FLASHEx_Erase                                 build/stm32f1xx_hal_flash_ex.o
HAL_FLASHEx_Erase_IT                              build/stm32f1xx_hal_flash_ex.o
HAL_FLASHEx_OBErase                               build/stm32f1xx_hal_flash_ex.o
HAL_FLASHEx_OBGetConfig                           build/stm32f1xx_hal_flash_ex.o
HAL_FLASHEx_OBGetUserData                         build/stm32f1xx_hal_flash_ex.o
HAL_FLASHEx_OBProgram                             build/stm32f1xx_hal_flash_ex.o
HAL_FLASH_EndOfOperationCallback                  build/stm32f1xx_hal_flash.o
HAL_FLASH_GetError                                build/stm32f1xx_hal_flash.o
HAL_FLASH_IRQHandler                              build/stm32f1xx_hal_flash.o
HAL_FLASH_Lock                                    build/stm32f1xx_hal_flash.o
HAL_FLASH_OB_Launch                               build/stm32f1xx_hal_flash.o
HAL_FLASH_OB_Lock                                 build/stm32f1xx_hal_flash.o
HAL_FLASH_OB_Unlock                               build/stm32f1xx_hal_flash.o
HAL_FLASH_OperationErrorCallback                  build/stm32f1xx_hal_flash.o
HAL_FLASH_Program                                 build/stm32f1xx_hal_flash.o
HAL_FLASH_Program_IT                              build/stm32f1xx_hal_flash.o
HAL_FLASH_Unlock                                  build/stm32f1xx_hal_flash.o
HAL_GPIOEx_ConfigEventout                         build/stm32f1xx_hal_gpio_ex.o
HAL_GPIOEx_DisableEventout                        build/stm32f1xx_hal_gpio_ex.o
HAL_GPIOEx_EnableEventout                         build/stm32f1xx_hal_gpio_ex.o
HAL_GPIO_DeInit                                   build/stm32f1xx_hal_gpio.o
                                                  build/stm32f1xx_hal_msp.o
HAL_GPIO_EXTI_Callback                            build/stm32f1xx_hal_gpio.o
HAL_GPIO_EXTI_IRQHandler                          build/stm32f1xx_hal_gpio.o
HAL_GPIO_Init                                     build/stm32f1xx_hal_gpio.o
                                                  build/stm32f1xx_hal_rcc.o
                                                  build/stm32f1xx_hal_msp.o
HAL_GPIO_LockPin                                  build/stm32f1xx_hal_gpio.o
HAL_GPIO_ReadPin                                  build/stm32f1xx_hal_gpio.o
HAL_GPIO_TogglePin                                build/stm32f1xx_hal_gpio.o
HAL_GPIO_WritePin                                 build/stm32f1xx_hal_gpio.o
HAL_GetDEVID                                      build/stm32f1xx_hal.o
HAL_GetHalVersion                                 build/stm32f1xx_hal.o
HAL_GetREVID                                      build/stm32f1xx_hal.o
HAL_GetTick                                       build/stm32f1xx_hal.o
                                                  build/stm32f1xx_hal_uart.o
                                                  build/stm32f1xx_hal_flash.o
                                                  build/stm32f1xx_hal_dma.o
                                                  build/stm32f1xx_hal_rcc_ex.o
                                                  build/stm32f1xx_hal_rcc.o
                                                  build/stm32f1xx_hal_i2c.o
                                                  build/stm32f1xx_it.o
                                                  build/main.o
HAL_GetTickFreq                                   build/stm32f1xx_hal.o
HAL_GetTickPrio                                   build/stm32f1xx_hal.o
HAL_GetUIDw0                                      build/stm32f1xx_hal.o
HAL_GetUIDw1                                      build/stm32f1xx_hal.o
HAL_GetUIDw2                                      build/stm32f1xx_hal.o
HAL_HalfDuplex_EnableReceiver                     build/stm32f1xx_hal_uart.o
HAL_HalfDuplex_EnableTransmitter                  build/stm32f1xx_hal_uart.o
HAL_HalfDuplex_Init                               build/stm32f1xx_hal_uart.o
HAL_I2C_AbortCpltCallback                         build/stm32f1xx_hal_i2c.o
HAL_I2C_AddrCallback                              build/stm32f1xx_hal_i2c.o
HAL_I2C_DeInit                                    build/stm32f1xx_hal_i2c.o
HAL_I2C_DisableListen_IT                          build/stm32f1xx_hal_i2c.o
HAL_I2C_ER_IRQHandler                             build/stm32f1xx_hal_i2c.o
HAL_I2C_EV_IRQHandler                             build/stm32f1xx_hal_i2c.o
HAL_I2C_EnableListen_IT                           build/stm32f1xx_hal_i2c.o
HAL_I2C_ErrorCallback                             build/stm32f1xx_hal_i2c.o
HAL_I2C_GetError                                  build/stm32f1xx_hal_i2c.o
HAL_I2C_GetMode                                   build/stm32f1xx_hal_i2c.o
HAL_I2C_GetState                                  build/stm32f1xx_hal_i2c.o
HAL_I2C_Init                                      build/stm32f1xx_hal_i2c.o
                                                  build/main.o
HAL_I2C_IsDeviceReady                             build/stm32f1xx_hal_i2c.o
HAL_I2C_ListenCpltCallback                        build/stm32f1xx_hal_i2c.o
HAL_I2C_MasterRxCpltCallback                      build/stm32f1xx_hal_i2c.o
HAL_I2C_MasterTxCpltCallback                      build/stm32f1xx_hal_i2c.o
HAL_I2C_Master_Abort_IT                           build/stm32f1xx_hal_i2c.o
HAL_I2C_Master_Receive                            build/stm32f1xx_hal_i2c.o
                                                  build/main.o
HAL_I2C_Master_Receive_DMA                        build/stm32f1xx_hal_i2c.o
HAL_I2C_Master_Receive_IT                         build/stm32f1xx_hal_i2c.o
HAL_I2C_Master_Seq_Receive_DMA                    build/stm32f1xx_hal_i2c.o
HAL_I2C_Master_Seq_Receive_IT                     build/stm32f1xx_hal_i2c.o
HAL_I2C_Master_Seq_Transmit_DMA                   build/stm32f1xx_hal_i2c.o
HAL_I2C_Master_Seq_Transmit_IT                    build/stm32f1xx_hal_i2c.o
HAL_I2C_Master_Transmit                           build/stm32f1xx_hal_i2c.o
                                                  build/main.o
HAL_I2C_Master_Transmit_DMA                       build/stm32f1xx_hal_i2c.o
HAL_I2C_Master_Transmit_IT                        build/stm32f1xx_hal_i2c.o
HAL_I2C_MemRxCpltCallback                         build/stm32f1xx_hal_i2c.o
HAL_I2C_MemTxCpltCallback                         build/stm32f1xx_hal_i2c.o
HAL_I2C_Mem_Read                                  build/stm32f1xx_hal_i2c.o
HAL_I2C_Mem_Read_DMA                              build/stm32f1xx_hal_i2c.o
HAL_I2C_Mem_Read_IT                               build/stm32f1xx_hal_i2c.o
HAL_I2C_Mem_Write                                 build/stm32f1xx_hal_i2c.o
HAL_I2C_Mem_Write_DMA                             build/stm32f1xx_hal_i2c.o
HAL_I2C_Mem_Write_IT                              build/stm32f1xx_hal_i2c.o
HAL_I2C_MspDeInit                                 build/stm32f1xx_hal_msp.o
HAL_I2C_MspInit                                   build/stm32f1xx_hal_msp.o
HAL_I2C_SlaveRxCpltCallback                       build/stm32f1xx_hal_i2c.o
HAL_I2C_SlaveTxCpltCallback                       build/stm32f1xx_hal_i2c.o
HAL_I2C_Slave_Receive                             build/stm32f1xx_hal_i2c.o
HAL_I2C_Slave_Receive_DMA                         build/stm32f1xx_hal_i2c.o
HAL_I2C_Slave_Receive_IT                          build/stm32f1xx_hal_i2c.o
HAL_I2C_Slave_Seq_Receive_DMA                     build/stm32f1xx_hal_i2c.o
HAL_I2C_Slave_Seq_Receive_IT                      build/stm32f1xx_hal_i2c.o
HAL_I2C_Slave_Seq_Transmit_DMA                    build/stm32f1xx_hal_i2c.o
HAL_I2C_Slave_Seq_Transmit_IT                     build/stm32f1xx_hal_i2c.o
HAL_I2C_Slave_Transmit                            build/stm32f1xx_hal_i2c.o
HAL_I2C_Slave_Transmit_DMA                        build/stm32f1xx_hal_i2c.o
HAL_I2C_Slave_Transmit_IT                         build/stm32f1xx_hal_i2c.o
HAL_IncTick                                       build/stm32f1xx_hal.o
                                                  build/stm32f1xx_it.o
HAL_Init                                          build/stm32f1xx_hal.o
                                                  build/main.o
HAL_InitTick                                      build/stm32f1xx_hal.o
                                                  build/stm32f1xx_hal_rcc.o
HAL_LIN_Init                                      build/stm32f1xx_hal_uart.o
HAL_LIN_SendBreak                                 build/stm32f1xx_hal_uart.o
HAL_MspDeInit                                     build/stm32f1xx_hal.o
HAL_MspInit                                       build/stm32f1xx_hal_msp.o
HAL_MultiProcessor_EnterMuteMode                  build/stm32f1xx_hal_uart.o
HAL_MultiProcessor_ExitMuteMode                   build/stm32f1xx_hal_uart.o
HAL_MultiProcessor_Init                           build/stm32f1xx_hal_uart.o
HAL_NVIC_ClearPendingIRQ                          build/stm32f1xx_hal_cortex.o
HAL_NVIC_DisableIRQ                               build/stm32f1xx_hal_cortex.o
                                                  build/stm32f1xx_hal_msp.o
HAL_NVIC_EnableIRQ                                build/stm32f1xx_hal_cortex.o
                                                  build/stm32f1xx_hal_msp.o
HAL_NVIC_GetActive                                build/stm32f1xx_hal_cortex.o
HAL_NVIC_GetPendingIRQ                            build/stm32f1xx_hal_cortex.o
HAL_NVIC_GetPriority                              build/stm32f1xx_hal_cortex.o
HAL_NVIC_GetPriorityGrouping                      build/stm32f1xx_hal_cortex.o
HAL_NVIC_SetPendingIRQ                            build/stm32f1xx_hal_cortex.o
HAL_NVIC_SetPriority                              build/stm32f1xx_hal_cortex.o
                                                  build/stm32f1xx_hal.o
                                                  build/stm32f1xx_hal_msp.o
HAL_NVIC_SetPriorityGrouping                      build/stm32f1xx_hal_cortex.o
                                                  build/stm32f1xx_hal.o
HAL_NVIC_SystemReset                              build/stm32f1xx_hal_cortex.o
                                                  build/stm32f1xx_hal_flash.o
HAL_PWR_ConfigPVD                                 build/stm32f1xx_hal_pwr.o
HAL_PWR_DeInit                                    build/stm32f1xx_hal_pwr.o
HAL_PWR_DisableBkUpAccess                         build/stm32f1xx_hal_pwr.o
HAL_PWR_DisablePVD                                build/stm32f1xx_hal_pwr.o
HAL_PWR_DisableSEVOnPend                          build/stm32f1xx_hal_pwr.o
HAL_PWR_DisableSleepOnExit                        build/stm32f1xx_hal_pwr.o
HAL_PWR_DisableWakeUpPin                          build/stm32f1xx_hal_pwr.o
HAL_PWR_EnableBkUpAccess                          build/stm32f1xx_hal_pwr.o
HAL_PWR_EnablePVD                                 build/stm32f1xx_hal_pwr.o
HAL_PWR_EnableSEVOnPend                           build/stm32f1xx_hal_pwr.o
HAL_PWR_EnableSleepOnExit                         build/stm32f1xx_hal_pwr.o
HAL_PWR_EnableWakeUpPin                           build/stm32f1xx_hal_pwr.o
HAL_PWR_EnterSLEEPMode                            build/stm32f1xx_hal_pwr.o
HAL_PWR_EnterSTANDBYMode                          build/stm32f1xx_hal_pwr.o
HAL_PWR_EnterSTOPMode                             build/stm32f1xx_hal_pwr.o
HAL_PWR_PVDCallback                               build/stm32f1xx_hal_pwr.o
HAL_PWR_PVD_IRQHandler                            build/stm32f1xx_hal_pwr.o
HAL_RCCEx_GetPeriphCLKConfig                      build/stm32f1xx_hal_rcc_ex.o
HAL_RCCEx_GetPeriphCLKFreq                        build/stm32f1xx_hal_rcc_ex.o
HAL_RCCEx_PeriphCLKConfig                         build/stm32f1xx_hal_rcc_ex.o
HAL_RCC_CSSCallback                               build/stm32f1xx_hal_rcc.o
HAL_RCC_ClockConfig                               build/stm32f1xx_hal_rcc.o
                                                  build/main.o
HAL_RCC_DeInit                                    build/stm32f1xx_hal_rcc.o
HAL_RCC_DisableCSS                                build/stm32f1xx_hal_rcc.o
HAL_RCC_EnableCSS                                 build/stm32f1xx_hal_rcc.o
HAL_RCC_GetClockConfig                            build/stm32f1xx_hal_rcc.o
HAL_RCC_GetHCLKFreq                               build/stm32f1xx_hal_rcc.o
HAL_RCC_GetOscConfig                              build/stm32f1xx_hal_rcc.o
HAL_RCC_GetPCLK1Freq                              build/stm32f1xx_hal_rcc.o
                                                  build/stm32f1xx_hal_uart.o
                                                  build/stm32f1xx_hal_i2c.o
HAL_RCC_GetPCLK2Freq                              build/stm32f1xx_hal_rcc.o
                                                  build/stm32f1xx_hal_uart.o
                                                  build/stm32f1xx_hal_rcc_ex.o
HAL_RCC_GetSysClockFreq                           build/stm32f1xx_hal_rcc.o
HAL_RCC_MCOConfig                                 build/stm32f1xx_hal_rcc.o
HAL_RCC_NMI_IRQHandler                            build/stm32f1xx_hal_rcc.o
HAL_RCC_OscConfig                                 build/stm32f1xx_hal_rcc.o
                                                  build/main.o
HAL_ResumeTick                                    build/stm32f1xx_hal.o
HAL_SYSTICK_CLKSourceConfig                       build/stm32f1xx_hal_cortex.o
HAL_SYSTICK_Callback                              build/stm32f1xx_hal_cortex.o
HAL_SYSTICK_Config                                build/stm32f1xx_hal_cortex.o
                                                  build/stm32f1xx_hal.o
HAL_SYSTICK_IRQHandler                            build/stm32f1xx_hal_cortex.o
HAL_SetTickFreq                                   build/stm32f1xx_hal.o
HAL_SuspendTick                                   build/stm32f1xx_hal.o
HAL_UARTEx_GetRxEventType                         build/stm32f1xx_hal_uart.o
HAL_UARTEx_ReceiveToIdle                          build/stm32f1xx_hal_uart.o
HAL_UARTEx_ReceiveToIdle_DMA                      build/stm32f1xx_hal_uart.o
HAL_UARTEx_ReceiveToIdle_IT                       build/stm32f1xx_hal_uart.o
HAL_UARTEx_RxEventCallback                        build/stm32f1xx_hal_uart.o
HAL_UART_Abort                                    build/stm32f1xx_hal_uart.o
HAL_UART_AbortCpltCallback                        build/stm32f1xx_hal_uart.o
HAL_UART_AbortReceive                             build/stm32f1xx_hal_uart.o
HAL_UART_AbortReceiveCpltCallback                 build/stm32f1xx_hal_uart.o
HAL_UART_AbortReceive_IT                          build/stm32f1xx_hal_uart.o
HAL_UART_AbortTransmit                            build/stm32f1xx_hal_uart.o
HAL_UART_AbortTransmitCpltCallback                build/stm32f1xx_hal_uart.o
HAL_UART_AbortTransmit_IT                         build/stm32f1xx_hal_uart.o
HAL_UART_Abort_IT                                 build/stm32f1xx_hal_uart.o
HAL_UART_DMAPause                                 build/stm32f1xx_hal_uart.o
HAL_UART_DMAResume                                build/stm32f1xx_hal_uart.o
HAL_UART_DMAStop                                  build/stm32f1xx_hal_uart.o
HAL_UART_DeInit                                   build/stm32f1xx_hal_uart.o
HAL_UART_ErrorCallback                            build/stm32f1xx_hal_uart.o
HAL_UART_GetError                                 build/stm32f1xx_hal_uart.o
HAL_UART_GetState                                 build/stm32f1xx_hal_uart.o
HAL_UART_IRQHandler                               build/stm32f1xx_hal_uart.o
                                                  build/stm32f1xx_it.o
HAL_UART_Init                                     build/stm32f1xx_hal_uart.o
                                                  build/main.o
HAL_UART_MspDeInit                                build/stm32f1xx_hal_msp.o
HAL_UART_MspInit                                  build/stm32f1xx_hal_msp.o
HAL_UART_Receive                                  build/stm32f1xx_hal_uart.o
HAL_UART_Receive_DMA                              build/stm32f1xx_hal_uart.o
HAL_UART_Receive_IT                               build/stm32f1xx_hal_uart.o
                                                  build/stm32f1xx_it.o
                                                  build/main.o
HAL_UART_RxCpltCallback                           build/stm32f1xx_hal_uart.o
HAL_UART_RxHalfCpltCallback                       build/stm32f1xx_hal_uart.o
HAL_UART_Transmit                                 build/stm32f1xx_hal_uart.o
                                                  build/main.o
HAL_UART_Transmit_DMA                             build/stm32f1xx_hal_uart.o
HAL_UART_Transmit_IT                              build/stm32f1xx_hal_uart.o
HAL_UART_TxCpltCallback                           build/stm32f1xx_hal_uart.o
HAL_UART_TxHalfCpltCallback                       build/stm32f1xx_hal_uart.o
HardFault_Handler                                 build/stm32f1xx_it.o
I2C1_ER_IRQHandler                                build/startup_stm32f103xb.o
I2C1_EV_IRQHandler                                build/startup_stm32f103xb.o
I2C2_ER_IRQHandler                                build/startup_stm32f103xb.o
I2C2_EV_IRQHandler                                build/startup_stm32f103xb.o
IT_flag                                           build/main.o
                                                  build/stm32f1xx_it.o
MemManage_Handler                                 build/stm32f1xx_it.o
NMI_Handler                                       build/stm32f1xx_it.o
PVD_IRQHandler                                    build/startup_stm32f103xb.o
PendSV_Handler                                    build/stm32f1xx_it.o
RCC_IRQHandler                                    build/startup_stm32f103xb.o
RTC_Alarm_IRQHandler                              build/startup_stm32f103xb.o
RTC_IRQHandler                                    build/startup_stm32f103xb.o
Reset_Handler                                     build/startup_stm32f103xb.o
SPI1_IRQHandler                                   build/startup_stm32f103xb.o
SPI2_IRQHandler                                   build/startup_stm32f103xb.o
SVC_Handler                                       build/stm32f1xx_it.o
SysTick_Handler                                   build/stm32f1xx_it.o
SystemClock_Config                                build/main.o
SystemCoreClock                                   build/system_stm32f1xx.o
                                                  build/stm32f1xx_hal_rcc.o
                                                  build/stm32f1xx_hal.o
                                                  build/stm32f1xx_hal_i2c.o
SystemCoreClockUpdate                             build/system_stm32f1xx.o
SystemInit                                        build/system_stm32f1xx.o
                                                  build/startup_stm32f103xb.o
TAMPER_IRQHandler                                 build/startup_stm32f103xb.o
TIM1_BRK_IRQHandler                               build/startup_stm32f103xb.o
TIM1_CC_IRQHandler                                build/startup_stm32f103xb.o
TIM1_TRG_COM_IRQHandler                           build/startup_stm32f103xb.o
TIM1_UP_IRQHandler                                build/startup_stm32f103xb.o
TIM2_IRQHandler                                   build/startup_stm32f103xb.o
TIM3_IRQHandler                                   build/startup_stm32f103xb.o
TIM4_IRQHandler                                   build/startup_stm32f103xb.o
UART_Start_Receive_DMA                            build/stm32f1xx_hal_uart.o
UART_Start_Receive_IT                             build/stm32f1xx_hal_uart.o
USART1_IRQHandler                                 build/stm32f1xx_it.o
USART2_IRQHandler                                 build/startup_stm32f103xb.o
USART3_IRQHandler                                 build/startup_stm32f103xb.o
USBWakeUp_IRQHandler                              build/startup_stm32f103xb.o
USB_HP_CAN1_TX_IRQHandler                         build/startup_stm32f103xb.o
USB_LP_CAN1_RX0_IRQHandler                        build/startup_stm32f103xb.o
UsageFault_Handler                                build/stm32f1xx_it.o
WWDG_IRQHandler                                   build/startup_stm32f103xb.o
_ITM_deregisterTMCloneTable                       d:/arm-gcc/gcc/bin/../lib/gcc/arm-none-eabi/11.2.1/thumb/v7-m/nofp/crtbegin.o
_ITM_registerTMCloneTable                         d:/arm-gcc/gcc/bin/../lib/gcc/arm-none-eabi/11.2.1/thumb/v7-m/nofp/crtbegin.o
__TMC_END__                                       d:/arm-gcc/gcc/bin/../lib/gcc/arm-none-eabi/11.2.1/thumb/v7-m/nofp/crtend.o
                                                  d:/arm-gcc/gcc/bin/../lib/gcc/arm-none-eabi/11.2.1/thumb/v7-m/nofp/crtbegin.o
__bss_end__                                       d:/arm-gcc/gcc/bin/../lib/gcc/arm-none-eabi/11.2.1/thumb/v7-m/nofp/crt0.o
__bss_start__                                     d:/arm-gcc/gcc/bin/../lib/gcc/arm-none-eabi/11.2.1/thumb/v7-m/nofp/crt0.o
__call_exitprocs                                  d:/arm-gcc/gcc/bin/../lib/gcc/arm-none-eabi/11.2.1/thumb/v7-m/nofp\libc_nano.a(lib_a-exit.o)
__deregister_frame_info                           d:/arm-gcc/gcc/bin/../lib/gcc/arm-none-eabi/11.2.1/thumb/v7-m/nofp/crtbegin.o
__dso_handle                                      d:/arm-gcc/gcc/bin/../lib/gcc/arm-none-eabi/11.2.1/thumb/v7-m/nofp/crtbegin.o
__init_array_end                                  d:/arm-gcc/gcc/bin/../lib/gcc/arm-none-eabi/11.2.1/thumb/v7-m/nofp\libc_nano.a(lib_a-init.o)
__init_array_start                                d:/arm-gcc/gcc/bin/../lib/gcc/arm-none-eabi/11.2.1/thumb/v7-m/nofp\libc_nano.a(lib_a-init.o)
__libc_fini_array                                 d:/arm-gcc/gcc/bin/../lib/gcc/arm-none-eabi/11.2.1/thumb/v7-m/nofp/crt0.o
__libc_init_array                                 d:/arm-gcc/gcc/bin/../lib/gcc/arm-none-eabi/11.2.1/thumb/v7-m/nofp\libc_nano.a(lib_a-init.o)
                                                  build/startup_stm32f103xb.o
                                                  d:/arm-gcc/gcc/bin/../lib/gcc/arm-none-eabi/11.2.1/thumb/v7-m/nofp/crt0.o
__malloc_free_list                                d:/arm-gcc/gcc/bin/../lib/gcc/arm-none-eabi/11.2.1/thumb/v7-m/nofp\libc_nano.a(lib_a-nano-mallocr.o)
                                                  d:/arm-gcc/gcc/bin/../lib/gcc/arm-none-eabi/11.2.1/thumb/v7-m/nofp\libc_nano.a(lib_a-nano-freer.o)
__malloc_lock                                     d:/arm-gcc/gcc/bin/../lib/gcc/arm-none-eabi/11.2.1/thumb/v7-m/nofp\libc_nano.a(lib_a-mlock.o)
                                                  d:/arm-gcc/gcc/bin/../lib/gcc/arm-none-eabi/11.2.1/thumb/v7-m/nofp\libc_nano.a(lib_a-nano-mallocr.o)
                                                  d:/arm-gcc/gcc/bin/../lib/gcc/arm-none-eabi/11.2.1/thumb/v7-m/nofp\libc_nano.a(lib_a-nano-freer.o)
__malloc_sbrk_start                               d:/arm-gcc/gcc/bin/../lib/gcc/arm-none-eabi/11.2.1/thumb/v7-m/nofp\libc_nano.a(lib_a-nano-mallocr.o)