***********************************************************************************************
***                                                                                         ***
***                                    LINK INFORMATION                                     ***
***                                                                                         ***
***********************************************************************************************

Linker version:

  SEGGER ARM Linker 4.38.8 compiled Jan 11 2024 10:57:18
  Copyright (c) 2017-2022 SEGGER Microcontroller GmbH    www.segger.com


***********************************************************************************************
***                                                                                         ***
***                                     MODULE SUMMARY                                      ***
***                                                                                         ***
***********************************************************************************************

Memory use by input file:

  Object File                                       RX Code     RO Data     RW Data     ZI Data
  ---------------------------------------------  ----------  ----------  ----------  ----------
  Cortex_M_Startup.o                                      8          64                        
  main.o                                              1 454          44                     175
  SEGGER_THUMB_Startup.o                                 20                                    
  stm32f1xx_hal.o                                       240                       5           4
  stm32f1xx_hal_cortex.o                                462                                    
  stm32f1xx_hal_gpio.o                                  756                                    
  stm32f1xx_hal_msp.o                                   248                                    
  stm32f1xx_hal_rcc.o                                 2 292          18                        
  stm32f1xx_hal_uart.o                                1 142                                    
  stm32f1xx_it.o                                         24                                    
  system_stm32f1xx.o                                      2          24           4            
  ---------------------------------------------  ----------  ----------  ----------  ----------
  Subtotal (11 objects)                               6 648         150           9         179
  ---------------------------------------------  ----------  ----------  ----------  ----------
  SEGGER_crtinit_v7m_t_le_eabi_balanced.a                38                                    
  strops_unaligned_v7m_t_le_eabi_balanced.a             288                                    
  ---------------------------------------------  ----------  ----------  ----------  ----------
  Subtotal (2 archives)                                 326                                    
  ---------------------------------------------  ----------  ----------  ----------  ----------
  Linker created (shared data, fills, blocks):                       44                   1 024
  =============================================  ==========  ==========  ==========  ==========
  Total:                                              6 974         194           9       1 203
  =============================================  ==========  ==========  ==========  ==========

Memory use by archive member:

  Archive member                                    RX Code     RO Data     RW Data     ZI Data
  ---------------------------------------------  ----------  ----------  ----------  ----------
  SEGGER_crtinit.o (SEGGER_crtinit_v7m_t_le_eabi_balanced.a)
                                                         38                                    
  strasmops_arm.o (strops_unaligned_v7m_t_le_eabi_balanced.a)
                                                        244                                    
  strops.o (strops_unaligned_v7m_t_le_eabi_balanced.a)
                                                         44                                    
  ---------------------------------------------  ----------  ----------  ----------  ----------
  Subtotal (3 members from 2 archives)                  326                                    
  Objects (11 files)                                  6 648         150           9         179
  Linker created (shared data, fills, blocks):                       44                   1 024
  =============================================  ==========  ==========  ==========  ==========
  Total:                                              6 974         194           9       1 203
  =============================================  ==========  ==========  ==========  ==========

Memory use by linker:

  Description                                       RX Code     RO Data     RW Data     ZI Data
  ---------------------------------------------  ----------  ----------  ----------  ----------
  Initialization table                                               44                        
  Memory for block 'stack'                                                                1 024
  ---------------------------------------------  ----------  ----------  ----------  ----------
  Subtotal (linker created):                                         44                   1 024
  ---------------------------------------------  ----------  ----------  ----------  ----------
  Objects (11 files)                                  6 648         150           9         179
  Archives (2 files)                                    326                                    
  =============================================  ==========  ==========  ==========  ==========
  Total:                                              6 974         194           9       1 203
  =============================================  ==========  ==========  ==========  ==========


***********************************************************************************************
***                                                                                         ***
***                                     SECTION DETAIL                                      ***
***                                                                                         ***
***********************************************************************************************

Sections by address:

  Range              Symbol or [section] Name         Size  Al  Init  Ac  Object File
  -----------------  -------------------------  ----------  --  ----  --  -----------
  08000000-0800003f  _vectors                           64   4  Cnst  RO  Cortex_M_Startup.o
  08000040-08000097  HAL_MspInit                        88   4  Code  RX  stm32f1xx_hal_msp.o
  08000098-08000137  HAL_UART_MspInit                  160   4  Code  RX  stm32f1xx_hal_msp.o
  08000138-08000143  HAL_GetTick                        12   4  Code  RX  stm32f1xx_hal.o
  08000144-08000153  HAL_NVIC_SetPriorityGrouping
                                                        16   4  Code  RX  stm32f1xx_hal_cortex.o
  08000154-0800018f  __NVIC_SetPriorityGrouping
                                                        60   4  Code  RX  stm32f1xx_hal_cortex.o
  08000190-0800019f  __NVIC_GetPriorityGrouping
                                                        16   4  Code  RX  stm32f1xx_hal_cortex.o
  080001a0-08000203  NVIC_EncodePriority               100   4  Code  RX  stm32f1xx_hal_cortex.o
  08000204-08000217  HAL_NVIC_EnableIRQ                 20   4  Code  RX  stm32f1xx_hal_cortex.o
  08000218-08000243  __NVIC_EnableIRQ                   44   4  Code  RX  stm32f1xx_hal_cortex.o
  08000244-08000253  HAL_SYSTICK_Config                 16   4  Code  RX  stm32f1xx_hal_cortex.o
  08000254-080007fb  HAL_RCC_OscConfig               1 448   4  Code  RX  stm32f1xx_hal_rcc.o
  080007fc-0800082f  RCC_Delay                          52   4  Code  RX  stm32f1xx_hal_rcc.o
  08000830-0800083b  HAL_RCC_GetHCLKFreq                12   4  Code  RX  stm32f1xx_hal_rcc.o
  0800083c-0800094f  HAL_UART_Transmit                 276   4  Code  RX  stm32f1xx_hal_uart.o
  08000950-08000a03  UART_WaitOnFlagUntilTimeout
                                                       180   4  Code  RX  stm32f1xx_hal_uart.o
  08000a04-08000a17  _start                             20   4  Code  RX  SEGGER_THUMB_Startup.o
  08000a18-08000a47  strcpy                             48   4  Code  RX  strasmops_arm.o (strops_unaligned_v7m_t_le_eabi_balanced.a)
  08000a48-08000aa3  memcpy                             92   4  Code  RX  strasmops_arm.o (strops_unaligned_v7m_t_le_eabi_balanced.a)
  08000aa4-08000b0b  __aeabi_memclr                    104   4  Code  RX  strasmops_arm.o (strops_unaligned_v7m_t_le_eabi_balanced.a)
  08000b0c-08000b0d  SystemInit                          2   4  Code  RX  system_stm32f1xx.o
  08000b0e-08000b3b  lcd_send_cmd                       46   2  Code  RX  main.o
  08000b3c-08000b61  HAL_Init                           38   4  Code  RX  stm32f1xx_hal.o
  08000b62-08000b8f  lcd_send_data                      46   2  Code  RX  main.o
  08000b90-08000bf9  HAL_InitTick                      106   4  Code  RX  stm32f1xx_hal.o
  08000bfa-08000c17  lcd_display                        30   2  Code  RX  main.o
  08000c18-08000c31  HAL_IncTick                        26   4  Code  RX  stm32f1xx_hal.o
  08000c32-08000c7b  lcd_gotoxy                         74   2  Code  RX  main.o
  08000c7c-08000cb5  HAL_Delay                          58   4  Code  RX  stm32f1xx_hal.o
  08000cb6-08000cbf  lcd_clear                          10   2  Code  RX  main.o
  08000cc0-08000cf1  HAL_NVIC_SetPriority               50   4  Code  RX  stm32f1xx_hal_cortex.o
  08000cf2-08000d43  check_char                         82   2  Code  RX  main.o
  08000d44-08000d81  __NVIC_SetPriority                 62   4  Code  RX  stm32f1xx_hal_cortex.o
  08000d82-08000e1f  main                              158   2  Code  RX  main.o
  08000e20-08000e6d  SysTick_Config                     78   4  Code  RX  stm32f1xx_hal_cortex.o
  08000e6e-08000e6f  NMI_Handler                         2   2  Code  RX  stm32f1xx_it.o
  08000e70-08001139  HAL_GPIO_Init                     714   4  Code  RX  stm32f1xx_hal_gpio.o
  0800113a-0800113b  HardFault_Handler                   2   2  Code  RX  stm32f1xx_it.o
  0800113c-08001165  HAL_GPIO_WritePin                  42   4  Code  RX  stm32f1xx_hal_gpio.o
  08001166-08001167  MemManage_Handler                   2   2  Code  RX  stm32f1xx_it.o
  08001168-08001381  HAL_RCC_ClockConfig               538   4  Code  RX  stm32f1xx_hal_rcc.o
  08001382-08001383  BusFault_Handler                    2   2  Code  RX  stm32f1xx_it.o
  08001384-08001431  HAL_RCC_GetSysClockFreq           174   4  Code  RX  stm32f1xx_hal_rcc.o
  08001432-08001433  UsageFault_Handler                  2   2  Code  RX  stm32f1xx_it.o
  08001434-08001455  HAL_RCC_GetPCLK1Freq               34   4  Code  RX  stm32f1xx_hal_rcc.o
  08001456-08001457  SVC_Handler                         2   2  Code  RX  stm32f1xx_it.o
  08001458-08001479  HAL_RCC_GetPCLK2Freq               34   4  Code  RX  stm32f1xx_hal_rcc.o
  0800147a-0800147b  DebugMon_Handler                    2   2  Code  RX  stm32f1xx_it.o
  0800147c-0800150d  HAL_UART_Init                     146   4  Code  RX  stm32f1xx_hal_uart.o
  0800150e-0800150f  PendSV_Handler                      2   2  Code  RX  stm32f1xx_it.o
  08001510-080015c5  UART_SetConfig                    182   4  Code  RX  stm32f1xx_hal_uart.o
  080015c6-080015cf  [.rodata..L.str]                   10   1  Cnst  RO  main.o
  080015d0-0800161d  HAL_UART_Receive_IT                78   4  Code  RX  stm32f1xx_hal_uart.o
  0800161e-0800161f  HAL_RCC_GetSysClockFreq.aPredivFactorTable
                                                         2   1  Cnst  RO  stm32f1xx_hal_rcc.o
  08001620-0800167d  UART_Start_Receive_IT              94   4  Code  RX  stm32f1xx_hal_uart.o
  0800167e-0800167f  ( ALIGN .=.+2 )                     2   -  ----  -   -
  08001680-08001739  UART_EndRxTransfer                186   4  Code  RX  stm32f1xx_hal_uart.o
  0800173a-080017fd  lcd_write_nibble                  196   2  Code  RX  main.o
  080017fe-08001861  lcd_init                          100   2  Code  RX  main.o
  08001862-080018f9  check_len                         152   2  Code  RX  main.o
  080018fa-08001915  display_data                       28   2  Code  RX  main.o
  08001916-080019a5  getdata_from_buffer               144   2  Code  RX  main.o
  080019a6-08001a11  check_package                     108   2  Code  RX  main.o
  08001a12-08001a75  SystemClock_Config                100   2  Code  RX  main.o
  08001a76-08001ae9  MX_GPIO_Init                      116   2  Code  RX  main.o
  08001aea-08001b25  MX_USART1_UART_Init                60   2  Code  RX  main.o
  08001b26-08001b29  Error_Handler                       4   2  Code  RX  main.o
  08001b2a-08001b31  SysTick_Handler                     8   2  Code  RX  stm32f1xx_it.o
  08001b32-08001b39  Reset_Handler                       8   2  Code  RX  Cortex_M_Startup.o
  08001b3a-08001b65  strlen                             44   2  Code  RX  strops.o (strops_unaligned_v7m_t_le_eabi_balanced.a)
  08001b66-08001b6c  [.rodata..L.str.1]                  7   1  Cnst  RO  main.o
  08001b6d-08001b73  [.rodata..L.str.2]                  7   1  Cnst  RO  main.o
  08001b74-08001b7a  [.rodata..L.str.3]                  7   1  Cnst  RO  main.o
  08001b7b-08001b7f  [.rodata..L.str.5]                  5   1  Cnst  RO  main.o
  08001b80-08001b87  [.rodata..L.str.4]                  8   1  Cnst  RO  main.o
  08001b88-08001b97  AHBPrescTable                      16   1  Cnst  RO  system_stm32f1xx.o
  08001b98-08001b9f  APBPrescTable                       8   1  Cnst  RO  system_stm32f1xx.o
  08001ba0-08001baf  HAL_RCC_GetSysClockFreq.aPLLMULFactorTable
                                                        16   1  Cnst  RO  stm32f1xx_hal_rcc.o
  08001bb0-08001bcf  __SEGGER_init_table__              32   4  Cnst  RO  [ Linker created ]
  08001bd0-08001bdb  __SEGGER_init_data__               12   4  Cnst  RO  [ Linker created ]
  08001bdc-08001bed  __SEGGER_init_zero                 18   2  Code  RX  SEGGER_crtinit.o (SEGGER_crtinit_v7m_t_le_eabi_balanced.a)
  08001bee-08001c01  __SEGGER_init_copy                 20   2  Code  RX  SEGGER_crtinit.o (SEGGER_crtinit_v7m_t_le_eabi_balanced.a)
  08001c02-1fffffff  ( UNUSED .=.+402646014 )   402 646 014
                                                             -  ----  -   -
  20000000-20000047  huart1                             72   4  Zero  ZI  main.o
  20000048-2000004b  uwTick                              4   4  Zero  ZI  stm32f1xx_hal.o
  2000004c-2000004f  rx_index                            4   4  Zero  ZI  main.o
  20000050-20000053  package_size                        4   4  Zero  ZI  main.o
  20000054-20000057  last_receive_time                   4   4  Zero  ZI  main.o
  20000058-20000089  response                           50   1  Zero  ZI  main.o
  2000008a-2000009d  getdata_from_buffer.lcd_string
                                                        20   1  Zero  ZI  main.o
  2000009e-200000b1  data_buffer                        20   1  Zero  ZI  main.o
  200000b2-200000b2  data_receive                        1   1  Zero  ZI  main.o
  200000b3-200000b3  uwTickFreq                          1   1  Init  RW  stm32f1xx_hal.o
  200000b4-200000b7  uwTickPrio                          4   4  Init  RW  stm32f1xx_hal.o
  200000b8-200000bb  SystemCoreClock                     4   4  Init  RW  system_stm32f1xx.o
  200000bc-20004bff  ( UNUSED .=.+19268 )           19 268   -  ----  -   -
  20004c00-20004fff  [.bss.block.stack]              1 024   8  None  ZI  [ Linker created ]


***********************************************************************************************
***                                                                                         ***
***                                       SYMBOL LIST                                       ***
***                                                                                         ***
***********************************************************************************************

Function symbols by name:

  Symbol name                   Address        Size  Align  Type  Bd  Object File
  -------------------------  ----------  ----------  -----  ----  --  -----------
  BusFault_Handler           0x08001383           2      2  Code  Gb  stm32f1xx_it.o
  DebugMon_Handler           0x0800147B           2      2  Code  Gb  stm32f1xx_it.o
  Error_Handler              0x08001B27           4      2  Code  Gb  main.o
  HAL_Delay                  0x08000C7D          58      4  Code  Wk  stm32f1xx_hal.o
  HAL_GPIO_Init              0x08000E71         714      4  Code  Gb  stm32f1xx_hal_gpio.o
  HAL_GPIO_WritePin          0x0800113D          42      4  Code  Gb  stm32f1xx_hal_gpio.o
  HAL_GetTick                0x08000139          12      4  Code  Wk  stm32f1xx_hal.o
  HAL_IncTick                0x08000C19          26      4  Code  Wk  stm32f1xx_hal.o
  HAL_Init                   0x08000B3D          38      4  Code  Gb  stm32f1xx_hal.o
  HAL_InitTick               0x08000B91         106      4  Code  Wk  stm32f1xx_hal.o
  HAL_MspInit                0x08000041          88      4  Code  Gb  stm32f1xx_hal_msp.o
  HAL_NVIC_EnableIRQ         0x08000205          20      4  Code  Gb  stm32f1xx_hal_cortex.o
  HAL_NVIC_SetPriority       0x08000CC1          50      4  Code  Gb  stm32f1xx_hal_cortex.o
  HAL_NVIC_SetPriorityGrouping
                             0x08000145          16      4  Code  Gb  stm32f1xx_hal_cortex.o
  HAL_RCC_ClockConfig        0x08001169         538      4  Code  Gb  stm32f1xx_hal_rcc.o
  HAL_RCC_GetHCLKFreq        0x08000831          12      4  Code  Gb  stm32f1xx_hal_rcc.o
  HAL_RCC_GetPCLK1Freq       0x08001435          34      4  Code  Gb  stm32f1xx_hal_rcc.o
  HAL_RCC_GetPCLK2Freq       0x08001459          34      4  Code  Gb  stm32f1xx_hal_rcc.o
  HAL_RCC_GetSysClockFreq    0x08001385         174      4  Code  Gb  stm32f1xx_hal_rcc.o
  HAL_RCC_OscConfig          0x08000255       1 448      4  Code  Gb  stm32f1xx_hal_rcc.o
  HAL_SYSTICK_Config         0x08000245          16      4  Code  Gb  stm32f1xx_hal_cortex.o
  HAL_UART_Init              0x0800147D         146      4  Code  Gb  stm32f1xx_hal_uart.o
  HAL_UART_MspInit           0x08000099         160      4  Code  Gb  stm32f1xx_hal_msp.o
  HAL_UART_Receive_IT        0x080015D1          78      4  Code  Gb  stm32f1xx_hal_uart.o
  HAL_UART_Transmit          0x0800083D         276      4  Code  Gb  stm32f1xx_hal_uart.o
  HardFault_Handler          0x0800113B           2      2  Code  Gb  stm32f1xx_it.o
  MX_GPIO_Init               0x08001A77         116      2  Code  Lc  main.o
  MX_USART1_UART_Init        0x08001AEB          60      2  Code  Lc  main.o
  MemManage_Handler          0x08001167           2      2  Code  Gb  stm32f1xx_it.o
  NMI_Handler                0x08000E6F           2      2  Code  Gb  stm32f1xx_it.o
  NVIC_EncodePriority        0x080001A1         100      4  Code  Lc  stm32f1xx_hal_cortex.o
  PendSV_Handler             0x0800150F           2      2  Code  Gb  stm32f1xx_it.o
  RCC_Delay                  0x080007FD          52      4  Code  Lc  stm32f1xx_hal_rcc.o
  Reset_Handler              0x08001B33           8      2  Code  Gb  Cortex_M_Startup.o
  SVC_Handler                0x08001457           2      2  Code  Gb  stm32f1xx_it.o
  SysTick_Config             0x08000E21          78      4  Code  Lc  stm32f1xx_hal_cortex.o
  SysTick_Handler            0x08001B2B           8      2  Code  Gb  stm32f1xx_it.o
  SystemClock_Config         0x08001A13         100      2  Code  Gb  main.o
  SystemInit                 0x08000B0D           2      4  Code  Gb  system_stm32f1xx.o
  UART_EndRxTransfer         0x08001681         186      4  Code  Lc  stm32f1xx_hal_uart.o
  UART_SetConfig             0x08001511         182      4  Code  Lc  stm32f1xx_hal_uart.o
  UART_Start_Receive_IT      0x08001621          94      4  Code  Gb  stm32f1xx_hal_uart.o
  UART_WaitOnFlagUntilTimeout
                             0x08000951         180      4  Code  Lc  stm32f1xx_hal_uart.o
  UsageFault_Handler         0x08001433           2      2  Code  Gb  stm32f1xx_it.o
  __NVIC_EnableIRQ           0x08000219          44      4  Code  Lc  stm32f1xx_hal_cortex.o
  __NVIC_GetPriorityGrouping
                             0x08000191          16      4  Code  Lc  stm32f1xx_hal_cortex.o
  __NVIC_SetPriority         0x08000D45          62      4  Code  Lc  stm32f1xx_hal_cortex.o
  __NVIC_SetPriorityGrouping
                             0x08000155          60      4  Code  Lc  stm32f1xx_hal_cortex.o
  __SEGGER_init_copy         0x08001BEF          20      2  Code  Wk  SEGGER_crtinit.o (SEGGER_crtinit_v7m_t_le_eabi_balanced.a)
  __SEGGER_init_done         0x08000A0F                  4  Code  Gb  SEGGER_THUMB_Startup.o
  __SEGGER_init_zero         0x08001BDD          18      2  Code  Wk  SEGGER_crtinit.o (SEGGER_crtinit_v7m_t_le_eabi_balanced.a)
  __aeabi_memclr             0x08000AA5         104      4  Code  Wk  strasmops_arm.o (strops_unaligned_v7m_t_le_eabi_balanced.a)
  __aeabi_memclr4            0x08000AA5                  4  Code  Wk  strasmops_arm.o (strops_unaligned_v7m_t_le_eabi_balanced.a)
  __aeabi_memclr8            0x08000AA5                  4  Code  Wk  strasmops_arm.o (strops_unaligned_v7m_t_le_eabi_balanced.a)
  __aeabi_memcpy             0x08000A49                  4  Code  Wk  strasmops_arm.o (strops_unaligned_v7m_t_le_eabi_balanced.a)
  __aeabi_memcpy4            0x08000A67                  4  Code  Wk  strasmops_arm.o (strops_unaligned_v7m_t_le_eabi_balanced.a)
  __aeabi_memcpy8            0x08000A67                  4  Code  Wk  strasmops_arm.o (strops_unaligned_v7m_t_le_eabi_balanced.a)
  __aeabi_memset             0x08000AA7                  4  Code  Wk  strasmops_arm.o (strops_unaligned_v7m_t_le_eabi_balanced.a)
  __aeabi_memset4            0x08000AA7                  4  Code  Wk  strasmops_arm.o (strops_unaligned_v7m_t_le_eabi_balanced.a)
  __aeabi_memset8            0x08000AA7                  4  Code  Wk  strasmops_arm.o (strops_unaligned_v7m_t_le_eabi_balanced.a)
  __startup_complete         0x08000A0F                  4  Code  Gb  SEGGER_THUMB_Startup.o
  _start                     0x08000A05          14      4  Code  Gb  SEGGER_THUMB_Startup.o
  check_char                 0x08000CF3          82      2  Code  Gb  main.o
  check_len                  0x08001863         152      2  Code  Gb  main.o
  check_package              0x080019A7         108      2  Code  Gb  main.o
  display_data               0x080018FB          28      2  Code  Gb  main.o
  exit                       0x08000A13           2      4  Code  Gb  SEGGER_THUMB_Startup.o
  getdata_from_buffer        0x08001917         144      2  Code  Gb  main.o
  lcd_clear                  0x08000CB7          10      2  Code  Gb  main.o
  lcd_display                0x08000BFB          30      2  Code  Gb  main.o
  lcd_gotoxy                 0x08000C33          74      2  Code  Gb  main.o
  lcd_init                   0x080017FF         100      2  Code  Gb  main.o
  lcd_send_cmd               0x08000B0F          46      2  Code  Gb  main.o
  lcd_send_data              0x08000B63          46      2  Code  Gb  main.o
  lcd_write_nibble           0x0800173B         196      2  Code  Gb  main.o
  main                       0x08000D83         158      2  Code  Gb  main.o
  memcpy                     0x08000A49          92      4  Code  Wk  strasmops_arm.o (strops_unaligned_v7m_t_le_eabi_balanced.a)
  memset                     0x08000AAD                  4  Code  Wk  strasmops_arm.o (strops_unaligned_v7m_t_le_eabi_balanced.a)
  reset_handler              0x08001B33           8      2  Code  Gb  Cortex_M_Startup.o
  strcpy                     0x08000A19          46      4  Code  Wk  strasmops_arm.o (strops_unaligned_v7m_t_le_eabi_balanced.a)
  strlen                     0x08001B3B          44      2  Code  Wk  strops.o (strops_unaligned_v7m_t_le_eabi_balanced.a)

Function symbols by address:

     Address  Symbol name                      Size  Align  Type  Bd  Object File
  ----------  -------------------------  ----------  -----  ----  --  -----------
  0x08000041  HAL_MspInit                        88      4  Code  Gb  stm32f1xx_hal_msp.o
  0x08000099  HAL_UART_MspInit                  160      4  Code  Gb  stm32f1xx_hal_msp.o
  0x08000139  HAL_GetTick                        12      4  Code  Wk  stm32f1xx_hal.o
  0x08000145  HAL_NVIC_SetPriorityGrouping
                                                 16      4  Code  Gb  stm32f1xx_hal_cortex.o
  0x08000155  __NVIC_SetPriorityGrouping
                                                 60      4  Code  Lc  stm32f1xx_hal_cortex.o
  0x08000191  __NVIC_GetPriorityGrouping
                                                 16      4  Code  Lc  stm32f1xx_hal_cortex.o
  0x080001A1  NVIC_EncodePriority               100      4  Code  Lc  stm32f1xx_hal_cortex.o
  0x08000205  HAL_NVIC_EnableIRQ                 20      4  Code  Gb  stm32f1xx_hal_cortex.o
  0x08000219  __NVIC_EnableIRQ                   44      4  Code  Lc  stm32f1xx_hal_cortex.o
  0x08000245  HAL_SYSTICK_Config                 16      4  Code  Gb  stm32f1xx_hal_cortex.o
  0x08000255  HAL_RCC_OscConfig               1 448      4  Code  Gb  stm32f1xx_hal_rcc.o
  0x080007FD  RCC_Delay                          52      4  Code  Lc  stm32f1xx_hal_rcc.o
  0x08000831  HAL_RCC_GetHCLKFreq                12      4  Code  Gb  stm32f1xx_hal_rcc.o
  0x0800083D  HAL_UART_Transmit                 276      4  Code  Gb  stm32f1xx_hal_uart.o
  0x08000951  UART_WaitOnFlagUntilTimeout
                                                180      4  Code  Lc  stm32f1xx_hal_uart.o
  0x08000A05  _start                             14      4  Code  Gb  SEGGER_THUMB_Startup.o
  0x08000A0F  __startup_complete                         4  Code  Gb  SEGGER_THUMB_Startup.o
  0x08000A0F  __SEGGER_init_done                         4  Code  Gb  SEGGER_THUMB_Startup.o
  0x08000A13  exit                                2      4  Code  Gb  SEGGER_THUMB_Startup.o
  0x08000A19  strcpy                             46      4  Code  Wk  strasmops_arm.o (strops_unaligned_v7m_t_le_eabi_balanced.a)
  0x08000A49  memcpy                             92      4  Code  Wk  strasmops_arm.o (strops_unaligned_v7m_t_le_eabi_balanced.a)
  0x08000A49  __aeabi_memcpy                             4  Code  Wk  strasmops_arm.o (strops_unaligned_v7m_t_le_eabi_balanced.a)
  0x08000A67  __aeabi_memcpy8                            4  Code  Wk  strasmops_arm.o (strops_unaligned_v7m_t_le_eabi_balanced.a)
  0x08000A67  __aeabi_memcpy4                            4  Code  Wk  strasmops_arm.o (strops_unaligned_v7m_t_le_eabi_balanced.a)
  0x08000AA5  __aeabi_memclr8                            4  Code  Wk  strasmops_arm.o (strops_unaligned_v7m_t_le_eabi_balanced.a)
  0x08000AA5  __aeabi_memclr4                            4  Code  Wk  strasmops_arm.o (strops_unaligned_v7m_t_le_eabi_balanced.a)
  0x08000AA5  __aeabi_memclr                    104      4  Code  Wk  strasmops_arm.o (strops_unaligned_v7m_t_le_eabi_balanced.a)
  0x08000AA7  __aeabi_memset8                            4  Code  Wk  strasmops_arm.o (strops_unaligned_v7m_t_le_eabi_balanced.a)
  0x08000AA7  __aeabi_memset4                            4  Code  Wk  strasmops_arm.o (strops_unaligned_v7m_t_le_eabi_balanced.a)
  0x08000AA7  __aeabi_memset                             4  Code  Wk  strasmops_arm.o (strops_unaligned_v7m_t_le_eabi_balanced.a)
  0x08000AAD  memset                                     4  Code  Wk  strasmops_arm.o (strops_unaligned_v7m_t_le_eabi_balanced.a)
  0x08000B0D  SystemInit                          2      4  Code  Gb  system_stm32f1xx.o
  0x08000B0F  lcd_send_cmd                       46      2  Code  Gb  main.o
  0x08000B3D  HAL_Init                           38      4  Code  Gb  stm32f1xx_hal.o
  0x08000B63  lcd_send_data                      46      2  Code  Gb  main.o
  0x08000B91  HAL_InitTick                      106      4  Code  Wk  stm32f1xx_hal.o
  0x08000BFB  lcd_display                        30      2  Code  Gb  main.o
  0x08000C19  HAL_IncTick                        26      4  Code  Wk  stm32f1xx_hal.o
  0x08000C33  lcd_gotoxy                         74      2  Code  Gb  main.o
  0x08000C7D  HAL_Delay                          58      4  Code  Wk  stm32f1xx_hal.o
  0x08000CB7  lcd_clear                          10      2  Code  Gb  main.o
  0x08000CC1  HAL_NVIC_SetPriority               50      4  Code  Gb  stm32f1xx_hal_cortex.o
  0x08000CF3  check_char                         82      2  Code  Gb  main.o
  0x08000D45  __NVIC_SetPriority                 62      4  Code  Lc  stm32f1xx_hal_cortex.o
  0x08000D83  main                              158      2  Code  Gb  main.o
  0x08000E21  SysTick_Config                     78      4  Code  Lc  stm32f1xx_hal_cortex.o
  0x08000E6F  NMI_Handler                         2      2  Code  Gb  stm32f1xx_it.o
  0x08000E71  HAL_GPIO_Init                     714      4  Code  Gb  stm32f1xx_hal_gpio.o
  0x0800113B  HardFault_Handler                   2      2  Code  Gb  stm32f1xx_it.o
  0x0800113D  HAL_GPIO_WritePin                  42      4  Code  Gb  stm32f1xx_hal_gpio.o
  0x08001167  MemManage_Handler                   2      2  Code  Gb  stm32f1xx_it.o
  0x08001169  HAL_RCC_ClockConfig               538      4  Code  Gb  stm32f1xx_hal_rcc.o
  0x08001383  BusFault_Handler                    2      2  Code  Gb  stm32f1xx_it.o
  0x08001385  HAL_RCC_GetSysClockFreq           174      4  Code  Gb  stm32f1xx_hal_rcc.o
  0x08001433  UsageFault_Handler                  2      2  Code  Gb  stm32f1xx_it.o
  0x08001435  HAL_RCC_GetPCLK1Freq               34      4  Code  Gb  stm32f1xx_hal_rcc.o
  0x08001457  SVC_Handler                         2      2  Code  Gb  stm32f1xx_it.o
  0x08001459  HAL_RCC_GetPCLK2Freq               34      4  Code  Gb  stm32f1xx_hal_rcc.o
  0x0800147B  DebugMon_Handler                    2      2  Code  Gb  stm32f1xx_it.o
  0x0800147D  HAL_UART_Init                     146      4  Code  Gb  stm32f1xx_hal_uart.o
  0x0800150F  PendSV_Handler                      2      2  Code  Gb  stm32f1xx_it.o
  0x08001511  UART_SetConfig                    182      4  Code  Lc  stm32f1xx_hal_uart.o
  0x080015D1  HAL_UART_Receive_IT                78      4  Code  Gb  stm32f1xx_hal_uart.o
  0x08001621  UART_Start_Receive_IT              94      4  Code  Gb  stm32f1xx_hal_uart.o
  0x08001681  UART_EndRxTransfer                186      4  Code  Lc  stm32f1xx_hal_uart.o
  0x0800173B  lcd_write_nibble                  196      2  Code  Gb  main.o
  0x080017FF  lcd_init                          100      2  Code  Gb  main.o
  0x08001863  check_len                         152      2  Code  Gb  main.o
  0x080018FB  display_data                       28      2  Code  Gb  main.o
  0x08001917  getdata_from_buffer               144      2  Code  Gb  main.o
  0x080019A7  check_package                     108      2  Code  Gb  main.o
  0x08001A13  SystemClock_Config                100      2  Code  Gb  main.o
  0x08001A77  MX_GPIO_Init                      116      2  Code  Lc  main.o
  0x08001AEB  MX_USART1_UART_Init                60      2  Code  Lc  main.o
  0x08001B27  Error_Handler                       4      2  Code  Gb  main.o
  0x08001B2B  SysTick_Handler                     8      2  Code  Gb  stm32f1xx_it.o
  0x08001B33  reset_handler                       8      2  Code  Gb  Cortex_M_Startup.o
  0x08001B33  Reset_Handler                       8      2  Code  Gb  Cortex_M_Startup.o
  0x08001B3B  strlen                             44      2  Code  Wk  strops.o (strops_unaligned_v7m_t_le_eabi_balanced.a)
  0x08001BDD  __SEGGER_init_zero                 18      2  Code  Wk  SEGGER_crtinit.o (SEGGER_crtinit_v7m_t_le_eabi_balanced.a)
  0x08001BEF  __SEGGER_init_copy                 20      2  Code  Wk  SEGGER_crtinit.o (SEGGER_crtinit_v7m_t_le_eabi_balanced.a)

Function symbols by descending size:

  Symbol name                      Size  Align  Type  Bd  Object File
  -------------------------  ----------  -----  ----  --  -----------
  HAL_RCC_OscConfig               1 448      4  Code  Gb  stm32f1xx_hal_rcc.o
  HAL_GPIO_Init                     714      4  Code  Gb  stm32f1xx_hal_gpio.o
  HAL_RCC_ClockConfig               538      4  Code  Gb  stm32f1xx_hal_rcc.o
  HAL_UART_Transmit                 276      4  Code  Gb  stm32f1xx_hal_uart.o
  lcd_write_nibble                  196      2  Code  Gb  main.o
  UART_EndRxTransfer                186      4  Code  Lc  stm32f1xx_hal_uart.o
  UART_SetConfig                    182      4  Code  Lc  stm32f1xx_hal_uart.o
  UART_WaitOnFlagUntilTimeout
                                    180      4  Code  Lc  stm32f1xx_hal_uart.o
  HAL_RCC_GetSysClockFreq           174      4  Code  Gb  stm32f1xx_hal_rcc.o
  HAL_UART_MspInit                  160      4  Code  Gb  stm32f1xx_hal_msp.o
  main                              158      2  Code  Gb  main.o
  check_len                         152      2  Code  Gb  main.o
  HAL_UART_Init                     146      4  Code  Gb  stm32f1xx_hal_uart.o
  getdata_from_buffer               144      2  Code  Gb  main.o
  MX_GPIO_Init                      116      2  Code  Lc  main.o
  check_package                     108      2  Code  Gb  main.o
  HAL_InitTick                      106      4  Code  Wk  stm32f1xx_hal.o
  __aeabi_memclr                    104      4  Code  Wk  strasmops_arm.o (strops_unaligned_v7m_t_le_eabi_balanced.a)
  NVIC_EncodePriority               100      4  Code  Lc  stm32f1xx_hal_cortex.o
  SystemClock_Config                100      2  Code  Gb  main.o
  lcd_init                          100      2  Code  Gb  main.o
  UART_Start_Receive_IT              94      4  Code  Gb  stm32f1xx_hal_uart.o
  memcpy                             92      4  Code  Wk  strasmops_arm.o (strops_unaligned_v7m_t_le_eabi_balanced.a)
  HAL_MspInit                        88      4  Code  Gb  stm32f1xx_hal_msp.o
  check_char                         82      2  Code  Gb  main.o
  HAL_UART_Receive_IT                78      4  Code  Gb  stm32f1xx_hal_uart.o
  SysTick_Config                     78      4  Code  Lc  stm32f1xx_hal_cortex.o
  lcd_gotoxy                         74      2  Code  Gb  main.o
  __NVIC_SetPriority                 62      4  Code  Lc  stm32f1xx_hal_cortex.o
  MX_USART1_UART_Init                60      2  Code  Lc  main.o
  __NVIC_SetPriorityGrouping
                                     60      4  Code  Lc  stm32f1xx_hal_cortex.o
  HAL_Delay                          58      4  Code  Wk  stm32f1xx_hal.o
  RCC_Delay                          52      4  Code  Lc  stm32f1xx_hal_rcc.o
  HAL_NVIC_SetPriority               50      4  Code  Gb  stm32f1xx_hal_cortex.o
  lcd_send_cmd                       46      2  Code  Gb  main.o
  lcd_send_data                      46      2  Code  Gb  main.o
  strcpy                             46      4  Code  Wk  strasmops_arm.o (strops_unaligned_v7m_t_le_eabi_balanced.a)
  __NVIC_EnableIRQ                   44      4  Code  Lc  stm32f1xx_hal_cortex.o
  strlen                             44      2  Code  Wk  strops.o (strops_unaligned_v7m_t_le_eabi_balanced.a)
  HAL_GPIO_WritePin                  42      4  Code  Gb  stm32f1xx_hal_gpio.o
  HAL_Init                           38      4  Code  Gb  stm32f1xx_hal.o
  HAL_RCC_GetPCLK1Freq               34      4  Code  Gb  stm32f1xx_hal_rcc.o
  HAL_RCC_GetPCLK2Freq               34      4  Code  Gb  stm32f1xx_hal_rcc.o
  lcd_display                        30      2  Code  Gb  main.o
  display_data                       28      2  Code  Gb  main.o
  HAL_IncTick                        26      4  Code  Wk  stm32f1xx_hal.o
  HAL_NVIC_EnableIRQ                 20      4  Code  Gb  stm32f1xx_hal_cortex.o
  __SEGGER_init_copy                 20      2  Code  Wk  SEGGER_crtinit.o (SEGGER_crtinit_v7m_t_le_eabi_balanced.a)
  __SEGGER_init_zero                 18      2  Code  Wk  SEGGER_crtinit.o (SEGGER_crtinit_v7m_t_le_eabi_balanced.a)
  HAL_NVIC_SetPriorityGrouping
                                     16      4  Code  Gb  stm32f1xx_hal_cortex.o
  HAL_SYSTICK_Config                 16      4  Code  Gb  stm32f1xx_hal_cortex.o
  __NVIC_GetPriorityGrouping
                                     16      4  Code  Lc  stm32f1xx_hal_cortex.o
  _start                             14      4  Code  Gb  SEGGER_THUMB_Startup.o
  HAL_GetTick                        12      4  Code  Wk  stm32f1xx_hal.o
  HAL_RCC_GetHCLKFreq                12      4  Code  Gb  stm32f1xx_hal_rcc.o
  lcd_clear                          10      2  Code  Gb  main.o
  Reset_Handler                       8      2  Code  Gb  Cortex_M_Startup.o
  SysTick_Handler                     8      2  Code  Gb  stm32f1xx_it.o
  reset_handler                       8      2  Code  Gb  Cortex_M_Startup.o
  Error_Handler                       4      2  Code  Gb  main.o
  BusFault_Handler                    2      2  Code  Gb  stm32f1xx_it.o
  DebugMon_Handler                    2      2  Code  Gb  stm32f1xx_it.o
  HardFault_Handler                   2      2  Code  Gb  stm32f1xx_it.o
  MemManage_Handler                   2      2  Code  Gb  stm32f1xx_it.o
  NMI_Handler                         2      2  Code  Gb  stm32f1xx_it.o
  PendSV_Handler                      2      2  Code  Gb  stm32f1xx_it.o
  SVC_Handler                         2      2  Code  Gb  stm32f1xx_it.o
  SystemInit                          2      4  Code  Gb  system_stm32f1xx.o
  UsageFault_Handler                  2      2  Code  Gb  stm32f1xx_it.o
  exit                                2      4  Code  Gb  SEGGER_THUMB_Startup.o
  __SEGGER_init_done                         4  Code  Gb  SEGGER_THUMB_Startup.o
  __aeabi_memclr4                            4  Code  Wk  strasmops_arm.o (strops_unaligned_v7m_t_le_eabi_balanced.a)
  __aeabi_memclr8                            4  Code  Wk  strasmops_arm.o (strops_unaligned_v7m_t_le_eabi_balanced.a)
  __aeabi_memcpy                             4  Code  Wk  strasmops_arm.o (strops_unaligned_v7m_t_le_eabi_balanced.a)
  __aeabi_memcpy4                            4  Code  Wk  strasmops_arm.o (strops_unaligned_v7m_t_le_eabi_balanced.a)
  __aeabi_memcpy8                            4  Code  Wk  strasmops_arm.o (strops_unaligned_v7m_t_le_eabi_balanced.a)
  __aeabi_memset                             4  Code  Wk  strasmops_arm.o (strops_unaligned_v7m_t_le_eabi_balanced.a)
  __aeabi_memset4                            4  Code  Wk  strasmops_arm.o (strops_unaligned_v7m_t_le_eabi_balanced.a)
  __aeabi_memset8                            4  Code  Wk  strasmops_arm.o (strops_unaligned_v7m_t_le_eabi_balanced.a)
  __startup_complete                         4  Code  Gb  SEGGER_THUMB_Startup.o
  memset                                     4  Code  Wk  strasmops_arm.o (strops_unaligned_v7m_t_le_eabi_balanced.a)

Read-write data symbols by name:

  Symbol name                   Address        Size  Align  Type  Bd  Object File
  -------------------------  ----------  ----------  -----  ----  --  -----------
  SystemCoreClock            0x200000B8           4      4  Init  Gb  system_stm32f1xx.o
  data_buffer                0x2000009E          20         Zero  Gb  main.o
  data_receive               0x200000B2           1         Zero  Gb  main.o
  getdata_from_buffer.lcd_string
                             0x2000008A          20         Zero  Lc  main.o
  huart1                     0x20000000          72      4  Zero  Gb  main.o
  last_receive_time          0x20000054           4      4  Zero  Gb  main.o
  package_size               0x20000050           4      4  Zero  Gb  main.o
  response                   0x20000058          50         Zero  Gb  main.o
  rx_index                   0x2000004C           4      4  Zero  Gb  main.o
  uwTick                     0x20000048           4      4  Zero  Gb  stm32f1xx_hal.o
  uwTickFreq                 0x200000B3           1         Init  Gb  stm32f1xx_hal.o
  uwTickPrio                 0x200000B4           4      4  Init  Gb  stm32f1xx_hal.o

Read-write data symbols by address:

     Address  Symbol name                      Size  Align  Type  Bd  Object File
  ----------  -------------------------  ----------  -----  ----  --  -----------
  0x20000000  huart1                             72      4  Zero  Gb  main.o
  0x20000048  uwTick                              4      4  Zero  Gb  stm32f1xx_hal.o
  0x2000004C  rx_index                            4      4  Zero  Gb  main.o
  0x20000050  package_size                        4      4  Zero  Gb  main.o
  0x20000054  last_receive_time                   4      4  Zero  Gb  main.o
  0x20000058  response                           50         Zero  Gb  main.o
  0x2000008A  getdata_from_buffer.lcd_string
                                                 20         Zero  Lc  main.o
  0x2000009E  data_buffer                        20         Zero  Gb  main.o
  0x200000B2  data_receive                        1         Zero  Gb  main.o
  0x200000B3  uwTickFreq                          1         Init  Gb  stm32f1xx_hal.o
  0x200000B4  uwTickPrio                          4      4  Init  Gb  stm32f1xx_hal.o
  0x200000B8  SystemCoreClock                     4      4  Init  Gb  system_stm32f1xx.o

Read-write data symbols by descending size:

  Symbol name                      Size  Align  Type  Bd  Object File
  -------------------------  ----------  -----  ----  --  -----------
  huart1                             72      4  Zero  Gb  main.o
  response                           50         Zero  Gb  main.o
  data_buffer                        20         Zero  Gb  main.o
  getdata_from_buffer.lcd_string
                                     20         Zero  Lc  main.o
  SystemCoreClock                     4      4  Init  Gb  system_stm32f1xx.o
  last_receive_time                   4      4  Zero  Gb  main.o
  package_size                        4      4  Zero  Gb  main.o
  rx_index                            4      4  Zero  Gb  main.o
  uwTick                              4      4  Zero  Gb  stm32f1xx_hal.o
  uwTickPrio                          4      4  Init  Gb  stm32f1xx_hal.o
  data_receive                        1         Zero  Gb  main.o
  uwTickFreq                          1         Init  Gb  stm32f1xx_hal.o

Read-only data symbols by name:

  Symbol name                   Address        Size  Align  Type  Bd  Object File
  -------------------------  ----------  ----------  -----  ----  --  -----------
  AHBPrescTable              0x08001B88          16         Cnst  Gb  system_stm32f1xx.o
  APBPrescTable              0x08001B98           8         Cnst  Gb  system_stm32f1xx.o
  HAL_RCC_GetSysClockFreq.aPLLMULFactorTable
                             0x08001BA0          16         Cnst  Lc  stm32f1xx_hal_rcc.o
  HAL_RCC_GetSysClockFreq.aPredivFactorTable
                             0x0800161E           2         Cnst  Lc  stm32f1xx_hal_rcc.o
  __SEGGER_init_data__       0x08001BD0        [12]      4  Cnst  Lc  [ Linker created ]
  __SEGGER_init_table__      0x08001BB0        [32]      4  Cnst  Lc  [ Linker created ]

Read-only data symbols by address:

     Address  Symbol name                      Size  Align  Type  Bd  Object File
  ----------  -------------------------  ----------  -----  ----  --  -----------
  0x0800161E  HAL_RCC_GetSysClockFreq.aPredivFactorTable
                                                  2         Cnst  Lc  stm32f1xx_hal_rcc.o
  0x08001B88  AHBPrescTable                      16         Cnst  Gb  system_stm32f1xx.o
  0x08001B98  APBPrescTable                       8         Cnst  Gb  system_stm32f1xx.o
  0x08001BA0  HAL_RCC_GetSysClockFreq.aPLLMULFactorTable
                                                 16         Cnst  Lc  stm32f1xx_hal_rcc.o
  0x08001BB0  __SEGGER_init_table__            [32]      4  Cnst  Lc  [ Linker created ]
  0x08001BD0  __SEGGER_init_data__             [12]      4  Cnst  Lc  [ Linker created ]

Untyped symbols by name:

  Symbol name                     Value        Size  Align  Type  Bd  Object File
  -------------------------  ----------  ----------  -----  ----  --  -----------
  __FLASH1_segment_end__     0x08010000                     ----  Gb  [ Linker created ]
  __FLASH1_segment_size__    0x00010000                     ----  Gb  [ Linker created ]
  __FLASH1_segment_start__   0x08000000                     ----  Gb  [ Linker created ]
  __FLASH1_segment_used_end__
                             0x08001C02                     ----  Gb  [ Linker created ]
  __FLASH1_segment_used_size__
                             0x00001C02                     ----  Gb  [ Linker created ]
  __FLASH1_segment_used_start__
                             0x08000000                     ----  Gb  [ Linker created ]
  __FLASH_segment_end__      0x08010000                     ----  Gb  [ Linker created ]
  __FLASH_segment_size__     0x00010000                     ----  Gb  [ Linker created ]
  __FLASH_segment_start__    0x08000000                     ----  Gb  [ Linker created ]
  __FLASH_segment_used_end__
                             0x08001C02                     ----  Gb  [ Linker created ]
  __FLASH_segment_used_size__
                             0x00001C02                     ----  Gb  [ Linker created ]
  __FLASH_segment_used_start__
                             0x08000000                     ----  Gb  [ Linker created ]
  __HEAPSIZE__               0x00000400                     ----  Gb  [ Linker created ]
  __RAM1_segment_end__       0x20005000                     ----  Gb  [ Linker created ]
  __RAM1_segment_size__      0x00005000                     ----  Gb  [ Linker created ]
  __RAM1_segment_start__     0x20000000                     ----  Gb  [ Linker created ]
  __RAM1_segment_used_end__  0x20005000                     ----  Gb  [ Linker created ]
  __RAM1_segment_used_size__
                             0x00005000                     ----  Gb  [ Linker created ]
  __RAM1_segment_used_start__
                             0x20000000                     ----  Gb  [ Linker created ]
  __RAM_segment_end__        0x20005000                     ----  Gb  [ Linker created ]
  __RAM_segment_size__       0x00005000                     ----  Gb  [ Linker created ]
  __RAM_segment_start__      0x20000000                     ----  Gb  [ Linker created ]
  __RAM_segment_used_end__   0x20005000                     ----  Gb  [ Linker created ]
  __RAM_segment_used_size__  0x00005000                     ----  Gb  [ Linker created ]
  __RAM_segment_used_start__
                             0x20000000                     ----  Gb  [ Linker created ]
  __STACKSIZE_PROCESS__      0x00000000                     ----  Gb  [ Linker created ]
  __STACKSIZE__              0x00000400                     ----  Gb  [ Linker created ]
  __stack_end__              0x20005000                     ----  Gb  [ Linker created ]
  __thread_pointer$          0x00000000                     ----  Gb  [ Linker created ]
  _vectors                   0x08000000          64      4  Cnst  Gb  Cortex_M_Startup.o
  _vectors_end               0x08000040                  4  Cnst  Lc  Cortex_M_Startup.o

Untyped symbols by address:

       Value  Symbol name                      Size  Align  Type  Bd  Object File
  ----------  -------------------------  ----------  -----  ----  --  -----------
  0x00000000  __thread_pointer$                             ----  Gb  [ Linker created ]
  0x00000000  __STACKSIZE_PROCESS__                         ----  Gb  [ Linker created ]
  0x00000400  __STACKSIZE__                                 ----  Gb  [ Linker created ]
  0x00000400  __HEAPSIZE__                                  ----  Gb  [ Linker created ]
  0x00001C02  __FLASH_segment_used_size__
                                                            ----  Gb  [ Linker created ]
  0x00001C02  __FLASH1_segment_used_size__
                                                            ----  Gb  [ Linker created ]
  0x00005000  __RAM_segment_used_size__                     ----  Gb  [ Linker created ]
  0x00005000  __RAM_segment_size__                          ----  Gb  [ Linker created ]
  0x00005000  __RAM1_segment_used_size__
                                                            ----  Gb  [ Linker created ]
  0x00005000  __RAM1_segment_size__                         ----  Gb  [ Linker created ]
  0x00010000  __FLASH_segment_size__                        ----  Gb  [ Linker created ]
  0x00010000  __FLASH1_segment_size__                       ----  Gb  [ Linker created ]
  0x08000000  _vectors                           64      4  Cnst  Gb  Cortex_M_Startup.o
  0x08000000  __FLASH_segment_used_start__
                                                            ----  Gb  [ Linker created ]
  0x08000000  __FLASH_segment_start__                       ----  Gb  [ Linker created ]
  0x08000000  __FLASH1_segment_used_start__
                                                            ----  Gb  [ Linker created ]
  0x08000000  __FLASH1_segment_start__                      ----  Gb  [ Linker created ]
  0x08000040  _vectors_end                               4  Cnst  Lc  Cortex_M_Startup.o
  0x08001C02  __FLASH_segment_used_end__
                                                            ----  Gb  [ Linker created ]
  0x08001C02  __FLASH1_segment_used_end__
                                                            ----  Gb  [ Linker created ]
  0x08010000  __FLASH_segment_end__                         ----  Gb  [ Linker created ]
  0x08010000  __FLASH1_segment_end__                        ----  Gb  [ Linker created ]
  0x20000000  __RAM_segment_used_start__
                                                            ----  Gb  [ Linker created ]
  0x20000000  __RAM_segment_start__                         ----  Gb  [ Linker created ]
  0x20000000  __RAM1_segment_used_start__
                                                            ----  Gb  [ Linker created ]
  0x20000000  __RAM1_segment_start__                        ----  Gb  [ Linker created ]
  0x20005000  __stack_end__                                 ----  Gb  [ Linker created ]
  0x20005000  __RAM_segment_used_end__                      ----  Gb  [ Linker created ]
  0x20005000  __RAM_segment_end__                           ----  Gb  [ Linker created ]
  0x20005000  __RAM1_segment_used_end__                     ----  Gb  [ Linker created ]
  0x20005000  __RAM1_segment_end__                          ----  Gb  [ Linker created ]


***********************************************************************************************
***                                                                                         ***
***                                      LINK SUMMARY                                       ***
***                                                                                         ***
***********************************************************************************************

Memory breakdown:

    6 974 bytes read-only  code    + 
      194 bytes read-only  data    =   7 168 bytes read-only (total)
    1 212 bytes read-write data

Region summary:

  Name        Range                     Size                 Used               Unused       Alignment Loss
  ----------  -----------------  -----------  -------------------  -------------------  -------------------
  FLASH       08000000-0800ffff       65 536        7 168  10.94%       58 366  89.06%            2   0.00%
  RAM         20000000-20004fff       20 480        1 212   5.92%       19 268  94.08%            0   0.00%

Link complete: 0 errors, 0 warnings, 0 remarks
