Archive member included to satisfy reference by file (symbol)

d:/arm-gcc/gcc/bin/../lib/gcc/arm-none-eabi/11.2.1/thumb/v7-m/nofp\libc_nano.a(lib_a-exit.o)
                              d:/arm-gcc/gcc/bin/../lib/gcc/arm-none-eabi/11.2.1/thumb/v7-m/nofp/crt0.o (exit)
d:/arm-gcc/gcc/bin/../lib/gcc/arm-none-eabi/11.2.1/thumb/v7-m/nofp\libc_nano.a(lib_a-impure.o)
                              d:/arm-gcc/gcc/bin/../lib/gcc/arm-none-eabi/11.2.1/thumb/v7-m/nofp\libc_nano.a(lib_a-exit.o) (_global_impure_ptr)
d:/arm-gcc/gcc/bin/../lib/gcc/arm-none-eabi/11.2.1/thumb/v7-m/nofp\libc_nano.a(lib_a-init.o)
                              d:/arm-gcc/gcc/bin/../lib/gcc/arm-none-eabi/11.2.1/thumb/v7-m/nofp/crt0.o (__libc_init_array)
d:/arm-gcc/gcc/bin/../lib/gcc/arm-none-eabi/11.2.1/thumb/v7-m/nofp\libc_nano.a(lib_a-memset.o)
                              d:/arm-gcc/gcc/bin/../lib/gcc/arm-none-eabi/11.2.1/thumb/v7-m/nofp/crt0.o (memset)
d:/arm-gcc/gcc/bin/../lib/gcc/arm-none-eabi/11.2.1/thumb/v7-m/nofp\libnosys.a(_exit.o)
                              d:/arm-gcc/gcc/bin/../lib/gcc/arm-none-eabi/11.2.1/thumb/v7-m/nofp\libc_nano.a(lib_a-exit.o) (_exit)

Discarded input sections

 .text          0x00000000        0x0 d:/arm-gcc/gcc/bin/../lib/gcc/arm-none-eabi/11.2.1/thumb/v7-m/nofp/crti.o
 .data          0x00000000        0x0 d:/arm-gcc/gcc/bin/../lib/gcc/arm-none-eabi/11.2.1/thumb/v7-m/nofp/crti.o
 .bss           0x00000000        0x0 d:/arm-gcc/gcc/bin/../lib/gcc/arm-none-eabi/11.2.1/thumb/v7-m/nofp/crti.o
 .text          0x00000000        0x0 d:/arm-gcc/gcc/bin/../lib/gcc/arm-none-eabi/11.2.1/thumb/v7-m/nofp/crtbegin.o
 .data          0x00000000        0x0 d:/arm-gcc/gcc/bin/../lib/gcc/arm-none-eabi/11.2.1/thumb/v7-m/nofp/crtbegin.o
 .bss           0x00000000        0x0 d:/arm-gcc/gcc/bin/../lib/gcc/arm-none-eabi/11.2.1/thumb/v7-m/nofp/crtbegin.o
 .rodata.all_implied_fbits
                0x00000000       0x24 d:/arm-gcc/gcc/bin/../lib/gcc/arm-none-eabi/11.2.1/thumb/v7-m/nofp/crtbegin.o
 .data.__dso_handle
                0x00000000        0x4 d:/arm-gcc/gcc/bin/../lib/gcc/arm-none-eabi/11.2.1/thumb/v7-m/nofp/crtbegin.o
 .text          0x00000000       0x7c d:/arm-gcc/gcc/bin/../lib/gcc/arm-none-eabi/11.2.1/thumb/v7-m/nofp/crt0.o
 .data          0x00000000        0x0 d:/arm-gcc/gcc/bin/../lib/gcc/arm-none-eabi/11.2.1/thumb/v7-m/nofp/crt0.o
 .bss           0x00000000        0x0 d:/arm-gcc/gcc/bin/../lib/gcc/arm-none-eabi/11.2.1/thumb/v7-m/nofp/crt0.o
 .ARM.extab     0x00000000        0x0 d:/arm-gcc/gcc/bin/../lib/gcc/arm-none-eabi/11.2.1/thumb/v7-m/nofp/crt0.o
 .ARM.exidx     0x00000000       0x10 d:/arm-gcc/gcc/bin/../lib/gcc/arm-none-eabi/11.2.1/thumb/v7-m/nofp/crt0.o
 .debug_line    0x00000000       0x76 d:/arm-gcc/gcc/bin/../lib/gcc/arm-none-eabi/11.2.1/thumb/v7-m/nofp/crt0.o
 .debug_line_str
                0x00000000       0xa6 d:/arm-gcc/gcc/bin/../lib/gcc/arm-none-eabi/11.2.1/thumb/v7-m/nofp/crt0.o
 .debug_info    0x00000000       0x24 d:/arm-gcc/gcc/bin/../lib/gcc/arm-none-eabi/11.2.1/thumb/v7-m/nofp/crt0.o
 .debug_abbrev  0x00000000       0x14 d:/arm-gcc/gcc/bin/../lib/gcc/arm-none-eabi/11.2.1/thumb/v7-m/nofp/crt0.o
 .debug_aranges
                0x00000000       0x20 d:/arm-gcc/gcc/bin/../lib/gcc/arm-none-eabi/11.2.1/thumb/v7-m/nofp/crt0.o
 .debug_str     0x00000000       0x9f d:/arm-gcc/gcc/bin/../lib/gcc/arm-none-eabi/11.2.1/thumb/v7-m/nofp/crt0.o
 .ARM.attributes
                0x00000000       0x1b d:/arm-gcc/gcc/bin/../lib/gcc/arm-none-eabi/11.2.1/thumb/v7-m/nofp/crt0.o
 .text          0x00000000        0x0 build/main.o
 .data          0x00000000        0x0 build/main.o
 .bss           0x00000000        0x0 build/main.o
 .text.DS1307_GetTime
                0x00000000       0x78 build/main.o
 .text.lcd_clear
                0x00000000       0x10 build/main.o
 .bss.hours     0x00000000        0x1 build/main.o
 .bss.minutes   0x00000000        0x1 build/main.o
 .bss.seconds   0x00000000        0x1 build/main.o
 .rodata.DS1307_ADDRESS
                0x00000000        0x1 build/main.o
 .text          0x00000000        0x0 build/stm32f1xx_it.o
 .data          0x00000000        0x0 build/stm32f1xx_it.o
 .bss           0x00000000        0x0 build/stm32f1xx_it.o
 .text          0x00000000        0x0 build/stm32f1xx_hal_msp.o
 .data          0x00000000        0x0 build/stm32f1xx_hal_msp.o
 .bss           0x00000000        0x0 build/stm32f1xx_hal_msp.o
 .text.HAL_I2C_MspDeInit
                0x00000000       0x38 build/stm32f1xx_hal_msp.o
 .text.HAL_UART_MspDeInit
                0x00000000       0x30 build/stm32f1xx_hal_msp.o
 .text          0x00000000        0x0 build/stm32f1xx_hal_gpio_ex.o
 .data          0x00000000        0x0 build/stm32f1xx_hal_gpio_ex.o
 .bss           0x00000000        0x0 build/stm32f1xx_hal_gpio_ex.o
 .text.HAL_GPIOEx_ConfigEventout
                0x00000000       0x14 build/stm32f1xx_hal_gpio_ex.o
 .text.HAL_GPIOEx_EnableEventout
[...]
Memory Configuration

Name             Origin             Length             Attributes
RAM              0x20000000         0x00001800         xrw
FLASH            0x08000000         0x00004000         xr
*default*        0x00000000         0xffffffff

Linker script and memory map

LOAD d:/arm-gcc/gcc/bin/../lib/gcc/arm-none-eabi/11.2.1/thumb/v7-m/nofp/crti.o
LOAD d:/arm-gcc/gcc/bin/../lib/gcc/arm-none-eabi/11.2.1/thumb/v7-m/nofp/crtbegin.o
LOAD d:/arm-gcc/gcc/bin/../lib/gcc/arm-none-eabi/11.2.1/thumb/v7-m/nofp/crt0.o
LOAD build/main.o
LOAD build/stm32f1xx_it.o
LOAD build/stm32f1xx_hal_msp.o
LOAD build/stm32f1xx_hal_gpio_ex.o
LOAD build/stm32f1xx_hal_i2c.o
LOAD build/stm32f1xx_hal.o
LOAD build/stm32f1xx_hal_rcc.o
LOAD build/stm32f1xx_hal_rcc_ex.o
LOAD build/stm32f1xx_hal_gpio.o
LOAD build/stm32f1xx_hal_dma.o
LOAD build/stm32f1xx_hal_cortex.o
LOAD build/stm32f1xx_hal_pwr.o
LOAD build/stm32f1xx_hal_flash.o
LOAD build/stm32f1xx_hal_flash_ex.o
LOAD build/stm32f1xx_hal_exti.o
LOAD build/stm32f1xx_hal_tim.o
LOAD build/stm32f1xx_hal_tim_ex.o
LOAD build/stm32f1xx_hal_uart.o
LOAD build/system_stm32f1xx.o
LOAD build/startup_stm32f103x6.o
LOAD d:/arm-gcc/gcc/bin/../lib/gcc/arm-none-eabi/11.2.1/thumb/v7-m/nofp\libc_nano.a
LOAD d:/arm-gcc/gcc/bin/../lib/gcc/arm-none-eabi/11.2.1/thumb/v7-m/nofp\libm.a
LOAD d:/arm-gcc/gcc/bin/../lib/gcc/arm-none-eabi/11.2.1/thumb/v7-m/nofp\libnosys.a
START GROUP
LOAD d:/arm-gcc/gcc/bin/../lib/gcc/arm-none-eabi/11.2.1/thumb/v7-m/nofp\libgcc.a
LOAD d:/arm-gcc/gcc/bin/../lib/gcc/arm-none-eabi/11.2.1/thumb/v7-m/nofp\libc_nano.a
END GROUP
START GROUP
LOAD d:/arm-gcc/gcc/bin/../lib/gcc/arm-none-eabi/11.2.1/thumb/v7-m/nofp\libgcc.a
LOAD d:/arm-gcc/gcc/bin/../lib/gcc/arm-none-eabi/11.2.1/thumb/v7-m/nofp\libc_nano.a
END GROUP
LOAD d:/arm-gcc/gcc/bin/../lib/gcc/arm-none-eabi/11.2.1/thumb/v7-m/nofp/crtend.o
LOAD d:/arm-gcc/gcc/bin/../lib/gcc/arm-none-eabi/11.2.1/thumb/v7-m/nofp/crtn.o
                0x20001800                _estack = (ORIGIN (RAM) + LENGTH (RAM))
                0x00000200                _Min_Heap_Size = 0x200
                0x00000400                _Min_Stack_Size = 0x400

.isr_vector     0x08000000      0x10c
                0x08000000                . = ALIGN (0x4)
 *(.isr_vector)
 .isr_vector    0x08000000      0x10c build/startup_stm32f103x6.o
                0x08000000                g_pfnVectors
                0x0800010c                . = ALIGN (0x4)

.text           0x0800010c     0x1fd0
                0x0800010c                . = ALIGN (0x4)
 *(.text)
 *(.text*)
 .text.deregister_tm_clones
                0x0800010c       0x1c d:/arm-gcc/gcc/bin/../lib/gcc/arm-none-eabi/11.2.1/thumb/v7-m/nofp/crtbegin.o
 .text.register_tm_clones
                0x08000128       0x24 d:/arm-gcc/gcc/bin/../lib/gcc/arm-none-eabi/11.2.1/thumb/v7-m/nofp/crtbegin.o
 .text.__do_global_dtors_aux
                0x0800014c       0x28 d:/arm-gcc/gcc/bin/../lib/gcc/arm-none-eabi/11.2.1/thumb/v7-m/nofp/crtbegin.o
 .text.frame_dummy
                0x08000174       0x24 d:/arm-gcc/gcc/bin/../lib/gcc/arm-none-eabi/11.2.1/thumb/v7-m/nofp/crtbegin.o
 .text.MX_GPIO_Init
                0x08000198       0x74 build/main.o
 .text.lcd_send_cmd
                0x0800020c       0x40 build/main.o
                0x0800020c                lcd_send_cmd
 .text.lcd_send_data
                0x0800024c       0x48 build/main.o
                0x0800024c                lcd_send_data
 .text.lcd_init
                0x08000294       0x4c build/main.o
                0x08000294                lcd_init
 .text.lcd_put_cur
                0x080002e0       0x18 build/main.o
                0x080002e0                lcd_put_cur
 .text.lcd_send_string
                0x080002f8       0x14 build/main.o
                0x080002f8                lcd_send_string
 .text.BCD_to_Dec
                0x0800030c       0x12 build/main.o
                0x0800030c                BCD_to_Dec
 *fill*         0x0800031e        0x2 
 .text.get_seconds
                0x08000320       0x30 build/main.o
                0x08000320                get_seconds
 .text.Error_Handler
                0x08000350        0x4 build/main.o
                0x08000350                Error_Handler
 .text.MX_I2C1_Init
                0x08000354       0x38 build/main.o
 .text.MX_USART1_UART_Init
                0x0800038c       0x34 build/main.o
 .text.SystemClock_Config
                0x080003c0       0x64 build/main.o
                0x080003c0                SystemClock_Config
 .text.main     0x08000424       0x74 build/main.o
                0x08000424                main
 .text.NMI_Handler
                0x08000498        0x2 build/stm32f1xx_it.o
                0x08000498                NMI_Handler
 .text.HardFault_Handler
                0x0800049a        0x2 build/stm32f1xx_it.o
                0x0800049a                HardFault_Handler
 .text.MemManage_Handler
                0x0800049c        0x2 build/stm32f1xx_it.o
                0x0800049c                MemManage_Handler
 .text.BusFault_Handler
                0x0800049e        0x2 build/stm32f1xx_it.o
                0x0800049e                BusFault_Handler
 .text.UsageFault_Handler
                0x080004a0        0x2 build/stm32f1xx_it.o
                0x080004a0                UsageFault_Handler
 .text.SVC_Handler
                0x080004a2        0x2 build/stm32f1xx_it.o
                0x080004a2                SVC_Handler
 .text.DebugMon_Handler
                0x080004a4        0x2 build/stm32f1xx_it.o
                0x080004a4                DebugMon_Handler
 .text.PendSV_Handler
                0x080004a6        0x2 build/stm32f1xx_it.o
                0x080004a6                PendSV_Handler
 .text.SysTick_Handler
                0x080004a8        0x8 build/stm32f1xx_it.o
                0x080004a8                SysTick_Handler
 .text.HAL_MspInit
                0x080004b0       0x44 build/stm32f1xx_hal_msp.o
                0x080004b0                HAL_MspInit
 .text.HAL_I2C_MspInit
                0x080004f4       0x64 build/stm32f1xx_hal_msp.o
                0x080004f4                HAL_I2C_MspInit
 .text.HAL_UART_MspInit
                0x08000558       0x78 build/stm32f1xx_hal_msp.o
                0x08000558                HAL_UART_MspInit
 .text.I2C_IsAcknowledgeFailed
                0x080005d0       0x32 build/stm32f1xx_hal_i2c.o
 .text.I2C_WaitOnFlagUntilTimeout
                0x08000602       0xaa build/stm32f1xx_hal_i2c.o
 .text.I2C_WaitOnMasterAddressFlagUntilTimeout
                0x080006ac       0xd6 build/stm32f1xx_hal_i2c.o
 *fill*         0x08000782        0x2 
 .text.I2C_MasterRequestWrite
                0x08000784       0xb4 build/stm32f1xx_hal_i2c.o
 .text.I2C_WaitOnTXEFlagUntilTimeout
                0x08000838       0x5e build/stm32f1xx_hal_i2c.o
 *fill*         0x08000896        0x2 
 .text.I2C_RequestMemoryWrite
                0x08000898       0xd8 build/stm32f1xx_hal_i2c.o
 .text.I2C_RequestMemoryRead
                0x08000970      0x154 build/stm32f1xx_hal_i2c.o
 .text.I2C_WaitOnBTFFlagUntilTimeout
                0x08000ac4       0x5e build/stm32f1xx_hal_i2c.o
 .text.I2C_WaitOnRXNEFlagUntilTimeout
                0x08000b22       0x78 build/stm32f1xx_hal_i2c.o
 *fill*         0x08000b9a        0x2 
 .text.HAL_I2C_Init
                0x08000b9c      0x1bc build/stm32f1xx_hal_i2c.o
                0x08000b9c                HAL_I2C_Init
 .text.HAL_I2C_Master_Transmit
                0x08000d58      0x178 build/stm32f1xx_hal_i2c.o
                0x08000d58                HAL_I2C_Master_Transmit
 .text.HAL_I2C_Mem_Write
                0x08000ed0      0x164 build/stm32f1xx_hal_i2c.o
                0x08000ed0                HAL_I2C_Mem_Write
 .text.HAL_I2C_Mem_Read
                0x08001034      0x35c build/stm32f1xx_hal_i2c.o
                0x08001034                HAL_I2C_Mem_Read
 .text.HAL_InitTick
                0x08001390       0x4c build/stm32f1xx_hal.o
                0x08001390                HAL_InitTick
 .text.HAL_Init
                0x080013dc       0x24 build/stm32f1xx_hal.o
                0x080013dc                HAL_Init
 .text.HAL_IncTick
                0x08001400       0x18 build/stm32f1xx_hal.o
                0x08001400                HAL_IncTick
 .text.HAL_GetTick
                0x08001418        0xc build/stm32f1xx_hal.o
                0x08001418                HAL_GetTick
 .text.HAL_Delay
                0x08001424       0x28 build/stm32f1xx_hal.o
                0x08001424                HAL_Delay
 .text.RCC_Delay
                0x0800144c       0x2c build/stm32f1xx_hal_rcc.o
 .text.HAL_RCC_OscConfig
                0x08001478      0x410 build/stm32f1xx_hal_rcc.o
                0x08001478                HAL_RCC_OscConfig
 .text.HAL_RCC_GetSysClockFreq
                0x08001888       0x54 build/stm32f1xx_hal_rcc.o
                0x08001888                HAL_RCC_GetSysClockFreq
 .text.HAL_RCC_ClockConfig
                0x080018dc      0x16c build/stm32f1xx_hal_rcc.o
                0x080018dc                HAL_RCC_ClockConfig
 .text.HAL_RCC_GetHCLKFreq
                0x08001a48        0xc build/stm32f1xx_hal_rcc.o
                0x08001a48                HAL_RCC_GetHCLKFreq
 .text.HAL_RCC_GetPCLK1Freq
                0x08001a54       0x20 build/stm32f1xx_hal_rcc.o
                0x08001a54                HAL_RCC_GetPCLK1Freq
 .text.HAL_RCC_GetPCLK2Freq
                0x08001a74       0x20 build/stm32f1xx_hal_rcc.o
                0x08001a74                HAL_RCC_GetPCLK2Freq
 .text.HAL_GPIO_Init
                0x08001a94      0x220 build/stm32f1xx_hal_gpio.o
                0x08001a94                HAL_GPIO_Init
 .text.HAL_GPIO_WritePin
                0x08001cb4        0xc build/stm32f1xx_hal_gpio.o
                0x08001cb4                HAL_GPIO_WritePin
 .text.HAL_NVIC_SetPriorityGrouping
                0x08001cc0       0x24 build/stm32f1xx_hal_cortex.o
                0x08001cc0                HAL_NVIC_SetPriorityGrouping
 .text.HAL_NVIC_SetPriority
                0x08001ce4       0x70 build/stm32f1xx_hal_cortex.o
                0x08001ce4                HAL_NVIC_SetPriority
 .text.HAL_SYSTICK_Config
                0x08001d54       0x28 build/stm32f1xx_hal_cortex.o
                0x08001d54                HAL_SYSTICK_Config
 .text.UART_EndRxTransfer
                0x08001d7c       0x5c build/stm32f1xx_hal_uart.o
 .text.UART_SetConfig
                0x08001dd8       0x94 build/stm32f1xx_hal_uart.o
 .text.UART_WaitOnFlagUntilTimeout
                0x08001e6c       0x86 build/stm32f1xx_hal_uart.o
 .text.HAL_UART_Init
                0x08001ef2       0x60 build/stm32f1xx_hal_uart.o
                0x08001ef2                HAL_UART_Init
 .text.HAL_UART_Transmit
                0x08001f52       0xcc build/stm32f1xx_hal_uart.o
                0x08001f52                HAL_UART_Transmit
 .text.SystemInit
                0x0800201e        0x2 build/system_stm32f1xx.o
                0x0800201e                SystemInit
 .text.Reset_Handler
                0x08002020       0x48 build/startup_stm32f103x6.o
                0x08002020                Reset_Handler
 .text.Default_Handler
                0x08002068        0x2 build/startup_stm32f103x6.o
                0x08002068                RTC_Alarm_IRQHandler
                0x08002068                EXTI2_IRQHandler
                0x08002068                TIM1_CC_IRQHandler
                0x08002068                PVD_IRQHandler
                0x08002068                EXTI3_IRQHandler
                0x08002068                EXTI0_IRQHandler
                0x08002068                ADC1_2_IRQHandler
                0x08002068                SPI1_IRQHandler
                0x08002068                TAMPER_IRQHandler
                0x08002068                DMA1_Channel4_IRQHandler
                0x08002068                RTC_IRQHandler
                0x08002068                DMA1_Channel7_IRQHandler
                0x08002068                CAN1_RX1_IRQHandler
                0x08002068                I2C1_EV_IRQHandler
                0x08002068                DMA1_Channel6_IRQHandler
                0x08002068                TIM3_IRQHandler
                0x08002068                RCC_IRQHandler
                0x08002068                TIM1_TRG_COM_IRQHandler
                0x08002068                DMA1_Channel1_IRQHandler
                0x08002068                Default_Handler
                0x08002068                EXTI15_10_IRQHandler
                0x08002068                EXTI9_5_IRQHandler
                0x08002068                DMA1_Channel5_IRQHandler
                0x08002068                EXTI4_IRQHandler
                0x08002068                USB_LP_CAN1_RX0_IRQHandler
                0x08002068                USB_HP_CAN1_TX_IRQHandler
                0x08002068                DMA1_Channel3_IRQHandler
                0x08002068                TIM1_UP_IRQHandler
                0x08002068                WWDG_IRQHandler
                0x08002068                TIM2_IRQHandler
                0x08002068                TIM1_BRK_IRQHandler
                0x08002068                EXTI1_IRQHandler
                0x08002068                USART2_IRQHandler
                0x08002068                DMA1_Channel2_IRQHandler
                0x08002068                CAN1_SCE_IRQHandler
                0x08002068                FLASH_IRQHandler
                0x08002068                USART1_IRQHandler
                0x08002068                I2C1_ER_IRQHandler
                0x08002068                USBWakeUp_IRQHandler
 *fill*         0x0800206a        0x2 
 .text.__libc_init_array
                0x0800206c       0x48 d:/arm-gcc/gcc/bin/../lib/gcc/arm-none-eabi/11.2.1/thumb/v7-m/nofp\libc_nano.a(lib_a-init.o)
                0x0800206c                __libc_init_array
 .text.memset   0x080020b4       0x10 d:/arm-gcc/gcc/bin/../lib/gcc/arm-none-eabi/11.2.1/thumb/v7-m/nofp\libc_nano.a(lib_a-memset.o)
                0x080020b4                memset
 *(.glue_7)
 .glue_7        0x080020c4        0x0 linker stubs
 *(.glue_7t)
 .glue_7t       0x080020c4        0x0 linker stubs
 *(.eh_frame)
 .eh_frame      0x080020c4        0x0 d:/arm-gcc/gcc/bin/../lib/gcc/arm-none-eabi/11.2.1/thumb/v7-m/nofp/crtbegin.o
 *(.init)
 .init          0x080020c4        0x4 d:/arm-gcc/gcc/bin/../lib/gcc/arm-none-eabi/11.2.1/thumb/v7-m/nofp/crti.o
                0x080020c4                _init
 .init          0x080020c8        0x8 d:/arm-gcc/gcc/bin/../lib/gcc/arm-none-eabi/11.2.1/thumb/v7-m/nofp/crtn.o
 *(.fini)
 .fini          0x080020d0        0x4 d:/arm-gcc/gcc/bin/../lib/gcc/arm-none-eabi/11.2.1/thumb/v7-m/nofp/crti.o
                0x080020d0                _fini
 .fini          0x080020d4        0x8 d:/arm-gcc/gcc/bin/../lib/gcc/arm-none-eabi/11.2.1/thumb/v7-m/nofp/crtn.o
                0x080020dc                . = ALIGN (0x4)
                0x080020dc                _etext = .

.vfp11_veneer   0x080020dc        0x0
 .vfp11_veneer  0x080020dc        0x0 linker stubs

.v4_bx          0x080020dc        0x0
 .v4_bx         0x080020dc        0x0 linker stubs

.iplt           0x080020dc        0x0
 .iplt          0x080020dc        0x0 d:/arm-gcc/gcc/bin/../lib/gcc/arm-none-eabi/11.2.1/thumb/v7-m/nofp/crtbegin.o

.rodata         0x080020dc       0x34
                0x080020dc                . = ALIGN (0x4)
 *(.rodata)
 *(.rodata*)
 .rodata.main.str1.4
                0x080020dc        0x6 build/main.o
 *fill*         0x080020e2        0x2 
 .rodata.aPLLMULFactorTable.1
                0x080020e4       0x10 build/stm32f1xx_hal_rcc.o
 .rodata.aPredivFactorTable.0
                0x080020f4        0x2 build/stm32f1xx_hal_rcc.o
 *fill*         0x080020f6        0x2 
 .rodata.AHBPrescTable
                0x080020f8       0x10 build/system_stm32f1xx.o
                0x080020f8                AHBPrescTable
 .rodata.APBPrescTable
                0x08002108        0x8 build/system_stm32f1xx.o
                0x08002108                APBPrescTable
                0x08002110                . = ALIGN (0x4)

.rel.dyn        0x08002110        0x0
 .rel.iplt      0x08002110        0x0 d:/arm-gcc/gcc/bin/../lib/gcc/arm-none-eabi/11.2.1/thumb/v7-m/nofp/crtbegin.o

.ARM.extab
 *(.ARM.extab* .gnu.linkonce.armextab.*)

.ARM            0x08002110        0x0
                0x08002110                __exidx_start = .
 *(.ARM.exidx*)
                0x08002110                __exidx_end = .

.preinit_array  0x08002110        0x0
                0x08002110                PROVIDE (__preinit_array_start = .)
 *(.preinit_array*)
                0x08002110                PROVIDE (__preinit_array_end = .)

.init_array     0x08002110        0x4
                0x08002110                PROVIDE (__init_array_start = .)
 *(SORT_BY_NAME(.init_array.*))
 *(.init_array*)
 .init_array    0x08002110        0x4 d:/arm-gcc/gcc/bin/../lib/gcc/arm-none-eabi/11.2.1/thumb/v7-m/nofp/crtbegin.o
                0x08002114                PROVIDE (__init_array_end = .)

.fini_array     0x08002114        0x4
                [!provide]                PROVIDE (__fini_array_start = .)
 *(SORT_BY_NAME(.fini_array.*))
 *(.fini_array*)
 .fini_array    0x08002114        0x4 d:/arm-gcc/gcc/bin/../lib/gcc/arm-none-eabi/11.2.1/thumb/v7-m/nofp/crtbegin.o
                [!provide]                PROVIDE (__fini_array_end = .)
                0x08002118                _sidata = LOADADDR (.data)

.data           0x20000000        0xc load address 0x08002118
                0x20000000                . = ALIGN (0x4)
                0x20000000                _sdata = .
 *(.data)
 *(.data*)
 .data.uwTickFreq
                0x20000000        0x1 build/stm32f1xx_hal.o
                0x20000000                uwTickFreq
 *fill*         0x20000001        0x3 
 .data.uwTickPrio
                0x20000004        0x4 build/stm32f1xx_hal.o
                0x20000004                uwTickPrio
 .data.SystemCoreClock
                0x20000008        0x4 build/system_stm32f1xx.o
                0x20000008                SystemCoreClock
                0x2000000c                . = ALIGN (0x4)
                0x2000000c                _edata = .

.tm_clone_table
                0x2000000c        0x0 load address 0x08002124
 .tm_clone_table
                0x2000000c        0x0 d:/arm-gcc/gcc/bin/../lib/gcc/arm-none-eabi/11.2.1/thumb/v7-m/nofp/crtbegin.o
 .tm_clone_table
                0x2000000c        0x0 d:/arm-gcc/gcc/bin/../lib/gcc/arm-none-eabi/11.2.1/thumb/v7-m/nofp/crtend.o

.igot.plt       0x2000000c        0x0 load address 0x08002124
 .igot.plt      0x2000000c        0x0 d:/arm-gcc/gcc/bin/../lib/gcc/arm-none-eabi/11.2.1/thumb/v7-m/nofp/crtbegin.o
                0x2000000c                . = ALIGN (0x4)

.bss            0x2000000c       0xbc load address 0x08002124
                0x2000000c                _sbss = .
                0x2000000c                __bss_start__ = _sbss
 *(.bss)
 *(.bss*)
 .bss.completed.1
                0x2000000c        0x1 d:/arm-gcc/gcc/bin/../lib/gcc/arm-none-eabi/11.2.1/thumb/v7-m/nofp/crtbegin.o
 *fill*         0x2000000d        0x3 
 .bss.object.0  0x20000010       0x18 d:/arm-gcc/gcc/bin/../lib/gcc/arm-none-eabi/11.2.1/thumb/v7-m/nofp/crtbegin.o
 .bss.hi2c1     0x20000028       0x54 build/main.o
                0x20000028                hi2c1
 .bss.huart1    0x2000007c       0x48 build/main.o
                0x2000007c                huart1
 .bss.uwTick    0x200000c4        0x4 build/stm32f1xx_hal.o
                0x200000c4                uwTick
 *(COMMON)
                0x200000c8                . = ALIGN (0x4)
                0x200000c8                _ebss = .
                0x200000c8                __bss_end__ = _ebss

._user_heap_stack
                0x200000c8      0x600 load address 0x08002124
                0x200000c8                . = ALIGN (0x8)
                [!provide]                PROVIDE (end = .)
                [!provide]                PROVIDE (_end = .)
                0x200002c8                . = (. + _Min_Heap_Size)
 *fill*         0x200000c8      0x200 
                0x200006c8                . = (. + _Min_Stack_Size)
 *fill*         0x200002c8      0x400 
                0x200006c8                . = ALIGN (0x8)

/DISCARD/
 libc.a(*)
 libm.a(*)
 libgcc.a(*)

.ARM.attributes
                0x00000000       0x29
 *(.ARM.attributes)
 .ARM.attributes
                0x00000000       0x1d d:/arm-gcc/gcc/bin/../lib/gcc/arm-none-eabi/11.2.1/thumb/v7-m/nofp/crti.o
 .ARM.attributes
                0x0000001d       0x2d d:/arm-gcc/gcc/bin/../lib/gcc/arm-none-eabi/11.2.1/thumb/v7-m/nofp/crtbegin.o
 .ARM.attributes
                0x0000004a       0x2d build/main.o
 .ARM.attributes
                0x00000077       0x2d build/stm32f1xx_it.o
 .ARM.attributes
                0x000000a4       0x2d build/stm32f1xx_hal_msp.o
 .ARM.attributes
                0x000000d1       0x2d build/stm32f1xx_hal_i2c.o
 .ARM.attributes
                0x000000fe       0x2d build/stm32f1xx_hal.o
 .ARM.attributes
                0x0000012b       0x2d build/stm32f1xx_hal_rcc.o
 .ARM.attributes
                0x00000158       0x2d build/stm32f1xx_hal_gpio.o
 .ARM.attributes
                0x00000185       0x2d build/stm32f1xx_hal_cortex.o
 .ARM.attributes
                0x000001b2       0x2d build/stm32f1xx_hal_uart.o
 .ARM.attributes
                0x000001df       0x2d build/system_stm32f1xx.o
 .ARM.attributes
                0x0000020c       0x21 build/startup_stm32f103x6.o
 .ARM.attributes
                0x0000022d       0x2d d:/arm-gcc/gcc/bin/../lib/gcc/arm-none-eabi/11.2.1/thumb/v7-m/nofp\libc_nano.a(lib_a-init.o)
 .ARM.attributes
                0x0000025a       0x2d d:/arm-gcc/gcc/bin/../lib/gcc/arm-none-eabi/11.2.1/thumb/v7-m/nofp\libc_nano.a(lib_a-memset.o)
 .ARM.attributes
                0x00000287       0x2d d:/arm-gcc/gcc/bin/../lib/gcc/arm-none-eabi/11.2.1/thumb/v7-m/nofp/crtend.o
 .ARM.attributes
                0x000002b4       0x1d d:/arm-gcc/gcc/bin/../lib/gcc/arm-none-eabi/11.2.1/thumb/v7-m/nofp/crtn.o
OUTPUT(build/I2C.elf elf32-littlearm)
LOAD linker stubs
LOAD d:/arm-gcc/gcc/bin/../lib/gcc/arm-none-eabi/11.2.1/thumb/v7-m/nofp\libc.a
LOAD d:/arm-gcc/gcc/bin/../lib/gcc/arm-none-eabi/11.2.1/thumb/v7-m/nofp\libm.a
LOAD d:/arm-gcc/gcc/bin/../lib/gcc/arm-none-eabi/11.2.1/thumb/v7-m/nofp\libgcc.a

.comment        0x00000000       0x57
 .comment       0x00000000       0x57 d:/arm-gcc/gcc/bin/../lib/gcc/arm-none-eabi/11.2.1/thumb/v7-m/nofp/crtbegin.o
                                 0x58 (size before relaxing)
 .comment       0x00000057       0x58 build/main.o
 .comment       0x00000057       0x58 build/stm32f1xx_it.o
 .comment       0x00000057       0x58 build/stm32f1xx_hal_msp.o
 .comment       0x00000057       0x58 build/stm32f1xx_hal_i2c.o
 .comment       0x00000057       0x58 build/stm32f1xx_hal.o
 .comment       0x00000057       0x58 build/stm32f1xx_hal_rcc.o
 .comment       0x00000057       0x58 build/stm32f1xx_hal_gpio.o
 .comment       0x00000057       0x58 build/stm32f1xx_hal_cortex.o
 .comment       0x00000057       0x58 build/stm32f1xx_hal_uart.o
 .comment       0x00000057       0x58 build/system_stm32f1xx.o
 .comment       0x00000057       0x58 d:/arm-gcc/gcc/bin/../lib/gcc/arm-none-eabi/11.2.1/thumb/v7-m/nofp\libc_nano.a(lib_a-init.o)
 .comment       0x00000057       0x58 d:/arm-gcc/gcc/bin/../lib/gcc/arm-none-eabi/11.2.1/thumb/v7-m/nofp\libc_nano.a(lib_a-memset.o)
 .comment       0x00000057       0x58 d:/arm-gcc/gcc/bin/../lib/gcc/arm-none-eabi/11.2.1/thumb/v7-m/nofp/crtend.o

.debug_info     0x00000000     0xd17d
 .debug_info    0x00000000     0x162d build/main.o
 .debug_info    0x0000162d      0x158 build/stm32f1xx_it.o
 .debug_info    0x00001785      0xd62 build/stm32f1xx_hal_msp.o
 .debug_info    0x000024e7     0x3cdf build/stm32f1xx_hal_i2c.o
 .debug_info    0x000061c6      0x862 build/stm32f1xx_hal.o
 .debug_info    0x00006a28      0xb10 build/stm32f1xx_hal_rcc.o
 .debug_info    0x00007538      0x6d7 build/stm32f1xx_hal_gpio.o
 .debug_info    0x00007c0f      0xe15 build/stm32f1xx_hal_cortex.o
 .debug_info    0x00008a24     0x42de build/stm32f1xx_hal_uart.o
 .debug_info    0x0000cd02      0x26e build/system_stm32f1xx.o
 .debug_info    0x0000cf70       0x22 build/startup_stm32f103x6.o
 .debug_info    0x0000cf92      0x10b d:/arm-gcc/gcc/bin/../lib/gcc/arm-none-eabi/11.2.1/thumb/v7-m/nofp\libc_nano.a(lib_a-init.o)
 .debug_info    0x0000d09d       0xe0 d:/arm-gcc/gcc/bin/../lib/gcc/arm-none-eabi/11.2.1/thumb/v7-m/nofp\libc_nano.a(lib_a-memset.o)

.debug_abbrev   0x00000000     0x18fe
 .debug_abbrev  0x00000000      0x301 build/main.o
 .debug_abbrev  0x00000301       0x80 build/stm32f1xx_it.o
 .debug_abbrev  0x00000381      0x1d5 build/stm32f1xx_hal_msp.o
 .debug_abbrev  0x00000556      0x31e build/stm32f1xx_hal_i2c.o
 .debug_abbrev  0x00000874      0x232 build/stm32f1xx_hal.o
 .debug_abbrev  0x00000aa6      0x2d6 build/stm32f1xx_hal_rcc.o
 .debug_abbrev  0x00000d7c      0x222 build/stm32f1xx_hal_gpio.o
 .debug_abbrev  0x00000f9e      0x348 build/stm32f1xx_hal_cortex.o
 .debug_abbrev  0x000012e6      0x35f build/stm32f1xx_hal_uart.o
 .debug_abbrev  0x00001645      0x140 build/system_stm32f1xx.o
 .debug_abbrev  0x00001785       0x12 build/startup_stm32f103x6.o
 .debug_abbrev  0x00001797       0xc9 d:/arm-gcc/gcc/bin/../lib/gcc/arm-none-eabi/11.2.1/thumb/v7-m/nofp\libc_nano.a(lib_a-init.o)
 .debug_abbrev  0x00001860       0x9e d:/arm-gcc/gcc/bin/../lib/gcc/arm-none-eabi/11.2.1/thumb/v7-m/nofp\libc_nano.a(lib_a-memset.o)

.debug_loc      0x00000000     0xb8fa
 .debug_loc     0x00000000      0x49c build/main.o
 .debug_loc     0x0000049c       0x20 build/stm32f1xx_it.o
 .debug_loc     0x000004bc      0x1f4 build/stm32f1xx_hal_msp.o
 .debug_loc     0x000006b0     0x4de4 build/stm32f1xx_hal_i2c.o
 .debug_loc     0x00005494      0x1e1 build/stm32f1xx_hal.o
 .debug_loc     0x00005675      0x790 build/stm32f1xx_hal_rcc.o
 .debug_loc     0x00005e05      0x511 build/stm32f1xx_hal_gpio.o
 .debug_loc     0x00006316      0x80c build/stm32f1xx_hal_cortex.o
 .debug_loc     0x00006b22     0x4cd9 build/stm32f1xx_hal_uart.o
 .debug_loc     0x0000b7fb       0xff build/system_stm32f1xx.o

.debug_aranges  0x00000000      0x8c8
 .debug_aranges
                0x00000000       0x90 build/main.o
 .debug_aranges
                0x00000090       0x60 build/stm32f1xx_it.o
 .debug_aranges
                0x000000f0       0x40 build/stm32f1xx_hal_msp.o
 .debug_aranges
                0x00000130      0x2a8 build/stm32f1xx_hal_i2c.o
 .debug_aranges
                0x000003d8       0xe0 build/stm32f1xx_hal.o
 .debug_aranges
                0x000004b8       0x90 build/stm32f1xx_hal_rcc.o
 .debug_aranges
                0x00000548       0x58 build/stm32f1xx_hal_gpio.o
 .debug_aranges
                0x000005a0       0x90 build/stm32f1xx_hal_cortex.o
 .debug_aranges
                0x00000630      0x208 build/stm32f1xx_hal_uart.o
 .debug_aranges
                0x00000838       0x28 build/system_stm32f1xx.o
 .debug_aranges
                0x00000860       0x28 build/startup_stm32f103x6.o
 .debug_aranges
                0x00000888       0x20 d:/arm-gcc/gcc/bin/../lib/gcc/arm-none-eabi/11.2.1/thumb/v7-m/nofp\libc_nano.a(lib_a-init.o)
 .debug_aranges
                0x000008a8       0x20 d:/arm-gcc/gcc/bin/../lib/gcc/arm-none-eabi/11.2.1/thumb/v7-m/nofp\libc_nano.a(lib_a-memset.o)

.debug_ranges   0x00000000      0x890
 .debug_ranges  0x00000000       0x80 build/main.o
 .debug_ranges  0x00000080       0x50 build/stm32f1xx_it.o
 .debug_ranges  0x000000d0       0x30 build/stm32f1xx_hal_msp.o
 .debug_ranges  0x00000100      0x2b0 build/stm32f1xx_hal_i2c.o
 .debug_ranges  0x000003b0       0xd0 build/stm32f1xx_hal.o
 .debug_ranges  0x00000480       0xa0 build/stm32f1xx_hal_rcc.o
 .debug_ranges  0x00000520       0x48 build/stm32f1xx_hal_gpio.o
 .debug_ranges  0x00000568       0xe0 build/stm32f1xx_hal_cortex.o
 .debug_ranges  0x00000648      0x210 build/stm32f1xx_hal_uart.o
 .debug_ranges  0x00000858       0x18 build/system_stm32f1xx.o
 .debug_ranges  0x00000870       0x20 build/startup_stm32f103x6.o

.debug_line     0x00000000     0xc319
 .debug_line    0x00000000      0x636 build/main.o
 .debug_line    0x00000636      0x179 build/stm32f1xx_it.o
 .debug_line    0x000007af      0x2df build/stm32f1xx_hal_msp.o
 .debug_line    0x00000a8e     0x556b build/stm32f1xx_hal_i2c.o
 .debug_line    0x00005ff9      0x4ca build/stm32f1xx_hal.o
 .debug_line    0x000064c3      0xbb2 build/stm32f1xx_hal_rcc.o
 .debug_line    0x00007075      0x563 build/stm32f1xx_hal_gpio.o
 .debug_line    0x000075d8      0x5d4 build/stm32f1xx_hal_cortex.o
 .debug_line    0x00007bac     0x422d build/stm32f1xx_hal_uart.o
 .debug_line    0x0000bdd9      0x1e2 build/system_stm32f1xx.o
 .debug_line    0x0000bfbb       0x74 build/startup_stm32f103x6.o
 .debug_line    0x0000c02f      0x174 d:/arm-gcc/gcc/bin/../lib/gcc/arm-none-eabi/11.2.1/thumb/v7-m/nofp\libc_nano.a(lib_a-init.o)
 .debug_line    0x0000c1a3      0x176 d:/arm-gcc/gcc/bin/../lib/gcc/arm-none-eabi/11.2.1/thumb/v7-m/nofp\libc_nano.a(lib_a-memset.o)

.debug_str      0x00000000     0x2ab5
 .debug_str     0x00000000      0xaff build/main.o
                                0xbdf (size before relaxing)
 .debug_str     0x00000aff       0xb4 build/stm32f1xx_it.o
                                0x1df (size before relaxing)
 .debug_str     0x00000bb3       0xb8 build/stm32f1xx_hal_msp.o
                                0x8f9 (size before relaxing)
 .debug_str     0x00000c6b      0x8d3 build/stm32f1xx_hal_i2c.o
                                0xf82 (size before relaxing)
 .debug_str     0x0000153e      0x593 build/stm32f1xx_hal.o
                                0x7b1 (size before relaxing)
 .debug_str     0x00001ad1      0x1ed build/stm32f1xx_hal_rcc.o
                                0x5e8 (size before relaxing)
 .debug_str     0x00001cbe      0x109 build/stm32f1xx_hal_gpio.o
                                0x3bd (size before relaxing)
 .debug_str     0x00001dc7      0x3b8 build/stm32f1xx_hal_cortex.o
                                0x856 (size before relaxing)
 .debug_str     0x0000217f      0x613 build/stm32f1xx_hal_uart.o
                                0xcb1 (size before relaxing)
 .debug_str     0x00002792       0x4f build/system_stm32f1xx.o
                                0x211 (size before relaxing)
 .debug_str     0x000027e1       0x22 build/startup_stm32f103x6.o
                                 0x38 (size before relaxing)
 .debug_str     0x00002803      0x1ce d:/arm-gcc/gcc/bin/../lib/gcc/arm-none-eabi/11.2.1/thumb/v7-m/nofp\libc_nano.a(lib_a-init.o)
                                0x26f (size before relaxing)
 .debug_str     0x000029d1       0xe4 d:/arm-gcc/gcc/bin/../lib/gcc/arm-none-eabi/11.2.1/thumb/v7-m/nofp\libc_nano.a(lib_a-memset.o)
                                0x210 (size before relaxing)

.debug_frame    0x00000000     0x1800
 .debug_frame   0x00000000      0x194 build/main.o
 .debug_frame   0x00000194       0xa8 build/stm32f1xx_it.o
 .debug_frame   0x0000023c       0x98 build/stm32f1xx_hal_msp.o
 .debug_frame   0x000002d4      0x988 build/stm32f1xx_hal_i2c.o
 .debug_frame   0x00000c5c      0x1cc build/stm32f1xx_hal.o
 .debug_frame   0x00000e28      0x184 build/stm32f1xx_hal_rcc.o
 .debug_frame   0x00000fac       0xe0 build/stm32f1xx_hal_gpio.o
 .debug_frame   0x0000108c      0x118 build/stm32f1xx_hal_cortex.o
 .debug_frame   0x000011a4      0x5e0 build/stm32f1xx_hal_uart.o
 .debug_frame   0x00001784       0x30 build/system_stm32f1xx.o
 .debug_frame   0x000017b4       0x2c d:/arm-gcc/gcc/bin/../lib/gcc/arm-none-eabi/11.2.1/thumb/v7-m/nofp\libc_nano.a(lib_a-init.o)
 .debug_frame   0x000017e0       0x20 d:/arm-gcc/gcc/bin/../lib/gcc/arm-none-eabi/11.2.1/thumb/v7-m/nofp\libc_nano.a(lib_a-memset.o)

.debug_loclists
                0x00000000       0x6f
 .debug_loclists
                0x00000000       0x34 d:/arm-gcc/gcc/bin/../lib/gcc/arm-none-eabi/11.2.1/thumb/v7-m/nofp\libc_nano.a(lib_a-init.o)
 .debug_loclists
                0x00000034       0x3b d:/arm-gcc/gcc/bin/../lib/gcc/arm-none-eabi/11.2.1/thumb/v7-m/nofp\libc_nano.a(lib_a-memset.o)

.debug_rnglists
                0x00000000       0x26
 .debug_rnglists
                0x00000000       0x13 d:/arm-gcc/gcc/bin/../lib/gcc/arm-none-eabi/11.2.1/thumb/v7-m/nofp\libc_nano.a(lib_a-init.o)
 .debug_rnglists
                0x00000013       0x13 d:/arm-gcc/gcc/bin/../lib/gcc/arm-none-eabi/11.2.1/thumb/v7-m/nofp\libc_nano.a(lib_a-memset.o)

Cross Reference Table

Symbol                                            File
ADC1_2_IRQHandler                                 build/startup_stm32f103x6.o
AHBPrescTable                                     build/system_stm32f1xx.o
                                                  build/stm32f1xx_hal_rcc.o
APBPrescTable                                     build/system_stm32f1xx.o
                                                  build/stm32f1xx_hal_rcc.o
BCD_to_Dec                                        build/main.o
BusFault_Handler                                  build/stm32f1xx_it.o
CAN1_RX1_IRQHandler                               build/startup_stm32f103x6.o
CAN1_SCE_IRQHandler                               build/startup_stm32f103x6.o
DMA1_Channel1_IRQHandler                          build/startup_stm32f103x6.o
DMA1_Channel2_IRQHandler                          build/startup_stm32f103x6.o
DMA1_Channel3_IRQHandler                          build/startup_stm32f103x6.o
DMA1_Channel4_IRQHandler                          build/startup_stm32f103x6.o
DMA1_Channel5_IRQHandler                          build/startup_stm32f103x6.o
DMA1_Channel6_IRQHandler                          build/startup_stm32f103x6.o
DMA1_Channel7_IRQHandler                          build/startup_stm32f103x6.o
DS1307_ADDRESS                                    build/main.o
DS1307_GetTime                                    build/main.o
DebugMon_Handler                                  build/stm32f1xx_it.o
Default_Handler                                   build/startup_stm32f103x6.o
EXTI0_IRQHandler                                  build/startup_stm32f103x6.o
EXTI15_10_IRQHandler                              build/startup_stm32f103x6.o
EXTI1_IRQHandler                                  build/startup_stm32f103x6.o
EXTI2_IRQHandler                                  build/startup_stm32f103x6.o
EXTI3_IRQHandler                                  build/startup_stm32f103x6.o
EXTI4_IRQHandler                                  build/startup_stm32f103x6.o
EXTI9_5_IRQHandler                                build/startup_stm32f103x6.o
Error_Handler                                     build/main.o
FLASH_IRQHandler                                  build/startup_stm32f103x6.o
FLASH_PageErase                                   build/stm32f1xx_hal_flash_ex.o
                                                  build/stm32f1xx_hal_flash.o
FLASH_WaitForLastOperation                        build/stm32f1xx_hal_flash.o
                                                  build/stm32f1xx_hal_flash_ex.o
HAL_DBGMCU_DisableDBGSleepMode                    build/stm32f1xx_hal.o
HAL_DBGMCU_DisableDBGStandbyMode                  build/stm32f1xx_hal.o
HAL_DBGMCU_DisableDBGStopMode                     build/stm32f1xx_hal.o
HAL_DBGMCU_EnableDBGSleepMode                     build/stm32f1xx_hal.o
HAL_DBGMCU_EnableDBGStandbyMode                   build/stm32f1xx_hal.o
HAL_DBGMCU_EnableDBGStopMode                      build/stm32f1xx_hal.o
HAL_DMA_Abort                                     build/stm32f1xx_hal_dma.o
                                                  build/stm32f1xx_hal_uart.o
HAL_DMA_Abort_IT                                  build/stm32f1xx_hal_dma.o
                                                  build/stm32f1xx_hal_uart.o
                                                  build/stm32f1xx_hal_i2c.o
HAL_DMA_DeInit                                    build/stm32f1xx_hal_dma.o
HAL_DMA_GetError                                  build/stm32f1xx_hal_dma.o
                                                  build/stm32f1xx_hal_uart.o
HAL_DMA_GetState                                  build/stm32f1xx_hal_dma.o
                                                  build/stm32f1xx_hal_i2c.o
HAL_DMA_IRQHandler                                build/stm32f1xx_hal_dma.o
HAL_DMA_Init                                      build/stm32f1xx_hal_dma.o
HAL_DMA_PollForTransfer                           build/stm32f1xx_hal_dma.o
HAL_DMA_RegisterCallback                          build/stm32f1xx_hal_dma.o
HAL_DMA_Start                                     build/stm32f1xx_hal_dma.o
HAL_DMA_Start_IT                                  build/stm32f1xx_hal_dma.o
                                                  build/stm32f1xx_hal_uart.o
                                                  build/stm32f1xx_hal_i2c.o
HAL_DMA_UnRegisterCallback                        build/stm32f1xx_hal_dma.o
HAL_DeInit                                        build/stm32f1xx_hal.o
HAL_Delay                                         build/stm32f1xx_hal.o
                                                  build/main.o
HAL_EXTI_ClearConfigLine                          build/stm32f1xx_hal_exti.o
HAL_EXTI_ClearPending                             build/stm32f1xx_hal_exti.o
HAL_EXTI_GenerateSWI                              build/stm32f1xx_hal_exti.o
HAL_EXTI_GetConfigLine                            build/stm32f1xx_hal_exti.o
HAL_EXTI_GetHandle                                build/stm32f1xx_hal_exti.o
HAL_EXTI_GetPending                               build/stm32f1xx_hal_exti.o
HAL_EXTI_IRQHandler                               build/stm32f1xx_hal_exti.o
HAL_EXTI_RegisterCallback                         build/stm32f1xx_hal_exti.o
HAL_EXTI_SetConfigLine                            build/stm32f1xx_hal_exti.o
HAL_FLASHEx_Erase                                 build/stm32f1xx_hal_flash_ex.o
HAL_FLASHEx_Erase_IT                              build/stm32f1xx_hal_flash_ex.o
HAL_FLASHEx_OBErase                               build/stm32f1xx_hal_flash_ex.o
HAL_FLASHEx_OBGetConfig                           build/stm32f1xx_hal_flash_ex.o
HAL_FLASHEx_OBGetUserData                         build/stm32f1xx_hal_flash_ex.o
HAL_FLASHEx_OBProgram                             build/stm32f1xx_hal_flash_ex.o
HAL_FLASH_EndOfOperationCallback                  build/stm32f1xx_hal_flash.o
HAL_FLASH_GetError                                build/stm32f1xx_hal_flash.o
HAL_FLASH_IRQHandler                              build/stm32f1xx_hal_flash.o
HAL_FLASH_Lock                                    build/stm32f1xx_hal_flash.o
HAL_FLASH_OB_Launch                               build/stm32f1xx_hal_flash.o
HAL_FLASH_OB_Lock                                 build/stm32f1xx_hal_flash.o
HAL_FLASH_OB_Unlock                               build/stm32f1xx_hal_flash.o
HAL_FLASH_OperationErrorCallback                  build/stm32f1xx_hal_flash.o
HAL_FLASH_Program                                 build/stm32f1xx_hal_flash.o
HAL_FLASH_Program_IT                              build/stm32f1xx_hal_flash.o
HAL_FLASH_Unlock                                  build/stm32f1xx_hal_flash.o
HAL_GPIOEx_ConfigEventout                         build/stm32f1xx_hal_gpio_ex.o
HAL_GPIOEx_DisableEventout                        build/stm32f1xx_hal_gpio_ex.o
HAL_GPIOEx_EnableEventout                         build/stm32f1xx_hal_gpio_ex.o
HAL_GPIO_DeInit                                   build/stm32f1xx_hal_gpio.o
                                                  build/stm32f1xx_hal_msp.o
HAL_GPIO_EXTI_Callback                            build/stm32f1xx_hal_gpio.o
HAL_GPIO_EXTI_IRQHandler                          build/stm32f1xx_hal_gpio.o
HAL_GPIO_Init                                     build/stm32f1xx_hal_gpio.o
                                                  build/stm32f1xx_hal_rcc.o
                                                  build/stm32f1xx_hal_msp.o
                                                  build/main.o
HAL_GPIO_LockPin                                  build/stm32f1xx_hal_gpio.o
HAL_GPIO_ReadPin                                  build/stm32f1xx_hal_gpio.o
HAL_GPIO_TogglePin                                build/stm32f1xx_hal_gpio.o
HAL_GPIO_WritePin                                 build/stm32f1xx_hal_gpio.o
                                                  build/main.o
HAL_GetDEVID                                      build/stm32f1xx_hal.o
HAL_GetHalVersion                                 build/stm32f1xx_hal.o
HAL_GetREVID                                      build/stm32f1xx_hal.o
HAL_GetTick                                       build/stm32f1xx_hal.o
                                                  build/stm32f1xx_hal_uart.o
                                                  build/stm32f1xx_hal_flash.o
                                                  build/stm32f1xx_hal_dma.o
                                                  build/stm32f1xx_hal_rcc_ex.o
                                                  build/stm32f1xx_hal_rcc.o
                                                  build/stm32f1xx_hal_i2c.o
HAL_GetTickFreq                                   build/stm32f1xx_hal.o
HAL_GetTickPrio                                   build/stm32f1xx_hal.o
HAL_GetUIDw0                                      build/stm32f1xx_hal.o
HAL_GetUIDw1                                      build/stm32f1xx_hal.o
HAL_GetUIDw2                                      build/stm32f1xx_hal.o
HAL_HalfDuplex_EnableReceiver                     build/stm32f1xx_hal_uart.o
HAL_HalfDuplex_EnableTransmitter                  build/stm32f1xx_hal_uart.o
HAL_HalfDuplex_Init                               build/stm32f1xx_hal_uart.o
HAL_I2C_AbortCpltCallback                         build/stm32f1xx_hal_i2c.o
HAL_I2C_AddrCallback                              build/stm32f1xx_hal_i2c.o
HAL_I2C_DeInit                                    build/stm32f1xx_hal_i2c.o
HAL_I2C_DisableListen_IT                          build/stm32f1xx_hal_i2c.o
HAL_I2C_ER_IRQHandler                             build/stm32f1xx_hal_i2c.o
HAL_I2C_EV_IRQHandler                             build/stm32f1xx_hal_i2c.o
HAL_I2C_EnableListen_IT                           build/stm32f1xx_hal_i2c.o
HAL_I2C_ErrorCallback                             build/stm32f1xx_hal_i2c.o
HAL_I2C_GetError                                  build/stm32f1xx_hal_i2c.o
HAL_I2C_GetMode                                   build/stm32f1xx_hal_i2c.o
HAL_I2C_GetState                                  build/stm32f1xx_hal_i2c.o
HAL_I2C_Init                                      build/stm32f1xx_hal_i2c.o
                                                  build/main.o
HAL_I2C_IsDeviceReady                             build/stm32f1xx_hal_i2c.o
HAL_I2C_ListenCpltCallback                        build/stm32f1xx_hal_i2c.o
HAL_I2C_MasterRxCpltCallback                      build/stm32f1xx_hal_i2c.o
HAL_I2C_MasterTxCpltCallback                      build/stm32f1xx_hal_i2c.o
HAL_I2C_Master_Abort_IT                           build/stm32f1xx_hal_i2c.o
HAL_I2C_Master_Receive                            build/stm32f1xx_hal_i2c.o
                                                  build/main.o
HAL_I2C_Master_Receive_DMA                        build/stm32f1xx_hal_i2c.o
HAL_I2C_Master_Receive_IT                         build/stm32f1xx_hal_i2c.o
HAL_I2C_Master_Seq_Receive_DMA                    build/stm32f1xx_hal_i2c.o
HAL_I2C_Master_Seq_Receive_IT                     build/stm32f1xx_hal_i2c.o
HAL_I2C_Master_Seq_Transmit_DMA                   build/stm32f1xx_hal_i2c.o
HAL_I2C_Master_Seq_Transmit_IT                    build/stm32f1xx_hal_i2c.o
HAL_I2C_Master_Transmit                           build/stm32f1xx_hal_i2c.o
                                                  build/main.o
HAL_I2C_Master_Transmit_DMA                       build/stm32f1xx_hal_i2c.o
HAL_I2C_Master_Transmit_IT                        build/stm32f1xx_hal_i2c.o
HAL_I2C_MemRxCpltCallback                         build/stm32f1xx_hal_i2c.o
HAL_I2C_MemTxCpltCallback                         build/stm32f1xx_hal_i2c.o
HAL_I2C_Mem_Read                                  build/stm32f1xx_hal_i2c.o
                                                  build/main.o
HAL_I2C_Mem_Read_DMA                              build/stm32f1xx_hal_i2c.o
HAL_I2C_Mem_Read_IT                               build/stm32f1xx_hal_i2c.o
HAL_I2C_Mem_Write                                 build/stm32f1xx_hal_i2c.o
                                                  build/main.o
HAL_I2C_Mem_Write_DMA                             build/stm32f1xx_hal_i2c.o
HAL_I2C_Mem_Write_IT                              build/stm32f1xx_hal_i2c.o
HAL_I2C_MspDeInit                                 build/stm32f1xx_hal_msp.o
HAL_I2C_MspInit                                   build/stm32f1xx_hal_msp.o
HAL_I2C_SlaveRxCpltCallback                       build/stm32f1xx_hal_i2c.o
HAL_I2C_SlaveTxCpltCallback                       build/stm32f1xx_hal_i2c.o
HAL_I2C_Slave_Receive                             build/stm32f1xx_hal_i2c.o
HAL_I2C_Slave_Receive_DMA                         build/stm32f1xx_hal_i2c.o
HAL_I2C_Slave_Receive_IT                          build/stm32f1xx_hal_i2c.o
HAL_I2C_Slave_Seq_Receive_DMA                     build/stm32f1xx_hal_i2c.o
HAL_I2C_Slave_Seq_Receive_IT                      build/stm32f1xx_hal_i2c.o
HAL_I2C_Slave_Seq_Transmit_DMA                    build/stm32f1xx_hal_i2c.o
HAL_I2C_Slave_Seq_Transmit_IT                     build/stm32f1xx_hal_i2c.o
HAL_I2C_Slave_Transmit                            build/stm32f1xx_hal_i2c.o
HAL_I2C_Slave_Transmit_DMA                        build/stm32f1xx_hal_i2c.o
HAL_I2C_Slave_Transmit_IT                         build/stm32f1xx_hal_i2c.o
HAL_IncTick                                       build/stm32f1xx_hal.o
                                                  build/stm32f1xx_it.o
HAL_Init                                          build/stm32f1xx_hal.o
                                                  build/main.o
HAL_InitTick                                      build/stm32f1xx_hal.o
                                                  build/stm32f1xx_hal_rcc.o
HAL_LIN_Init                                      build/stm32f1xx_hal_uart.o
HAL_LIN_SendBreak                                 build/stm32f1xx_hal_uart.o
HAL_MspDeInit                                     build/stm32f1xx_hal.o
HAL_MspInit                                       build/stm32f1xx_hal_msp.o
HAL_MultiProcessor_EnterMuteMode                  build/stm32f1xx_hal_uart.o
HAL_MultiProcessor_ExitMuteMode                   build/stm32f1xx_hal_uart.o
HAL_MultiProcessor_Init                           build/stm32f1xx_hal_uart.o
HAL_NVIC_ClearPendingIRQ                          build/stm32f1xx_hal_cortex.o
HAL_NVIC_DisableIRQ                               build/stm32f1xx_hal_cortex.o
HAL_NVIC_EnableIRQ                                build/stm32f1xx_hal_cortex.o
HAL_NVIC_GetActive                                build/stm32f1xx_hal_cortex.o
HAL_NVIC_GetPendingIRQ                            build/stm32f1xx_hal_cortex.o
HAL_NVIC_GetPriority                              build/stm32f1xx_hal_cortex.o
HAL_NVIC_GetPriorityGrouping                      build/stm32f1xx_hal_cortex.o
HAL_NVIC_SetPendingIRQ                            build/stm32f1xx_hal_cortex.o
HAL_NVIC_SetPriority                              build/stm32f1xx_hal_cortex.o
                                                  build/stm32f1xx_hal.o
HAL_NVIC_SetPriorityGrouping                      build/stm32f1xx_hal_cortex.o
                                                  build/stm32f1xx_hal.o
HAL_NVIC_SystemReset                              build/stm32f1xx_hal_cortex.o
                                                  build/stm32f1xx_hal_flash.o
HAL_PWR_ConfigPVD                                 build/stm32f1xx_hal_pwr.o
HAL_PWR_DeInit                                    build/stm32f1xx_hal_pwr.o
HAL_PWR_DisableBkUpAccess                         build/stm32f1xx_hal_pwr.o
HAL_PWR_DisablePVD                                build/stm32f1xx_hal_pwr.o
HAL_PWR_DisableSEVOnPend                          build/stm32f1xx_hal_pwr.o
HAL_PWR_DisableSleepOnExit                        build/stm32f1xx_hal_pwr.o
HAL_PWR_DisableWakeUpPin                          build/stm32f1xx_hal_pwr.o
HAL_PWR_EnableBkUpAccess                          build/stm32f1xx_hal_pwr.o
HAL_PWR_EnablePVD                                 build/stm32f1xx_hal_pwr.o
HAL_PWR_EnableSEVOnPend                           build/stm32f1xx_hal_pwr.o
HAL_PWR_EnableSleepOnExit                         build/stm32f1xx_hal_pwr.o
HAL_PWR_EnableWakeUpPin                           build/stm32f1xx_hal_pwr.o
HAL_PWR_EnterSLEEPMode                            build/stm32f1xx_hal_pwr.o
HAL_PWR_EnterSTANDBYMode                          build/stm32f1xx_hal_pwr.o
HAL_PWR_EnterSTOPMode                             build/stm32f1xx_hal_pwr.o
HAL_PWR_PVDCallback                               build/stm32f1xx_hal_pwr.o
HAL_PWR_PVD_IRQHandler                            build/stm32f1xx_hal_pwr.o
HAL_RCCEx_GetPeriphCLKConfig                      build/stm32f1xx_hal_rcc_ex.o
HAL_RCCEx_GetPeriphCLKFreq                        build/stm32f1xx_hal_rcc_ex.o
HAL_RCCEx_PeriphCLKConfig                         build/stm32f1xx_hal_rcc_ex.o
HAL_RCC_CSSCallback                               build/stm32f1xx_hal_rcc.o
HAL_RCC_ClockConfig                               build/stm32f1xx_hal_rcc.o
                                                  build/main.o
HAL_RCC_DeInit                                    build/stm32f1xx_hal_rcc.o
HAL_RCC_DisableCSS                                build/stm32f1xx_hal_rcc.o
HAL_RCC_EnableCSS                                 build/stm32f1xx_hal_rcc.o
HAL_RCC_GetClockConfig                            build/stm32f1xx_hal_rcc.o
HAL_RCC_GetHCLKFreq                               build/stm32f1xx_hal_rcc.o
HAL_RCC_GetOscConfig                              build/stm32f1xx_hal_rcc.o
HAL_RCC_GetPCLK1Freq                              build/stm32f1xx_hal_rcc.o
                                                  build/stm32f1xx_hal_uart.o
                                                  build/stm32f1xx_hal_i2c.o
HAL_RCC_GetPCLK2Freq                              build/stm32f1xx_hal_rcc.o
                                                  build/stm32f1xx_hal_uart.o
                                                  build/stm32f1xx_hal_rcc_ex.o
HAL_RCC_GetSysClockFreq                           build/stm32f1xx_hal_rcc.o
HAL_RCC_MCOConfig                                 build/stm32f1xx_hal_rcc.o
HAL_RCC_NMI_IRQHandler                            build/stm32f1xx_hal_rcc.o
HAL_RCC_OscConfig                                 build/stm32f1xx_hal_rcc.o
                                                  build/main.o
HAL_ResumeTick                                    build/stm32f1xx_hal.o
HAL_SYSTICK_CLKSourceConfig                       build/stm32f1xx_hal_cortex.o
HAL_SYSTICK_Callback                              build/stm32f1xx_hal_cortex.o
HAL_SYSTICK_Config                                build/stm32f1xx_hal_cortex.o
                                                  build/stm32f1xx_hal.o
HAL_SYSTICK_IRQHandler                            build/stm32f1xx_hal_cortex.o
HAL_SetTickFreq                                   build/stm32f1xx_hal.o
HAL_SuspendTick                                   build/stm32f1xx_hal.o
HAL_UARTEx_GetRxEventType                         build/stm32f1xx_hal_uart.o
HAL_UARTEx_ReceiveToIdle                          build/stm32f1xx_hal_uart.o
HAL_UARTEx_ReceiveToIdle_DMA                      build/stm32f1xx_hal_uart.o
HAL_UARTEx_ReceiveToIdle_IT                       build/stm32f1xx_hal_uart.o
HAL_UARTEx_RxEventCallback                        build/stm32f1xx_hal_uart.o
HAL_UART_Abort                                    build/stm32f1xx_hal_uart.o
HAL_UART_AbortCpltCallback                        build/stm32f1xx_hal_uart.o
HAL_UART_AbortReceive                             build/stm32f1xx_hal_uart.o
HAL_UART_AbortReceiveCpltCallback                 build/stm32f1xx_hal_uart.o
HAL_UART_AbortReceive_IT                          build/stm32f1xx_hal_uart.o
HAL_UART_AbortTransmit                            build/stm32f1xx_hal_uart.o
HAL_UART_AbortTransmitCpltCallback                build/stm32f1xx_hal_uart.o
HAL_UART_AbortTransmit_IT                         build/stm32f1xx_hal_uart.o
HAL_UART_Abort_IT                                 build/stm32f1xx_hal_uart.o
HAL_UART_DMAPause                                 build/stm32f1xx_hal_uart.o
HAL_UART_DMAResume                                build/stm32f1xx_hal_uart.o
HAL_UART_DMAStop                                  build/stm32f1xx_hal_uart.o
HAL_UART_DeInit                                   build/stm32f1xx_hal_uart.o
HAL_UART_ErrorCallback                            build/stm32f1xx_hal_uart.o
HAL_UART_GetError                                 build/stm32f1xx_hal_uart.o
HAL_UART_GetState                                 build/stm32f1xx_hal_uart.o
HAL_UART_IRQHandler                               build/stm32f1xx_hal_uart.o
HAL_UART_Init                                     build/stm32f1xx_hal_uart.o
                                                  build/main.o
HAL_UART_MspDeInit                                build/stm32f1xx_hal_msp.o
HAL_UART_MspInit                                  build/stm32f1xx_hal_msp.o
HAL_UART_Receive                                  build/stm32f1xx_hal_uart.o
HAL_UART_Receive_DMA                              build/stm32f1xx_hal_uart.o
HAL_UART_Receive_IT                               build/stm32f1xx_hal_uart.o
HAL_UART_RxCpltCallback                           build/stm32f1xx_hal_uart.o
HAL_UART_RxHalfCpltCallback                       build/stm32f1xx_hal_uart.o
HAL_UART_Transmit                                 build/stm32f1xx_hal_uart.o
                                                  build/main.o
HAL_UART_Transmit_DMA                             build/stm32f1xx_hal_uart.o
HAL_UART_Transmit_IT                              build/stm32f1xx_hal_uart.o
HAL_UART_TxCpltCallback                           build/stm32f1xx_hal_uart.o
HAL_UART_TxHalfCpltCallback                       build/stm32f1xx_hal_uart.o
HardFault_Handler                                 build/stm32f1xx_it.o
I2C1_ER_IRQHandler                                build/startup_stm32f103x6.o
I2C1_EV_IRQHandler                                build/startup_stm32f103x6.o
MemManage_Handler                                 build/stm32f1xx_it.o
NMI_Handler                                       build/stm32f1xx_it.o
PVD_IRQHandler                                    build/startup_stm32f103x6.o
PendSV_Handler                                    build/stm32f1xx_it.o
RCC_IRQHandler                                    build/startup_stm32f103x6.o
RTC_Alarm_IRQHandler                              build/startup_stm32f103x6.o
RTC_IRQHandler                                    build/startup_stm32f103x6.o
Reset_Handler                                     build/startup_stm32f103x6.o
SPI1_IRQHandler                                   build/startup_stm32f103x6.o
SVC_Handler                                       build/stm32f1xx_it.o
SysTick_Handler                                   build/stm32f1xx_it.o
SystemClock_Config                                build/main.o
SystemCoreClock                                   build/system_stm32f1xx.o
                                                  build/stm32f1xx_hal_rcc.o
                                                  build/stm32f1xx_hal.o
                                                  build/stm32f1xx_hal_i2c.o
SystemCoreClockUpdate                             build/system_stm32f1xx.o
SystemInit                                        build/system_stm32f1xx.o
                                                  build/startup_stm32f103x6.o
TAMPER_IRQHandler                                 build/startup_stm32f103x6.o
TIM1_BRK_IRQHandler                               build/startup_stm32f103x6.o
TIM1_CC_IRQHandler                                build/startup_stm32f103x6.o
TIM1_TRG_COM_IRQHandler                           build/startup_stm32f103x6.o
TIM1_UP_IRQHandler                                build/startup_stm32f103x6.o
TIM2_IRQHandler                                   build/startup_stm32f103x6.o
TIM3_IRQHandler                                   build/startup_stm32f103x6.o
UART_Start_Receive_DMA                            build/stm32f1xx_hal_uart.o
UART_Start_Receive_IT                             build/stm32f1xx_hal_uart.o
USART1_IRQHandler                                 build/startup_stm32f103x6.o
USART2_IRQHandler                                 build/startup_stm32f103x6.o
USBWakeUp_IRQHandler                              build/startup_stm32f103x6.o
USB_HP_CAN1_TX_IRQHandler                         build/startup_stm32f103x6.o
USB_LP_CAN1_RX0_IRQHandler                        build/startup_stm32f103x6.o
UsageFault_Handler                                build/stm32f1xx_it.o
WWDG_IRQHandler                                   build/startup_stm32f103x6.o
_ITM_deregisterTMCloneTable                       d:/arm-gcc/gcc/bin/../lib/gcc/arm-none-eabi/11.2.1/thumb/v7-m/nofp/crtbegin.o
_ITM_registerTMCloneTable                         d:/arm-gcc/gcc/bin/../lib/gcc/arm-none-eabi/11.2.1/thumb/v7-m/nofp/crtbegin.o
__TMC_END__                                       d:/arm-gcc/gcc/bin/../lib/gcc/arm-none-eabi/11.2.1/thumb/v7-m/nofp/crtend.o
                                                  d:/arm-gcc/gcc/bin/../lib/gcc/arm-none-eabi/11.2.1/thumb/v7-m/nofp/crtbegin.o
__bss_end__                                       d:/arm-gcc/gcc/bin/../lib/gcc/arm-none-eabi/11.2.1/thumb/v7-m/nofp/crt0.o
__bss_start__                                     d:/arm-gcc/gcc/bin/../lib/gcc/arm-none-eabi/11.2.1/thumb/v7-m/nofp/crt0.o
__call_exitprocs                                  d:/arm-gcc/gcc/bin/../lib/gcc/arm-none-eabi/11.2.1/thumb/v7-m/nofp\libc_nano.a(lib_a-exit.o)
__deregister_frame_info                           d:/arm-gcc/gcc/bin/../lib/gcc/arm-none-eabi/11.2.1/thumb/v7-m/nofp/crtbegin.o
__dso_handle                                      d:/arm-gcc/gcc/bin/../lib/gcc/arm-none-eabi/11.2.1/thumb/v7-m/nofp/crtbegin.o
__init_array_end                                  d:/arm-gcc/gcc/bin/../lib/gcc/arm-none-eabi/11.2.1/thumb/v7-m/nofp\libc_nano.a(lib_a-init.o)
__init_array_start                                d:/arm-gcc/gcc/bin/../lib/gcc/arm-none-eabi/11.2.1/thumb/v7-m/nofp\libc_nano.a(lib_a-init.o)
__libc_fini_array                                 d:/arm-gcc/gcc/bin/../lib/gcc/arm-none-eabi/11.2.1/thumb/v7-m/nofp/crt0.o
__libc_init_array                                 d:/arm-gcc/gcc/bin/../lib/gcc/arm-none-eabi/11.2.1/thumb/v7-m/nofp\libc_nano.a(lib_a-init.o)
                                                  build/startup_stm32f103x6.o
                                                  d:/arm-gcc/gcc/bin/../lib/gcc/arm-none-eabi/11.2.1/thumb/v7-m/nofp/crt0.o
__preinit_array_end                               d:/arm-gcc/gcc/bin/../lib/gcc/arm-none-eabi/11.2.1/thumb/v7-m/nofp\libc_nano.a(lib_a-init.o)
__preinit_array_start                             d:/arm-gcc/gcc/bin/../lib/gcc/arm-none-eabi/11.2.1/thumb/v7-m/nofp\libc_nano.a(lib_a-init.o)
__register_frame_info                             d:/arm-gcc/gcc/bin/../lib/gcc/arm-none-eabi/11.2.1/thumb/v7-m/nofp/crtbegin.o
__sf_fake_stderr                                  d:/arm-gcc/gcc/bin/../lib/gcc/arm-none-eabi/11.2.1/thumb/v7-m/nofp\libc_nano.a(lib_a-impure.o)
__sf_fake_stdin                                   d:/arm-gcc/gcc/bin/../lib/gcc/arm-none-eabi/11.2.1/thumb/v7-m/nofp\libc_nano.a(lib_a-impure.o)
__sf_fake_stdout                                  d:/arm-gcc/gcc/bin/../lib/gcc/arm-none-eabi/11.2.1/thumb/v7-m/nofp\libc_nano.a(lib_a-impure.o)
__stack                                           d:/arm-gcc/gcc/bin/../lib/gcc/arm-none-eabi/11.2.1/thumb/v7-m/nofp/crt0.o
_ebss                                             build/startup_stm32f103x6.o
_edata                                            build/startup_stm32f103x6.o
_estack                                           build/startup_stm32f103x6.o
_exit                                             d:/arm-gcc/gcc/bin/../lib/gcc/arm-none-eabi/11.2.1/thumb/v7-m/nofp\libnosys.a(_exit.o)
                                                  d:/arm-gcc/gcc/bin/../lib/gcc/arm-none-eabi/11.2.1/thumb/v7-m/nofp\libc_nano.a(lib_a-exit.o)
_fini                                             d:/arm-gcc/gcc/bin/../lib/gcc/arm-none-eabi/11.2.1/thumb/v7-m/nofp/crti.o
_global_impure_ptr                                d:/arm-gcc/gcc/bin/../lib/gcc/arm-none-eabi/11.2.1/thumb/v7-m/nofp\libc_nano.a(lib_a-impure.o)
                                                  d:/arm-gcc/gcc/bin/../lib/gcc/arm-none-eabi/11.2.1/thumb/v7-m/nofp\libc_nano.a(lib_a-exit.o)
_impure_ptr                                       d:/arm-gcc/gcc/bin/../lib/gcc/arm-none-eabi/11.2.1/thumb/v7-m/nofp\libc_nano.a(lib_a-impure.o)
_init                                             d:/arm-gcc/gcc/bin/../lib/gcc/arm-none-eabi/11.2.1/thumb/v7-m/nofp/crti.o
                                                  d:/arm-gcc/gcc/bin/../lib/gcc/arm-none-eabi/11.2.1/thumb/v7-m/nofp\libc_nano.a(lib_a-init.o)
_mainCRTStartup                                   d:/arm-gcc/gcc/bin/../lib/gcc/arm-none-eabi/11.2.1/thumb/v7-m/nofp/crt0.o
_sbss                                             build/startup_stm32f103x6.o
_sdata                                            build/startup_stm32f103x6.o
_sidata                                           build/startup_stm32f103x6.o
_stack_init                                       d:/arm-gcc/gcc/bin/../lib/gcc/arm-none-eabi/11.2.1/thumb/v7-m/nofp/crt0.o
_start                                            d:/arm-gcc/gcc/bin/../lib/gcc/arm-none-eabi/11.2.1/thumb/v7-m/nofp/crt0.o
atexit                                            d:/arm-gcc/gcc/bin/../lib/gcc/arm-none-eabi/11.2.1/thumb/v7-m/nofp/crt0.o
exit                                              d:/arm-gcc/gcc/bin/../lib/gcc/arm-none-eabi/11.2.1/thumb/v7-m/nofp\libc_nano.a(lib_a-exit.o)
                                                  d:/arm-gcc/gcc/bin/../lib/gcc/arm-none-eabi/11.2.1/thumb/v7-m/nofp/crt0.o
g_pfnVectors                                      build/startup_stm32f103x6.o
get_seconds                                       build/main.o
hardware_init_hook                                d:/arm-gcc/gcc/bin/../lib/gcc/arm-none-eabi/11.2.1/thumb/v7-m/nofp/crt0.o
hi2c1                                             build/main.o
hours                                             build/main.o
huart1                                            build/main.o
lcd_clear                                         build/main.o
lcd_init                                          build/main.o
lcd_put_cur                                       build/main.o
lcd_send_cmd                                      build/main.o
lcd_send_data                                     build/main.o
lcd_send_string                                   build/main.o
main                                              build/main.o
                                                  build/startup_stm32f103x6.o
                                                  d:/arm-gcc/gcc/bin/../lib/gcc/arm-none-eabi/11.2.1/thumb/v7-m/nofp/crt0.o
memset                                            d:/arm-gcc/gcc/bin/../lib/gcc/arm-none-eabi/11.2.1/thumb/v7-m/nofp\libc_nano.a(lib_a-memset.o)
                                                  build/main.o
                                                  d:/arm-gcc/gcc/bin/../lib/gcc/arm-none-eabi/11.2.1/thumb/v7-m/nofp/crt0.o
minutes                                           build/main.o
pFlash                                            build/stm32f1xx_hal_flash.o
                                                  build/stm32f1xx_hal_flash_ex.o
seconds                                           build/main.o
software_init_hook                                d:/arm-gcc/gcc/bin/../lib/gcc/arm-none-eabi/11.2.1/thumb/v7-m/nofp/crt0.o
uwTick                                            build/stm32f1xx_hal.o
uwTickFreq                                        build/stm32f1xx_hal.o
uwTickPrio                                        build/stm32f1xx_hal.o
                                                  build/stm32f1xx_hal_rcc.o
