../Core/Src/main.c:61:6:lcd_write_nibble	24	static,ignoring_inline_asm
../Core/Src/main.c:82:6:lcd_send_cmd	16	static
../Core/Src/main.c:91:6:lcd_send_data	16	static
../Core/Src/main.c:100:6:lcd_init	8	static
../Core/Src/main.c:117:6:lcd_display	16	static
../Core/Src/main.c:127:6:lcd_gotoxy	24	static
../Core/Src/main.c:143:6:lcd_clear	8	static
../Core/Src/main.c:158:6:check_char	16	static
../Core/Src/main.c:169:6:check_len	24	static
../Core/Src/main.c:190:6:display_data	16	static
../Core/Src/main.c:197:7:getdata_from_buffer	56	dynamic
../Core/Src/main.c:211:6:check_package	32	static
../Core/Src/main.c:234:5:main	8	static
../Core/Src/main.c:290:6:SystemClock_Config	72	static
../Core/Src/main.c:330:13:MX_USART1_UART_Init	8	static
../Core/Src/main.c:363:13:MX_GPIO_Init	32	static
../Core/Src/main.c:398:6:Error_Handler	4	static,ignoring_inline_asm
