Archive member included to satisfy reference by file (symbol)

d:/arm-gcc/gcc/bin/../lib/gcc/arm-none-eabi/11.2.1/thumb/v7-m/nofp\libc_nano.a(lib_a-exit.o)
                              d:/arm-gcc/gcc/bin/../lib/gcc/arm-none-eabi/11.2.1/thumb/v7-m/nofp/crt0.o (exit)
d:/arm-gcc/gcc/bin/../lib/gcc/arm-none-eabi/11.2.1/thumb/v7-m/nofp\libc_nano.a(lib_a-impure.o)
                              d:/arm-gcc/gcc/bin/../lib/gcc/arm-none-eabi/11.2.1/thumb/v7-m/nofp\libc_nano.a(lib_a-exit.o) (_global_impure_ptr)
d:/arm-gcc/gcc/bin/../lib/gcc/arm-none-eabi/11.2.1/thumb/v7-m/nofp\libc_nano.a(lib_a-init.o)
                              d:/arm-gcc/gcc/bin/../lib/gcc/arm-none-eabi/11.2.1/thumb/v7-m/nofp/crt0.o (__libc_init_array)
d:/arm-gcc/gcc/bin/../lib/gcc/arm-none-eabi/11.2.1/thumb/v7-m/nofp\libc_nano.a(lib_a-memcpy-stub.o)
                              build/main.o (memcpy)
d:/arm-gcc/gcc/bin/../lib/gcc/arm-none-eabi/11.2.1/thumb/v7-m/nofp\libc_nano.a(lib_a-memset.o)
                              d:/arm-gcc/gcc/bin/../lib/gcc/arm-none-eabi/11.2.1/thumb/v7-m/nofp/crt0.o (memset)
d:/arm-gcc/gcc/bin/../lib/gcc/arm-none-eabi/11.2.1/thumb/v7-m/nofp\libc_nano.a(lib_a-sprintf.o)
                              build/main.o (sprintf)
d:/arm-gcc/gcc/bin/../lib/gcc/arm-none-eabi/11.2.1/thumb/v7-m/nofp\libc_nano.a(lib_a-strlen.o)
                              build/main.o (strlen)
d:/arm-gcc/gcc/bin/../lib/gcc/arm-none-eabi/11.2.1/thumb/v7-m/nofp\libc_nano.a(lib_a-nano-svfprintf.o)
                              d:/arm-gcc/gcc/bin/../lib/gcc/arm-none-eabi/11.2.1/thumb/v7-m/nofp\libc_nano.a(lib_a-sprintf.o) (_svfprintf_r)
d:/arm-gcc/gcc/bin/../lib/gcc/arm-none-eabi/11.2.1/thumb/v7-m/nofp\libc_nano.a(lib_a-nano-vfprintf_i.o)
                              d:/arm-gcc/gcc/bin/../lib/gcc/arm-none-eabi/11.2.1/thumb/v7-m/nofp\libc_nano.a(lib_a-nano-svfprintf.o) (_printf_i)
d:/arm-gcc/gcc/bin/../lib/gcc/arm-none-eabi/11.2.1/thumb/v7-m/nofp\libc_nano.a(lib_a-memchr-stub.o)
                              d:/arm-gcc/gcc/bin/../lib/gcc/arm-none-eabi/11.2.1/thumb/v7-m/nofp\libc_nano.a(lib_a-nano-svfprintf.o) (memchr)
d:/arm-gcc/gcc/bin/../lib/gcc/arm-none-eabi/11.2.1/thumb/v7-m/nofp\libc_nano.a(lib_a-memmove.o)
                              d:/arm-gcc/gcc/bin/../lib/gcc/arm-none-eabi/11.2.1/thumb/v7-m/nofp\libc_nano.a(lib_a-nano-svfprintf.o) (memmove)
d:/arm-gcc/gcc/bin/../lib/gcc/arm-none-eabi/11.2.1/thumb/v7-m/nofp\libc_nano.a(lib_a-nano-freer.o)
                              d:/arm-gcc/gcc/bin/../lib/gcc/arm-none-eabi/11.2.1/thumb/v7-m/nofp\libc_nano.a(lib_a-nano-svfprintf.o) (_free_r)
d:/arm-gcc/gcc/bin/../lib/gcc/arm-none-eabi/11.2.1/thumb/v7-m/nofp\libc_nano.a(lib_a-nano-mallocr.o)
                              d:/arm-gcc/gcc/bin/../lib/gcc/arm-none-eabi/11.2.1/thumb/v7-m/nofp\libc_nano.a(lib_a-nano-svfprintf.o) (_malloc_r)
d:/arm-gcc/gcc/bin/../lib/gcc/arm-none-eabi/11.2.1/thumb/v7-m/nofp\libc_nano.a(lib_a-nano-reallocr.o)
                              d:/arm-gcc/gcc/bin/../lib/gcc/arm-none-eabi/11.2.1/thumb/v7-m/nofp\libc_nano.a(lib_a-nano-svfprintf.o) (_realloc_r)
d:/arm-gcc/gcc/bin/../lib/gcc/arm-none-eabi/11.2.1/thumb/v7-m/nofp\libc_nano.a(lib_a-sbrkr.o)
                              d:/arm-gcc/gcc/bin/../lib/gcc/arm-none-eabi/11.2.1/thumb/v7-m/nofp\libc_nano.a(lib_a-nano-mallocr.o) (_sbrk_r)
d:/arm-gcc/gcc/bin/../lib/gcc/arm-none-eabi/11.2.1/thumb/v7-m/nofp\libc_nano.a(lib_a-mlock.o)
                              d:/arm-gcc/gcc/bin/../lib/gcc/arm-none-eabi/11.2.1/thumb/v7-m/nofp\libc_nano.a(lib_a-nano-freer.o) (__malloc_lock)
d:/arm-gcc/gcc/bin/../lib/gcc/arm-none-eabi/11.2.1/thumb/v7-m/nofp\libc_nano.a(lib_a-nano-msizer.o)
                              d:/arm-gcc/gcc/bin/../lib/gcc/arm-none-eabi/11.2.1/thumb/v7-m/nofp\libc_nano.a(lib_a-nano-reallocr.o) (_malloc_usable_size_r)
d:/arm-gcc/gcc/bin/../lib/gcc/arm-none-eabi/11.2.1/thumb/v7-m/nofp\libc_nano.a(lib_a-reent.o)
                              d:/arm-gcc/gcc/bin/../lib/gcc/arm-none-eabi/11.2.1/thumb/v7-m/nofp\libc_nano.a(lib_a-sbrkr.o) (errno)
d:/arm-gcc/gcc/bin/../lib/gcc/arm-none-eabi/11.2.1/thumb/v7-m/nofp\libnosys.a(sbrk.o)
                              d:/arm-gcc/gcc/bin/../lib/gcc/arm-none-eabi/11.2.1/thumb/v7-m/nofp\libc_nano.a(lib_a-sbrkr.o) (_sbrk)
d:/arm-gcc/gcc/bin/../lib/gcc/arm-none-eabi/11.2.1/thumb/v7-m/nofp\libnosys.a(_exit.o)
                              d:/arm-gcc/gcc/bin/../lib/gcc/arm-none-eabi/11.2.1/thumb/v7-m/nofp\libc_nano.a(lib_a-exit.o) (_exit)

Discarded input sections

 .text          0x00000000        0x0 d:/arm-gcc/gcc/bin/../lib/gcc/arm-none-eabi/11.2.1/thumb/v7-m/nofp/crti.o
 .data          0x00000000        0x0 d:/arm-gcc/gcc/bin/../lib/gcc/arm-none-eabi/11.2.1/thumb/v7-m/nofp/crti.o
 .bss           0x00000000        0x0 d:/arm-gcc/gcc/bin/../lib/gcc/arm-none-eabi/11.2.1/thumb/v7-m/nofp/crti.o
 .text          0x00000000        0x0 d:/arm-gcc/gcc/bin/../lib/gcc/arm-none-eabi/11.2.1/thumb/v7-m/nofp/crtbegin.o
[...]
Memory Configuration

Name             Origin             Length             Attributes
RAM              0x20000000         0x00001800         xrw
FLASH            0x08000000         0x00004000         xr
*default*        0x00000000         0xffffffff

Linker script and memory map

LOAD d:/arm-gcc/gcc/bin/../lib/gcc/arm-none-eabi/11.2.1/thumb/v7-m/nofp/crti.o
LOAD d:/arm-gcc/gcc/bin/../lib/gcc/arm-none-eabi/11.2.1/thumb/v7-m/nofp/crtbegin.o
LOAD d:/arm-gcc/gcc/bin/../lib/gcc/arm-none-eabi/11.2.1/thumb/v7-m/nofp/crt0.o
LOAD build/main.o
LOAD build/stm32f1xx_it.o
LOAD build/stm32f1xx_hal_msp.o
LOAD build/stm32f1xx_hal_gpio_ex.o
LOAD build/stm32f1xx_hal_spi.o
LOAD build/stm32f1xx_hal.o
LOAD build/stm32f1xx_hal_rcc.o
LOAD build/stm32f1xx_hal_rcc_ex.o
LOAD build/stm32f1xx_hal_gpio.o
LOAD build/stm32f1xx_hal_dma.o
LOAD build/stm32f1xx_hal_cortex.o
LOAD build/stm32f1xx_hal_pwr.o
LOAD build/stm32f1xx_hal_flash.o
LOAD build/stm32f1xx_hal_flash_ex.o
LOAD build/stm32f1xx_hal_exti.o
LOAD build/stm32f1xx_hal_tim.o
LOAD build/stm32f1xx_hal_tim_ex.o
LOAD build/stm32f1xx_hal_uart.o
LOAD build/system_stm32f1xx.o
LOAD build/startup_stm32f103x6.o
LOAD d:/arm-gcc/gcc/bin/../lib/gcc/arm-none-eabi/11.2.1/thumb/v7-m/nofp\libc_nano.a
LOAD d:/arm-gcc/gcc/bin/../lib/gcc/arm-none-eabi/11.2.1/thumb/v7-m/nofp\libm.a
LOAD d:/arm-gcc/gcc/bin/../lib/gcc/arm-none-eabi/11.2.1/thumb/v7-m/nofp\libnosys.a
START GROUP
LOAD d:/arm-gcc/gcc/bin/../lib/gcc/arm-none-eabi/11.2.1/thumb/v7-m/nofp\libgcc.a
LOAD d:/arm-gcc/gcc/bin/../lib/gcc/arm-none-eabi/11.2.1/thumb/v7-m/nofp\libc_nano.a
END GROUP
START GROUP
LOAD d:/arm-gcc/gcc/bin/../lib/gcc/arm-none-eabi/11.2.1/thumb/v7-m/nofp\libgcc.a
LOAD d:/arm-gcc/gcc/bin/../lib/gcc/arm-none-eabi/11.2.1/thumb/v7-m/nofp\libc_nano.a
END GROUP
LOAD d:/arm-gcc/gcc/bin/../lib/gcc/arm-none-eabi/11.2.1/thumb/v7-m/nofp/crtend.o
LOAD d:/arm-gcc/gcc/bin/../lib/gcc/arm-none-eabi/11.2.1/thumb/v7-m/nofp/crtn.o
                0x20001800                _estack = (ORIGIN (RAM) + LENGTH (RAM))
                0x00000200                _Min_Heap_Size = 0x200
                0x00000400                _Min_Stack_Size = 0x400

.isr_vector     0x08000000      0x10c
                0x08000000                . = ALIGN (0x4)
 *(.isr_vector)
 .isr_vector    0x08000000      0x10c build/startup_stm32f103x6.o
                0x08000000                g_pfnVectors
                0x0800010c                . = ALIGN (0x4)

.text           0x0800010c     0x2364
                0x0800010c                . = ALIGN (0x4)
 *(.text)
 .text          0x0800010c       0x10 d:/arm-gcc/gcc/bin/../lib/gcc/arm-none-eabi/11.2.1/thumb/v7-m/nofp\libc_nano.a(lib_a-strlen.o)
                0x0800010c                strlen
 *(.text*)
 .text.deregister_tm_clones
                0x0800011c       0x1c d:/arm-gcc/gcc/bin/../lib/gcc/arm-none-eabi/11.2.1/thumb/v7-m/nofp/crtbegin.o
 .text.register_tm_clones
                0x08000138       0x24 d:/arm-gcc/gcc/bin/../lib/gcc/arm-none-eabi/11.2.1/thumb/v7-m/nofp/crtbegin.o
 .text.__do_global_dtors_aux
                0x0800015c       0x28 d:/arm-gcc/gcc/bin/../lib/gcc/arm-none-eabi/11.2.1/thumb/v7-m/nofp/crtbegin.o
 .text.frame_dummy
                0x08000184       0x24 d:/arm-gcc/gcc/bin/../lib/gcc/arm-none-eabi/11.2.1/thumb/v7-m/nofp/crtbegin.o
 .text.MX_GPIO_Init
                0x080001a8       0x64 build/main.o
 .text.enable_write
                0x0800020c       0x3c build/main.o
                0x0800020c                enable_write
 .text.disable_write
                0x08000248       0x3c build/main.o
                0x08000248                disable_write
 .text.read_status
                0x08000284       0x54 build/main.o
                0x08000284                read_status
 .text.wait_until_not_busy
                0x080002d8        0xc build/main.o
                0x080002d8                wait_until_not_busy
 .text.write_data
                0x080002e4       0x64 build/main.o
                0x080002e4                write_data
 .text.read_data
                0x08000348       0x5c build/main.o
                0x08000348                read_data
 .text.Error_Handler
                0x080003a4        0x4 build/main.o
                0x080003a4                Error_Handler
 .text.MX_SPI1_Init
                0x080003a8       0x40 build/main.o
 .text.MX_USART1_UART_Init
                0x080003e8       0x34 build/main.o
 .text.SystemClock_Config
                0x0800041c       0x64 build/main.o
                0x0800041c                SystemClock_Config
 .text.main     0x08000480       0xb8 build/main.o
                0x08000480                main
 .text.NMI_Handler
                0x08000538        0x2 build/stm32f1xx_it.o
                0x08000538                NMI_Handler
 .text.HardFault_Handler
                0x0800053a        0x2 build/stm32f1xx_it.o
                0x0800053a                HardFault_Handler
 .text.MemManage_Handler
                0x0800053c        0x2 build/stm32f1xx_it.o
                0x0800053c                MemManage_Handler
 .text.BusFault_Handler
                0x0800053e        0x2 build/stm32f1xx_it.o
                0x0800053e                BusFault_Handler
 .text.UsageFault_Handler
                0x08000540        0x2 build/stm32f1xx_it.o
                0x08000540                UsageFault_Handler
 .text.SVC_Handler
                0x08000542        0x2 build/stm32f1xx_it.o
                0x08000542                SVC_Handler
 .text.DebugMon_Handler
                0x08000544        0x2 build/stm32f1xx_it.o
                0x08000544                DebugMon_Handler
 .text.PendSV_Handler
                0x08000546        0x2 build/stm32f1xx_it.o
                0x08000546                PendSV_Handler
 .text.SysTick_Handler
                0x08000548        0x8 build/stm32f1xx_it.o
                0x08000548                SysTick_Handler
 .text.HAL_MspInit
                0x08000550       0x44 build/stm32f1xx_hal_msp.o
                0x08000550                HAL_MspInit
 .text.HAL_SPI_MspInit
                0x08000594       0x74 build/stm32f1xx_hal_msp.o
                0x08000594                HAL_SPI_MspInit
 .text.HAL_UART_MspInit
                0x08000608       0x78 build/stm32f1xx_hal_msp.o
                0x08000608                HAL_UART_MspInit
 .text.SPI_WaitFlagStateUntilTimeout
                0x08000680       0xd0 build/stm32f1xx_hal_spi.o
 .text.SPI_EndRxTxTransaction
                0x08000750       0x44 build/stm32f1xx_hal_spi.o
 .text.SPI_EndRxTransaction
                0x08000794       0x74 build/stm32f1xx_hal_spi.o
 .text.HAL_SPI_Init
                0x08000808       0xb6 build/stm32f1xx_hal_spi.o
                0x08000808                HAL_SPI_Init
 .text.HAL_SPI_Transmit
                0x080008be      0x1c4 build/stm32f1xx_hal_spi.o
                0x080008be                HAL_SPI_Transmit
 .text.HAL_SPI_TransmitReceive
                0x08000a82      0x254 build/stm32f1xx_hal_spi.o
                0x08000a82                HAL_SPI_TransmitReceive
 .text.HAL_SPI_Receive
                0x08000cd6      0x188 build/stm32f1xx_hal_spi.o
                0x08000cd6                HAL_SPI_Receive
 *fill*         0x08000e5e        0x2 
 .text.HAL_InitTick
                0x08000e60       0x4c build/stm32f1xx_hal.o
                0x08000e60                HAL_InitTick
 .text.HAL_Init
                0x08000eac       0x24 build/stm32f1xx_hal.o
                0x08000eac                HAL_Init
 .text.HAL_IncTick
                0x08000ed0       0x18 build/stm32f1xx_hal.o
                0x08000ed0                HAL_IncTick
 .text.HAL_GetTick
                0x08000ee8        0xc build/stm32f1xx_hal.o
                0x08000ee8                HAL_GetTick
 .text.RCC_Delay
                0x08000ef4       0x2c build/stm32f1xx_hal_rcc.o
 .text.HAL_RCC_OscConfig
                0x08000f20      0x410 build/stm32f1xx_hal_rcc.o
                0x08000f20                HAL_RCC_OscConfig
 .text.HAL_RCC_GetSysClockFreq
                0x08001330       0x54 build/stm32f1xx_hal_rcc.o
                0x08001330                HAL_RCC_GetSysClockFreq
 .text.HAL_RCC_ClockConfig
                0x08001384      0x16c build/stm32f1xx_hal_rcc.o
                0x08001384                HAL_RCC_ClockConfig
 .text.HAL_RCC_GetHCLKFreq
                0x080014f0        0xc build/stm32f1xx_hal_rcc.o
                0x080014f0                HAL_RCC_GetHCLKFreq
 .text.HAL_RCC_GetPCLK1Freq
                0x080014fc       0x20 build/stm32f1xx_hal_rcc.o
                0x080014fc                HAL_RCC_GetPCLK1Freq
 .text.HAL_RCC_GetPCLK2Freq
                0x0800151c       0x20 build/stm32f1xx_hal_rcc.o
                0x0800151c                HAL_RCC_GetPCLK2Freq
 .text.HAL_GPIO_Init
                0x0800153c      0x220 build/stm32f1xx_hal_gpio.o
                0x0800153c                HAL_GPIO_Init
 .text.HAL_GPIO_WritePin
                0x0800175c        0xc build/stm32f1xx_hal_gpio.o
                0x0800175c                HAL_GPIO_WritePin
 .text.HAL_NVIC_SetPriorityGrouping
                0x08001768       0x24 build/stm32f1xx_hal_cortex.o
                0x08001768                HAL_NVIC_SetPriorityGrouping
 .text.HAL_NVIC_SetPriority
                0x0800178c       0x70 build/stm32f1xx_hal_cortex.o
                0x0800178c                HAL_NVIC_SetPriority
 .text.HAL_SYSTICK_Config
                0x080017fc       0x28 build/stm32f1xx_hal_cortex.o
                0x080017fc                HAL_SYSTICK_Config
 .text.UART_EndRxTransfer
                0x08001824       0x5c build/stm32f1xx_hal_uart.o
 .text.UART_SetConfig
                0x08001880       0x94 build/stm32f1xx_hal_uart.o
 .text.UART_WaitOnFlagUntilTimeout
                0x08001914       0x86 build/stm32f1xx_hal_uart.o
 .text.HAL_UART_Init
                0x0800199a       0x60 build/stm32f1xx_hal_uart.o
                0x0800199a                HAL_UART_Init
 .text.HAL_UART_Transmit
                0x080019fa       0xcc build/stm32f1xx_hal_uart.o
                0x080019fa                HAL_UART_Transmit
 .text.SystemInit
                0x08001ac6        0x2 build/system_stm32f1xx.o
                0x08001ac6                SystemInit
 .text.Reset_Handler
                0x08001ac8       0x48 build/startup_stm32f103x6.o
                0x08001ac8                Reset_Handler
 .text.Default_Handler
                0x08001b10        0x2 build/startup_stm32f103x6.o
                0x08001b10                RTC_Alarm_IRQHandler
                0x08001b10                EXTI2_IRQHandler
                0x08001b10                TIM1_CC_IRQHandler
                0x08001b10                PVD_IRQHandler
                0x08001b10                EXTI3_IRQHandler
                0x08001b10                EXTI0_IRQHandler
                0x08001b10                ADC1_2_IRQHandler
                0x08001b10                SPI1_IRQHandler
                0x08001b10                TAMPER_IRQHandler
                0x08001b10                DMA1_Channel4_IRQHandler
                0x08001b10                RTC_IRQHandler
                0x08001b10                DMA1_Channel7_IRQHandler
                0x08001b10                CAN1_RX1_IRQHandler
                0x08001b10                I2C1_EV_IRQHandler
                0x08001b10                DMA1_Channel6_IRQHandler
                0x08001b10                TIM3_IRQHandler
                0x08001b10                RCC_IRQHandler
                0x08001b10                TIM1_TRG_COM_IRQHandler
                0x08001b10                DMA1_Channel1_IRQHandler
                0x08001b10                Default_Handler
                0x08001b10                EXTI15_10_IRQHandler
                0x08001b10                EXTI9_5_IRQHandler
                0x08001b10                DMA1_Channel5_IRQHandler
                0x08001b10                EXTI4_IRQHandler
                0x08001b10                USB_LP_CAN1_RX0_IRQHandler
                0x08001b10                USB_HP_CAN1_TX_IRQHandler
                0x08001b10                DMA1_Channel3_IRQHandler
                0x08001b10                TIM1_UP_IRQHandler
                0x08001b10                WWDG_IRQHandler
                0x08001b10                TIM2_IRQHandler
                0x08001b10                TIM1_BRK_IRQHandler
                0x08001b10                EXTI1_IRQHandler
                0x08001b10                USART2_IRQHandler
                0x08001b10                DMA1_Channel2_IRQHandler
                0x08001b10                CAN1_SCE_IRQHandler
                0x08001b10                FLASH_IRQHandler
                0x08001b10                USART1_IRQHandler
                0x08001b10                I2C1_ER_IRQHandler
                0x08001b10                USBWakeUp_IRQHandler
 *fill*         0x08001b12        0x2 
 .text.__libc_init_array
                0x08001b14       0x48 d:/arm-gcc/gcc/bin/../lib/gcc/arm-none-eabi/11.2.1/thumb/v7-m/nofp\libc_nano.a(lib_a-init.o)
                0x08001b14                __libc_init_array
 .text.memcpy   0x08001b5c       0x1c d:/arm-gcc/gcc/bin/../lib/gcc/arm-none-eabi/11.2.1/thumb/v7-m/nofp\libc_nano.a(lib_a-memcpy-stub.o)
                0x08001b5c                memcpy
 .text.memset   0x08001b78       0x10 d:/arm-gcc/gcc/bin/../lib/gcc/arm-none-eabi/11.2.1/thumb/v7-m/nofp\libc_nano.a(lib_a-memset.o)
                0x08001b78                memset
 .text.sprintf  0x08001b88       0x40 d:/arm-gcc/gcc/bin/../lib/gcc/arm-none-eabi/11.2.1/thumb/v7-m/nofp\libc_nano.a(lib_a-sprintf.o)
                0x08001b88                siprintf
                0x08001b88                sprintf
 .text.__ssputs_r
                0x08001bc8       0xb4 d:/arm-gcc/gcc/bin/../lib/gcc/arm-none-eabi/11.2.1/thumb/v7-m/nofp\libc_nano.a(lib_a-nano-svfprintf.o)
                0x08001bc8                __ssputs_r
 .text._svfprintf_r
                0x08001c7c      0x1fc d:/arm-gcc/gcc/bin/../lib/gcc/arm-none-eabi/11.2.1/thumb/v7-m/nofp\libc_nano.a(lib_a-nano-svfprintf.o)
                0x08001c7c                _svfiprintf_r
                0x08001c7c                _svfprintf_r
 .text._printf_common
                0x08001e78       0xe4 d:/arm-gcc/gcc/bin/../lib/gcc/arm-none-eabi/11.2.1/thumb/v7-m/nofp\libc_nano.a(lib_a-nano-vfprintf_i.o)
                0x08001e78                _printf_common
 .text._printf_i
                0x08001f5c      0x244 d:/arm-gcc/gcc/bin/../lib/gcc/arm-none-eabi/11.2.1/thumb/v7-m/nofp\libc_nano.a(lib_a-nano-vfprintf_i.o)
                0x08001f5c                _printf_i
 .text.memchr   0x080021a0       0x1c d:/arm-gcc/gcc/bin/../lib/gcc/arm-none-eabi/11.2.1/thumb/v7-m/nofp\libc_nano.a(lib_a-memchr-stub.o)
                0x080021a0                memchr
 .text.memmove  0x080021bc       0x34 d:/arm-gcc/gcc/bin/../lib/gcc/arm-none-eabi/11.2.1/thumb/v7-m/nofp\libc_nano.a(lib_a-memmove.o)
                0x080021bc                memmove
 .text._free_r  0x080021f0       0x90 d:/arm-gcc/gcc/bin/../lib/gcc/arm-none-eabi/11.2.1/thumb/v7-m/nofp\libc_nano.a(lib_a-nano-freer.o)
                0x080021f0                _free_r
 .text.sbrk_aligned
                0x08002280       0x40 d:/arm-gcc/gcc/bin/../lib/gcc/arm-none-eabi/11.2.1/thumb/v7-m/nofp\libc_nano.a(lib_a-nano-mallocr.o)
 .text._malloc_r
                0x080022c0       0xe8 d:/arm-gcc/gcc/bin/../lib/gcc/arm-none-eabi/11.2.1/thumb/v7-m/nofp\libc_nano.a(lib_a-nano-mallocr.o)
                0x080022c0                _malloc_r
 .text._realloc_r
                0x080023a8       0x5e d:/arm-gcc/gcc/bin/../lib/gcc/arm-none-eabi/11.2.1/thumb/v7-m/nofp\libc_nano.a(lib_a-nano-reallocr.o)
                0x080023a8                _realloc_r
 *fill*         0x08002406        0x2 
 .text._sbrk_r  0x08002408       0x20 d:/arm-gcc/gcc/bin/../lib/gcc/arm-none-eabi/11.2.1/thumb/v7-m/nofp\libc_nano.a(lib_a-sbrkr.o)
                0x08002408                _sbrk_r
 .text.__malloc_lock
                0x08002428        0x2 d:/arm-gcc/gcc/bin/../lib/gcc/arm-none-eabi/11.2.1/thumb/v7-m/nofp\libc_nano.a(lib_a-mlock.o)
                0x08002428                __malloc_lock
 .text.__malloc_unlock
                0x0800242a        0x2 d:/arm-gcc/gcc/bin/../lib/gcc/arm-none-eabi/11.2.1/thumb/v7-m/nofp\libc_nano.a(lib_a-mlock.o)
                0x0800242a                __malloc_unlock
 .text._malloc_usable_size_r
                0x0800242c       0x10 d:/arm-gcc/gcc/bin/../lib/gcc/arm-none-eabi/11.2.1/thumb/v7-m/nofp\libc_nano.a(lib_a-nano-msizer.o)
                0x0800242c                _malloc_usable_size_r
 .text._sbrk    0x0800243c       0x1c d:/arm-gcc/gcc/bin/../lib/gcc/arm-none-eabi/11.2.1/thumb/v7-m/nofp\libnosys.a(sbrk.o)
                0x0800243c                _sbrk
 *(.glue_7)
 .glue_7        0x08002458        0x0 linker stubs
 *(.glue_7t)
 .glue_7t       0x08002458        0x0 linker stubs
 *(.eh_frame)
 .eh_frame      0x08002458        0x0 d:/arm-gcc/gcc/bin/../lib/gcc/arm-none-eabi/11.2.1/thumb/v7-m/nofp/crtbegin.o
 *(.init)
 .init          0x08002458        0x4 d:/arm-gcc/gcc/bin/../lib/gcc/arm-none-eabi/11.2.1/thumb/v7-m/nofp/crti.o
                0x08002458                _init
 .init          0x0800245c        0x8 d:/arm-gcc/gcc/bin/../lib/gcc/arm-none-eabi/11.2.1/thumb/v7-m/nofp/crtn.o
 *(.fini)
 .fini          0x08002464        0x4 d:/arm-gcc/gcc/bin/../lib/gcc/arm-none-eabi/11.2.1/thumb/v7-m/nofp/crti.o
                0x08002464                _fini
 .fini          0x08002468        0x8 d:/arm-gcc/gcc/bin/../lib/gcc/arm-none-eabi/11.2.1/thumb/v7-m/nofp/crtn.o
                0x08002470                . = ALIGN (0x4)
                0x08002470                _etext = .

.vfp11_veneer   0x08002470        0x0
 .vfp11_veneer  0x08002470        0x0 linker stubs

.v4_bx          0x08002470        0x0
 .v4_bx         0x08002470        0x0 linker stubs

.iplt           0x08002470        0x0
 .iplt          0x08002470        0x0 d:/arm-gcc/gcc/bin/../lib/gcc/arm-none-eabi/11.2.1/thumb/v7-m/nofp/crtbegin.o

.rodata         0x08002470      0x190
                0x08002470                . = ALIGN (0x4)
 *(.rodata)
 *(.rodata*)
 .rodata.main.str1.4
                0x08002470      0x12d build/main.o
 *fill*         0x0800259d        0x3 
 .rodata.aPLLMULFactorTable.1
                0x080025a0       0x10 build/stm32f1xx_hal_rcc.o
 .rodata.aPredivFactorTable.0
                0x080025b0        0x2 build/stm32f1xx_hal_rcc.o
 *fill*         0x080025b2        0x2 
 .rodata.AHBPrescTable
                0x080025b4       0x10 build/system_stm32f1xx.o
                0x080025b4                AHBPrescTable
 .rodata.APBPrescTable
                0x080025c4        0x8 build/system_stm32f1xx.o
                0x080025c4                APBPrescTable
 .rodata._svfprintf_r.str1.1
                0x080025cc       0x11 d:/arm-gcc/gcc/bin/../lib/gcc/arm-none-eabi/11.2.1/thumb/v7-m/nofp\libc_nano.a(lib_a-nano-svfprintf.o)
 .rodata._printf_i.str1.1
                0x080025dd       0x22 d:/arm-gcc/gcc/bin/../lib/gcc/arm-none-eabi/11.2.1/thumb/v7-m/nofp\libc_nano.a(lib_a-nano-vfprintf_i.o)
                0x08002600                . = ALIGN (0x4)
 *fill*         0x080025ff        0x1 

.rel.dyn        0x08002600        0x0
 .rel.iplt      0x08002600        0x0 d:/arm-gcc/gcc/bin/../lib/gcc/arm-none-eabi/11.2.1/thumb/v7-m/nofp/crtbegin.o

.ARM.extab
 *(.ARM.extab* .gnu.linkonce.armextab.*)

.ARM            0x08002600        0x0
                0x08002600                __exidx_start = .
 *(.ARM.exidx*)
                0x08002600                __exidx_end = .

.preinit_array  0x08002600        0x0
                0x08002600                PROVIDE (__preinit_array_start = .)
 *(.preinit_array*)
                0x08002600                PROVIDE (__preinit_array_end = .)

.init_array     0x08002600        0x4
                0x08002600                PROVIDE (__init_array_start = .)
 *(SORT_BY_NAME(.init_array.*))
 *(.init_array*)
 .init_array    0x08002600        0x4 d:/arm-gcc/gcc/bin/../lib/gcc/arm-none-eabi/11.2.1/thumb/v7-m/nofp/crtbegin.o
                0x08002604                PROVIDE (__init_array_end = .)

.fini_array     0x08002604        0x4
                [!provide]                PROVIDE (__fini_array_start = .)
 *(SORT_BY_NAME(.fini_array.*))
 *(.fini_array*)
 .fini_array    0x08002604        0x4 d:/arm-gcc/gcc/bin/../lib/gcc/arm-none-eabi/11.2.1/thumb/v7-m/nofp/crtbegin.o
                [!provide]                PROVIDE (__fini_array_end = .)
                0x08002608                _sidata = LOADADDR (.data)

.data           0x20000000       0x70 load address 0x08002608
                0x20000000                . = ALIGN (0x4)
                0x20000000                _sdata = .
 *(.data)
 *(.data*)
 .data.uwTickFreq
                0x20000000        0x1 build/stm32f1xx_hal.o
                0x20000000                uwTickFreq
 *fill*         0x20000001        0x3 
 .data.uwTickPrio
                0x20000004        0x4 build/stm32f1xx_hal.o
                0x20000004                uwTickPrio
 .data.SystemCoreClock
                0x20000008        0x4 build/system_stm32f1xx.o
                0x20000008                SystemCoreClock
 .data._impure_ptr
                0x2000000c        0x4 d:/arm-gcc/gcc/bin/../lib/gcc/arm-none-eabi/11.2.1/thumb/v7-m/nofp\libc_nano.a(lib_a-impure.o)
                0x2000000c                _impure_ptr
 .data.impure_data
                0x20000010       0x60 d:/arm-gcc/gcc/bin/../lib/gcc/arm-none-eabi/11.2.1/thumb/v7-m/nofp\libc_nano.a(lib_a-impure.o)
                0x20000070                . = ALIGN (0x4)
                0x20000070                _edata = .

.tm_clone_table
                0x20000070        0x0 load address 0x08002678
 .tm_clone_table
                0x20000070        0x0 d:/arm-gcc/gcc/bin/../lib/gcc/arm-none-eabi/11.2.1/thumb/v7-m/nofp/crtbegin.o
 .tm_clone_table
                0x20000070        0x0 d:/arm-gcc/gcc/bin/../lib/gcc/arm-none-eabi/11.2.1/thumb/v7-m/nofp/crtend.o

.igot.plt       0x20000070        0x0 load address 0x08002678
 .igot.plt      0x20000070        0x0 d:/arm-gcc/gcc/bin/../lib/gcc/arm-none-eabi/11.2.1/thumb/v7-m/nofp/crtbegin.o
                0x20000070                . = ALIGN (0x4)

.bss            0x20000070       0xd0 load address 0x08002678
                0x20000070                _sbss = .
                0x20000070                __bss_start__ = _sbss
 *(.bss)
 *(.bss*)
 .bss.completed.1
                0x20000070        0x1 d:/arm-gcc/gcc/bin/../lib/gcc/arm-none-eabi/11.2.1/thumb/v7-m/nofp/crtbegin.o
 *fill*         0x20000071        0x3 
 .bss.object.0  0x20000074       0x18 d:/arm-gcc/gcc/bin/../lib/gcc/arm-none-eabi/11.2.1/thumb/v7-m/nofp/crtbegin.o
 .bss.hspi1     0x2000008c       0x58 build/main.o
                0x2000008c                hspi1
 .bss.huart1    0x200000e4       0x48 build/main.o
                0x200000e4                huart1
 .bss.uwTick    0x2000012c        0x4 build/stm32f1xx_hal.o
                0x2000012c                uwTick
 .bss.__malloc_free_list
                0x20000130        0x4 d:/arm-gcc/gcc/bin/../lib/gcc/arm-none-eabi/11.2.1/thumb/v7-m/nofp\libc_nano.a(lib_a-nano-mallocr.o)
                0x20000130                __malloc_free_list
 .bss.__malloc_sbrk_start
                0x20000134        0x4 d:/arm-gcc/gcc/bin/../lib/gcc/arm-none-eabi/11.2.1/thumb/v7-m/nofp\libc_nano.a(lib_a-nano-mallocr.o)
                0x20000134                __malloc_sbrk_start
 .bss.errno     0x20000138        0x4 d:/arm-gcc/gcc/bin/../lib/gcc/arm-none-eabi/11.2.1/thumb/v7-m/nofp\libc_nano.a(lib_a-reent.o)
                0x20000138                errno
 .bss.heap_end.0
                0x2000013c        0x4 d:/arm-gcc/gcc/bin/../lib/gcc/arm-none-eabi/11.2.1/thumb/v7-m/nofp\libnosys.a(sbrk.o)
 *(COMMON)
                0x20000140                . = ALIGN (0x4)
                0x20000140                _ebss = .
                0x20000140                __bss_end__ = _ebss

._user_heap_stack
                0x20000140      0x600 load address 0x08002678
                0x20000140                . = ALIGN (0x8)
                0x20000140                PROVIDE (end = .)
                [!provide]                PROVIDE (_end = .)
                0x20000340                . = (. + _Min_Heap_Size)
 *fill*         0x20000140      0x200 
                0x20000740                . = (. + _Min_Stack_Size)
 *fill*         0x20000340      0x400 
                0x20000740                . = ALIGN (0x8)

/DISCARD/
 libc.a(*)
 libm.a(*)
 libgcc.a(*)

.ARM.attributes
                0x00000000       0x29
 *(.ARM.attributes)
 .ARM.attributes
                0x00000000       0x1d d:/arm-gcc/gcc/bin/../lib/gcc/arm-none-eabi/11.2.1/thumb/v7-m/nofp/crti.o
 .ARM.attributes
                0x0000001d       0x2d d:/arm-gcc/gcc/bin/../lib/gcc/arm-none-eabi/11.2.1/thumb/v7-m/nofp/crtbegin.o
 .ARM.attributes
                0x0000004a       0x2d build/main.o
 .ARM.attributes
                0x00000077       0x2d build/stm32f1xx_it.o
 .ARM.attributes
                0x000000a4       0x2d build/stm32f1xx_hal_msp.o
 .ARM.attributes
                0x000000d1       0x2d build/stm32f1xx_hal_spi.o
 .ARM.attributes
                0x000000fe       0x2d build/stm32f1xx_hal.o
 .ARM.attributes
                0x0000012b       0x2d build/stm32f1xx_hal_rcc.o
 .ARM.attributes
                0x00000158       0x2d build/stm32f1xx_hal_gpio.o
 .ARM.attributes
                0x00000185       0x2d build/stm32f1xx_hal_cortex.o
 .ARM.attributes
                0x000001b2       0x2d build/stm32f1xx_hal_uart.o
 .ARM.attributes
                0x000001df       0x2d build/system_stm32f1xx.o
 .ARM.attributes
                0x0000020c       0x21 build/startup_stm32f103x6.o
 .ARM.attributes
                0x0000022d       0x2d d:/arm-gcc/gcc/bin/../lib/gcc/arm-none-eabi/11.2.1/thumb/v7-m/nofp\libc_nano.a(lib_a-impure.o)
 .ARM.attributes
                0x0000025a       0x2d d:/arm-gcc/gcc/bin/../lib/gcc/arm-none-eabi/11.2.1/thumb/v7-m/nofp\libc_nano.a(lib_a-init.o)
 .ARM.attributes
                0x00000287       0x2d d:/arm-gcc/gcc/bin/../lib/gcc/arm-none-eabi/11.2.1/thumb/v7-m/nofp\libc_nano.a(lib_a-memcpy-stub.o)
 .ARM.attributes
                0x000002b4       0x2d d:/arm-gcc/gcc/bin/../lib/gcc/arm-none-eabi/11.2.1/thumb/v7-m/nofp\libc_nano.a(lib_a-memset.o)
 .ARM.attributes
                0x000002e1       0x2d d:/arm-gcc/gcc/bin/../lib/gcc/arm-none-eabi/11.2.1/thumb/v7-m/nofp\libc_nano.a(lib_a-sprintf.o)
 .ARM.attributes
                0x0000030e       0x17 d:/arm-gcc/gcc/bin/../lib/gcc/arm-none-eabi/11.2.1/thumb/v7-m/nofp\libc_nano.a(lib_a-strlen.o)
 .ARM.attributes
                0x00000325       0x2d d:/arm-gcc/gcc/bin/../lib/gcc/arm-none-eabi/11.2.1/thumb/v7-m/nofp\libc_nano.a(lib_a-nano-svfprintf.o)
 .ARM.attributes
                0x00000352       0x2d d:/arm-gcc/gcc/bin/../lib/gcc/arm-none-eabi/11.2.1/thumb/v7-m/nofp\libc_nano.a(lib_a-nano-vfprintf_i.o)
 .ARM.attributes
                0x0000037f       0x2d d:/arm-gcc/gcc/bin/../lib/gcc/arm-none-eabi/11.2.1/thumb/v7-m/nofp\libc_nano.a(lib_a-memchr-stub.o)
 .ARM.attributes
                0x000003ac       0x2d d:/arm-gcc/gcc/bin/../lib/gcc/arm-none-eabi/11.2.1/thumb/v7-m/nofp\libc_nano.a(lib_a-memmove.o)
 .ARM.attributes
                0x000003d9       0x2d d:/arm-gcc/gcc/bin/../lib/gcc/arm-none-eabi/11.2.1/thumb/v7-m/nofp\libc_nano.a(lib_a-nano-freer.o)
 .ARM.attributes
                0x00000406       0x2d d:/arm-gcc/gcc/bin/../lib/gcc/arm-none-eabi/11.2.1/thumb/v7-m/nofp\libc_nano.a(lib_a-nano-mallocr.o)
 .ARM.attributes
                0x00000433       0x2d d:/arm-gcc/gcc/bin/../lib/gcc/arm-none-eabi/11.2.1/thumb/v7-m/nofp\libc_nano.a(lib_a-nano-reallocr.o)
 .ARM.attributes
                0x00000460       0x2d d:/arm-gcc/gcc/bin/../lib/gcc/arm-none-eabi/11.2.1/thumb/v7-m/nofp\libc_nano.a(lib_a-sbrkr.o)
 .ARM.attributes
                0x0000048d       0x2d d:/arm-gcc/gcc/bin/../lib/gcc/arm-none-eabi/11.2.1/thumb/v7-m/nofp\libc_nano.a(lib_a-mlock.o)
 .ARM.attributes
                0x000004ba       0x2d d:/arm-gcc/gcc/bin/../lib/gcc/arm-none-eabi/11.2.1/thumb/v7-m/nofp\libc_nano.a(lib_a-nano-msizer.o)
 .ARM.attributes
                0x000004e7       0x2d d:/arm-gcc/gcc/bin/../lib/gcc/arm-none-eabi/11.2.1/thumb/v7-m/nofp\libc_nano.a(lib_a-reent.o)
 .ARM.attributes
                0x00000514       0x2d d:/arm-gcc/gcc/bin/../lib/gcc/arm-none-eabi/11.2.1/thumb/v7-m/nofp\libnosys.a(sbrk.o)
 .ARM.attributes
                0x00000541       0x2d d:/arm-gcc/gcc/bin/../lib/gcc/arm-none-eabi/11.2.1/thumb/v7-m/nofp/crtend.o
 .ARM.attributes
                0x0000056e       0x1d d:/arm-gcc/gcc/bin/../lib/gcc/arm-none-eabi/11.2.1/thumb/v7-m/nofp/crtn.o
OUTPUT(build/SPIf103c4.elf elf32-littlearm)
LOAD linker stubs
LOAD d:/arm-gcc/gcc/bin/../lib/gcc/arm-none-eabi/11.2.1/thumb/v7-m/nofp\libc.a
LOAD d:/arm-gcc/gcc/bin/../lib/gcc/arm-none-eabi/11.2.1/thumb/v7-m/nofp\libm.a
LOAD d:/arm-gcc/gcc/bin/../lib/gcc/arm-none-eabi/11.2.1/thumb/v7-m/nofp\libgcc.a

.comment        0x00000000       0x57
 .comment       0x00000000       0x57 d:/arm-gcc/gcc/bin/../lib/gcc/arm-none-eabi/11.2.1/thumb/v7-m/nofp/crtbegin.o
                                 0x58 (size before relaxing)
 .comment       0x00000057       0x58 build/main.o
 .comment       0x00000057       0x58 build/stm32f1xx_it.o
 .comment       0x00000057       0x58 build/stm32f1xx_hal_msp.o
 .comment       0x00000057       0x58 build/stm32f1xx_hal_spi.o
 .comment       0x00000057       0x58 build/stm32f1xx_hal.o
 .comment       0x00000057       0x58 build/stm32f1xx_hal_rcc.o
 .comment       0x00000057       0x58 build/stm32f1xx_hal_gpio.o
 .comment       0x00000057       0x58 build/stm32f1xx_hal_cortex.o
 .comment       0x00000057       0x58 build/stm32f1xx_hal_uart.o
 .comment       0x00000057       0x58 build/system_stm32f1xx.o
 .comment       0x00000057       0x58 d:/arm-gcc/gcc/bin/../lib/gcc/arm-none-eabi/11.2.1/thumb/v7-m/nofp\libc_nano.a(lib_a-impure.o)
 .comment       0x00000057       0x58 d:/arm-gcc/gcc/bin/../lib/gcc/arm-none-eabi/11.2.1/thumb/v7-m/nofp\libc_nano.a(lib_a-init.o)
 .comment       0x00000057       0x58 d:/arm-gcc/gcc/bin/../lib/gcc/arm-none-eabi/11.2.1/thumb/v7-m/nofp\libc_nano.a(lib_a-memcpy-stub.o)
 .comment       0x00000057       0x58 d:/arm-gcc/gcc/bin/../lib/gcc/arm-none-eabi/11.2.1/thumb/v7-m/nofp\libc_nano.a(lib_a-memset.o)
 .comment       0x00000057       0x58 d:/arm-gcc/gcc/bin/../lib/gcc/arm-none-eabi/11.2.1/thumb/v7-m/nofp\libc_nano.a(lib_a-sprintf.o)
 .comment       0x00000057       0x58 d:/arm-gcc/gcc/bin/../lib/gcc/arm-none-eabi/11.2.1/thumb/v7-m/nofp\libc_nano.a(lib_a-nano-svfprintf.o)
 .comment       0x00000057       0x58 d:/arm-gcc/gcc/bin/../lib/gcc/arm-none-eabi/11.2.1/thumb/v7-m/nofp\libc_nano.a(lib_a-nano-vfprintf_i.o)
 .comment       0x00000057       0x58 d:/arm-gcc/gcc/bin/../lib/gcc/arm-none-eabi/11.2.1/thumb/v7-m/nofp\libc_nano.a(lib_a-memchr-stub.o)
 .comment       0x00000057       0x58 d:/arm-gcc/gcc/bin/../lib/gcc/arm-none-eabi/11.2.1/thumb/v7-m/nofp\libc_nano.a(lib_a-memmove.o)
 .comment       0x00000057       0x58 d:/arm-gcc/gcc/bin/../lib/gcc/arm-none-eabi/11.2.1/thumb/v7-m/nofp\libc_nano.a(lib_a-nano-freer.o)
 .comment       0x00000057       0x58 d:/arm-gcc/gcc/bin/../lib/gcc/arm-none-eabi/11.2.1/thumb/v7-m/nofp\libc_nano.a(lib_a-nano-mallocr.o)
 .comment       0x00000057       0x58 d:/arm-gcc/gcc/bin/../lib/gcc/arm-none-eabi/11.2.1/thumb/v7-m/nofp\libc_nano.a(lib_a-nano-reallocr.o)
 .comment       0x00000057       0x58 d:/arm-gcc/gcc/bin/../lib/gcc/arm-none-eabi/11.2.1/thumb/v7-m/nofp\libc_nano.a(lib_a-sbrkr.o)
 .comment       0x00000057       0x58 d:/arm-gcc/gcc/bin/../lib/gcc/arm-none-eabi/11.2.1/thumb/v7-m/nofp\libc_nano.a(lib_a-mlock.o)
 .comment       0x00000057       0x58 d:/arm-gcc/gcc/bin/../lib/gcc/arm-none-eabi/11.2.1/thumb/v7-m/nofp\libc_nano.a(lib_a-nano-msizer.o)
 .comment       0x00000057       0x58 d:/arm-gcc/gcc/bin/../lib/gcc/arm-none-eabi/11.2.1/thumb/v7-m/nofp\libc_nano.a(lib_a-reent.o)
 .comment       0x00000057       0x58 d:/arm-gcc/gcc/bin/../lib/gcc/arm-none-eabi/11.2.1/thumb/v7-m/nofp\libnosys.a(sbrk.o)
 .comment       0x00000057       0x58 d:/arm-gcc/gcc/bin/../lib/gcc/arm-none-eabi/11.2.1/thumb/v7-m/nofp/crtend.o

.debug_info     0x00000000    0x12320
 .debug_info    0x00000000     0x1661 build/main.o
 .debug_info    0x00001661      0x158 build/stm32f1xx_it.o
 .debug_info    0x000017b9      0xd32 build/stm32f1xx_hal_msp.o
 .debug_info    0x000024eb     0x1e25 build/stm32f1xx_hal_spi.o
 .debug_info    0x00004310      0x862 build/stm32f1xx_hal.o
 .debug_info    0x00004b72      0xb10 build/stm32f1xx_hal_rcc.o
 .debug_info    0x00005682      0x6d7 build/stm32f1xx_hal_gpio.o
 .debug_info    0x00005d59      0xe15 build/stm32f1xx_hal_cortex.o
 .debug_info    0x00006b6e     0x42de build/stm32f1xx_hal_uart.o
 .debug_info    0x0000ae4c      0x26e build/system_stm32f1xx.o
 .debug_info    0x0000b0ba       0x22 build/startup_stm32f103x6.o
 .debug_info    0x0000b0dc      0x7fc d:/arm-gcc/gcc/bin/../lib/gcc/arm-none-eabi/11.2.1/thumb/v7-m/nofp\libc_nano.a(lib_a-impure.o)
 .debug_info    0x0000b8d8      0x10b d:/arm-gcc/gcc/bin/../lib/gcc/arm-none-eabi/11.2.1/thumb/v7-m/nofp\libc_nano.a(lib_a-init.o)
 .debug_info    0x0000b9e3      0x121 d:/arm-gcc/gcc/bin/../lib/gcc/arm-none-eabi/11.2.1/thumb/v7-m/nofp\libc_nano.a(lib_a-memcpy-stub.o)
 .debug_info    0x0000bb04       0xe0 d:/arm-gcc/gcc/bin/../lib/gcc/arm-none-eabi/11.2.1/thumb/v7-m/nofp\libc_nano.a(lib_a-memset.o)
 .debug_info    0x0000bbe4      0x8d5 d:/arm-gcc/gcc/bin/../lib/gcc/arm-none-eabi/11.2.1/thumb/v7-m/nofp\libc_nano.a(lib_a-sprintf.o)
 .debug_info    0x0000c4b9       0x24 d:/arm-gcc/gcc/bin/../lib/gcc/arm-none-eabi/11.2.1/thumb/v7-m/nofp\libc_nano.a(lib_a-strlen.o)
 .debug_info    0x0000c4dd     0x111a d:/arm-gcc/gcc/bin/../lib/gcc/arm-none-eabi/11.2.1/thumb/v7-m/nofp\libc_nano.a(lib_a-nano-svfprintf.o)
 .debug_info    0x0000d5f7      0xe38 d:/arm-gcc/gcc/bin/../lib/gcc/arm-none-eabi/11.2.1/thumb/v7-m/nofp\libc_nano.a(lib_a-nano-vfprintf_i.o)
 .debug_info    0x0000e42f      0x110 d:/arm-gcc/gcc/bin/../lib/gcc/arm-none-eabi/11.2.1/thumb/v7-m/nofp\libc_nano.a(lib_a-memchr-stub.o)
 .debug_info    0x0000e53f      0x10f d:/arm-gcc/gcc/bin/../lib/gcc/arm-none-eabi/11.2.1/thumb/v7-m/nofp\libc_nano.a(lib_a-memmove.o)
 .debug_info    0x0000e64e      0x8a1 d:/arm-gcc/gcc/bin/../lib/gcc/arm-none-eabi/11.2.1/thumb/v7-m/nofp\libc_nano.a(lib_a-nano-freer.o)
 .debug_info    0x0000eeef      0xa12 d:/arm-gcc/gcc/bin/../lib/gcc/arm-none-eabi/11.2.1/thumb/v7-m/nofp\libc_nano.a(lib_a-nano-mallocr.o)
 .debug_info    0x0000f901      0x91d d:/arm-gcc/gcc/bin/../lib/gcc/arm-none-eabi/11.2.1/thumb/v7-m/nofp\libc_nano.a(lib_a-nano-reallocr.o)
 .debug_info    0x0001021e      0x7d2 d:/arm-gcc/gcc/bin/../lib/gcc/arm-none-eabi/11.2.1/thumb/v7-m/nofp\libc_nano.a(lib_a-sbrkr.o)
 .debug_info    0x000109f0      0x77c d:/arm-gcc/gcc/bin/../lib/gcc/arm-none-eabi/11.2.1/thumb/v7-m/nofp\libc_nano.a(lib_a-mlock.o)
 .debug_info    0x0001116c      0x7ea d:/arm-gcc/gcc/bin/../lib/gcc/arm-none-eabi/11.2.1/thumb/v7-m/nofp\libc_nano.a(lib_a-nano-msizer.o)
 .debug_info    0x00011956      0x92c d:/arm-gcc/gcc/bin/../lib/gcc/arm-none-eabi/11.2.1/thumb/v7-m/nofp\libc_nano.a(lib_a-reent.o)
 .debug_info    0x00012282       0x9e d:/arm-gcc/gcc/bin/../lib/gcc/arm-none-eabi/11.2.1/thumb/v7-m/nofp\libnosys.a(sbrk.o)

.debug_abbrev   0x00000000     0x324a
 .debug_abbrev  0x00000000      0x2fe build/main.o
 .debug_abbrev  0x000002fe       0x80 build/stm32f1xx_it.o
 .debug_abbrev  0x0000037e      0x1d5 build/stm32f1xx_hal_msp.o
 .debug_abbrev  0x00000553      0x2be build/stm32f1xx_hal_spi.o
 .debug_abbrev  0x00000811      0x232 build/stm32f1xx_hal.o
 .debug_abbrev  0x00000a43      0x2d6 build/stm32f1xx_hal_rcc.o
 .debug_abbrev  0x00000d19      0x222 build/stm32f1xx_hal_gpio.o
 .debug_abbrev  0x00000f3b      0x348 build/stm32f1xx_hal_cortex.o
 .debug_abbrev  0x00001283      0x35f build/stm32f1xx_hal_uart.o
 .debug_abbrev  0x000015e2      0x140 build/system_stm32f1xx.o
 .debug_abbrev  0x00001722       0x12 build/startup_stm32f103x6.o
 .debug_abbrev  0x00001734      0x15a d:/arm-gcc/gcc/bin/../lib/gcc/arm-none-eabi/11.2.1/thumb/v7-m/nofp\libc_nano.a(lib_a-impure.o)
 .debug_abbrev  0x0000188e       0xc9 d:/arm-gcc/gcc/bin/../lib/gcc/arm-none-eabi/11.2.1/thumb/v7-m/nofp\libc_nano.a(lib_a-init.o)
 .debug_abbrev  0x00001957       0xc1 d:/arm-gcc/gcc/bin/../lib/gcc/arm-none-eabi/11.2.1/thumb/v7-m/nofp\libc_nano.a(lib_a-memcpy-stub.o)
 .debug_abbrev  0x00001a18       0x9e d:/arm-gcc/gcc/bin/../lib/gcc/arm-none-eabi/11.2.1/thumb/v7-m/nofp\libc_nano.a(lib_a-memset.o)
 .debug_abbrev  0x00001ab6      0x21c d:/arm-gcc/gcc/bin/../lib/gcc/arm-none-eabi/11.2.1/thumb/v7-m/nofp\libc_nano.a(lib_a-sprintf.o)
 .debug_abbrev  0x00001cd2       0x14 d:/arm-gcc/gcc/bin/../lib/gcc/arm-none-eabi/11.2.1/thumb/v7-m/nofp\libc_nano.a(lib_a-strlen.o)
 .debug_abbrev  0x00001ce6      0x315 d:/arm-gcc/gcc/bin/../lib/gcc/arm-none-eabi/11.2.1/thumb/v7-m/nofp\libc_nano.a(lib_a-nano-svfprintf.o)
 .debug_abbrev  0x00001ffb      0x285 d:/arm-gcc/gcc/bin/../lib/gcc/arm-none-eabi/11.2.1/thumb/v7-m/nofp\libc_nano.a(lib_a-nano-vfprintf_i.o)
 .debug_abbrev  0x00002280       0xb1 d:/arm-gcc/gcc/bin/../lib/gcc/arm-none-eabi/11.2.1/thumb/v7-m/nofp\libc_nano.a(lib_a-memchr-stub.o)
 .debug_abbrev  0x00002331       0xac d:/arm-gcc/gcc/bin/../lib/gcc/arm-none-eabi/11.2.1/thumb/v7-m/nofp\libc_nano.a(lib_a-memmove.o)
 .debug_abbrev  0x000023dd      0x236 d:/arm-gcc/gcc/bin/../lib/gcc/arm-none-eabi/11.2.1/thumb/v7-m/nofp\libc_nano.a(lib_a-nano-freer.o)
 .debug_abbrev  0x00002613      0x24a d:/arm-gcc/gcc/bin/../lib/gcc/arm-none-eabi/11.2.1/thumb/v7-m/nofp\libc_nano.a(lib_a-nano-mallocr.o)
 .debug_abbrev  0x0000285d      0x217 d:/arm-gcc/gcc/bin/../lib/gcc/arm-none-eabi/11.2.1/thumb/v7-m/nofp\libc_nano.a(lib_a-nano-reallocr.o)
 .debug_abbrev  0x00002a74      0x1da d:/arm-gcc/gcc/bin/../lib/gcc/arm-none-eabi/11.2.1/thumb/v7-m/nofp\libc_nano.a(lib_a-sbrkr.o)
 .debug_abbrev  0x00002c4e      0x192 d:/arm-gcc/gcc/bin/../lib/gcc/arm-none-eabi/11.2.1/thumb/v7-m/nofp\libc_nano.a(lib_a-mlock.o)
 .debug_abbrev  0x00002de0      0x196 d:/arm-gcc/gcc/bin/../lib/gcc/arm-none-eabi/11.2.1/thumb/v7-m/nofp\libc_nano.a(lib_a-nano-msizer.o)
 .debug_abbrev  0x00002f76      0x233 d:/arm-gcc/gcc/bin/../lib/gcc/arm-none-eabi/11.2.1/thumb/v7-m/nofp\libc_nano.a(lib_a-reent.o)
 .debug_abbrev  0x000031a9       0xa1 d:/arm-gcc/gcc/bin/../lib/gcc/arm-none-eabi/11.2.1/thumb/v7-m/nofp\libnosys.a(sbrk.o)

.debug_loc      0x00000000     0x8d50
 .debug_loc     0x00000000      0x3c7 build/main.o
 .debug_loc     0x000003c7       0x20 build/stm32f1xx_it.o
 .debug_loc     0x000003e7      0x211 build/stm32f1xx_hal_msp.o
 .debug_loc     0x000005f8     0x22f2 build/stm32f1xx_hal_spi.o
 .debug_loc     0x000028ea      0x1e1 build/stm32f1xx_hal.o
 .debug_loc     0x00002acb      0x790 build/stm32f1xx_hal_rcc.o
 .debug_loc     0x0000325b      0x511 build/stm32f1xx_hal_gpio.o
 .debug_loc     0x0000376c      0x80c build/stm32f1xx_hal_cortex.o
 .debug_loc     0x00003f78     0x4cd9 build/stm32f1xx_hal_uart.o
 .debug_loc     0x00008c51       0xff build/system_stm32f1xx.o

.debug_aranges  0x00000000      0xa00
 .debug_aranges
                0x00000000       0x78 build/main.o
 .debug_aranges
                0x00000078       0x60 build/stm32f1xx_it.o
 .debug_aranges
                0x000000d8       0x40 build/stm32f1xx_hal_msp.o
 .debug_aranges
                0x00000118      0x1d0 build/stm32f1xx_hal_spi.o
 .debug_aranges
                0x000002e8       0xe0 build/stm32f1xx_hal.o
 .debug_aranges
                0x000003c8       0x90 build/stm32f1xx_hal_rcc.o
 .debug_aranges
                0x00000458       0x58 build/stm32f1xx_hal_gpio.o
 .debug_aranges
                0x000004b0       0x90 build/stm32f1xx_hal_cortex.o
 .debug_aranges
                0x00000540      0x208 build/stm32f1xx_hal_uart.o
 .debug_aranges
                0x00000748       0x28 build/system_stm32f1xx.o
 .debug_aranges
                0x00000770       0x28 build/startup_stm32f103x6.o
 .debug_aranges
                0x00000798       0x18 d:/arm-gcc/gcc/bin/../lib/gcc/arm-none-eabi/11.2.1/thumb/v7-m/nofp\libc_nano.a(lib_a-impure.o)
 .debug_aranges
                0x000007b0       0x20 d:/arm-gcc/gcc/bin/../lib/gcc/arm-none-eabi/11.2.1/thumb/v7-m/nofp\libc_nano.a(lib_a-init.o)
 .debug_aranges
                0x000007d0       0x20 d:/arm-gcc/gcc/bin/../lib/gcc/arm-none-eabi/11.2.1/thumb/v7-m/nofp\libc_nano.a(lib_a-memcpy-stub.o)
 .debug_aranges
                0x000007f0       0x20 d:/arm-gcc/gcc/bin/../lib/gcc/arm-none-eabi/11.2.1/thumb/v7-m/nofp\libc_nano.a(lib_a-memset.o)
 .debug_aranges
                0x00000810       0x28 d:/arm-gcc/gcc/bin/../lib/gcc/arm-none-eabi/11.2.1/thumb/v7-m/nofp\libc_nano.a(lib_a-sprintf.o)
 .debug_aranges
                0x00000838       0x20 d:/arm-gcc/gcc/bin/../lib/gcc/arm-none-eabi/11.2.1/thumb/v7-m/nofp\libc_nano.a(lib_a-strlen.o)
 .debug_aranges
                0x00000858       0x30 d:/arm-gcc/gcc/bin/../lib/gcc/arm-none-eabi/11.2.1/thumb/v7-m/nofp\libc_nano.a(lib_a-nano-svfprintf.o)
 .debug_aranges
                0x00000888       0x28 d:/arm-gcc/gcc/bin/../lib/gcc/arm-none-eabi/11.2.1/thumb/v7-m/nofp\libc_nano.a(lib_a-nano-vfprintf_i.o)
 .debug_aranges
                0x000008b0       0x20 d:/arm-gcc/gcc/bin/../lib/gcc/arm-none-eabi/11.2.1/thumb/v7-m/nofp\libc_nano.a(lib_a-memchr-stub.o)
 .debug_aranges
                0x000008d0       0x20 d:/arm-gcc/gcc/bin/../lib/gcc/arm-none-eabi/11.2.1/thumb/v7-m/nofp\libc_nano.a(lib_a-memmove.o)
 .debug_aranges
                0x000008f0       0x20 d:/arm-gcc/gcc/bin/../lib/gcc/arm-none-eabi/11.2.1/thumb/v7-m/nofp\libc_nano.a(lib_a-nano-freer.o)
 .debug_aranges
                0x00000910       0x28 d:/arm-gcc/gcc/bin/../lib/gcc/arm-none-eabi/11.2.1/thumb/v7-m/nofp\libc_nano.a(lib_a-nano-mallocr.o)
 .debug_aranges
                0x00000938       0x20 d:/arm-gcc/gcc/bin/../lib/gcc/arm-none-eabi/11.2.1/thumb/v7-m/nofp\libc_nano.a(lib_a-nano-reallocr.o)
 .debug_aranges
                0x00000958       0x20 d:/arm-gcc/gcc/bin/../lib/gcc/arm-none-eabi/11.2.1/thumb/v7-m/nofp\libc_nano.a(lib_a-sbrkr.o)
 .debug_aranges
                0x00000978       0x20 d:/arm-gcc/gcc/bin/../lib/gcc/arm-none-eabi/11.2.1/thumb/v7-m/nofp\libc_nano.a(lib_a-mlock.o)
 .debug_aranges
                0x00000998       0x20 d:/arm-gcc/gcc/bin/../lib/gcc/arm-none-eabi/11.2.1/thumb/v7-m/nofp\libc_nano.a(lib_a-nano-msizer.o)
 .debug_aranges
                0x000009b8       0x28 d:/arm-gcc/gcc/bin/../lib/gcc/arm-none-eabi/11.2.1/thumb/v7-m/nofp\libc_nano.a(lib_a-reent.o)
 .debug_aranges
                0x000009e0       0x20 d:/arm-gcc/gcc/bin/../lib/gcc/arm-none-eabi/11.2.1/thumb/v7-m/nofp\libnosys.a(sbrk.o)

.debug_ranges   0x00000000      0x788
 .debug_ranges  0x00000000       0x68 build/main.o
 .debug_ranges  0x00000068       0x50 build/stm32f1xx_it.o
 .debug_ranges  0x000000b8       0x30 build/stm32f1xx_hal_msp.o
 .debug_ranges  0x000000e8      0x1c0 build/stm32f1xx_hal_spi.o
 .debug_ranges  0x000002a8       0xd0 build/stm32f1xx_hal.o
 .debug_ranges  0x00000378       0xa0 build/stm32f1xx_hal_rcc.o
 .debug_ranges  0x00000418       0x48 build/stm32f1xx_hal_gpio.o
 .debug_ranges  0x00000460       0xe0 build/stm32f1xx_hal_cortex.o
 .debug_ranges  0x00000540      0x210 build/stm32f1xx_hal_uart.o
 .debug_ranges  0x00000750       0x18 build/system_stm32f1xx.o
 .debug_ranges  0x00000768       0x20 build/startup_stm32f103x6.o

.debug_line     0x00000000     0xc014
 .debug_line    0x00000000      0x615 build/main.o
 .debug_line    0x00000615      0x179 build/stm32f1xx_it.o
 .debug_line    0x0000078e      0x2fb build/stm32f1xx_hal_msp.o
 .debug_line    0x00000a89     0x25aa build/stm32f1xx_hal_spi.o
 .debug_line    0x00003033      0x4ca build/stm32f1xx_hal.o
 .debug_line    0x000034fd      0xbb2 build/stm32f1xx_hal_rcc.o
 .debug_line    0x000040af      0x563 build/stm32f1xx_hal_gpio.o
 .debug_line    0x00004612      0x5d4 build/stm32f1xx_hal_cortex.o
 .debug_line    0x00004be6     0x422d build/stm32f1xx_hal_uart.o
 .debug_line    0x00008e13      0x1e2 build/system_stm32f1xx.o
 .debug_line    0x00008ff5       0x74 build/startup_stm32f103x6.o
 .debug_line    0x00009069      0x15b d:/arm-gcc/gcc/bin/../lib/gcc/arm-none-eabi/11.2.1/thumb/v7-m/nofp\libc_nano.a(lib_a-impure.o)
 .debug_line    0x000091c4      0x174 d:/arm-gcc/gcc/bin/../lib/gcc/arm-none-eabi/11.2.1/thumb/v7-m/nofp\libc_nano.a(lib_a-init.o)
 .debug_line    0x00009338      0x196 d:/arm-gcc/gcc/bin/../lib/gcc/arm-none-eabi/11.2.1/thumb/v7-m/nofp\libc_nano.a(lib_a-memcpy-stub.o)
 .debug_line    0x000094ce      0x176 d:/arm-gcc/gcc/bin/../lib/gcc/arm-none-eabi/11.2.1/thumb/v7-m/nofp\libc_nano.a(lib_a-memset.o)
 .debug_line    0x00009644      0x2b3 d:/arm-gcc/gcc/bin/../lib/gcc/arm-none-eabi/11.2.1/thumb/v7-m/nofp\libc_nano.a(lib_a-sprintf.o)
 .debug_line    0x000098f7       0x4f d:/arm-gcc/gcc/bin/../lib/gcc/arm-none-eabi/11.2.1/thumb/v7-m/nofp\libc_nano.a(lib_a-strlen.o)
 .debug_line    0x00009946      0x891 d:/arm-gcc/gcc/bin/../lib/gcc/arm-none-eabi/11.2.1/thumb/v7-m/nofp\libc_nano.a(lib_a-nano-svfprintf.o)
 .debug_line    0x0000a1d7      0x762 d:/arm-gcc/gcc/bin/../lib/gcc/arm-none-eabi/11.2.1/thumb/v7-m/nofp\libc_nano.a(lib_a-nano-vfprintf_i.o)
 .debug_line    0x0000a939      0x18d d:/arm-gcc/gcc/bin/../lib/gcc/arm-none-eabi/11.2.1/thumb/v7-m/nofp\libc_nano.a(lib_a-memchr-stub.o)
 .debug_line    0x0000aac6      0x1b3 d:/arm-gcc/gcc/bin/../lib/gcc/arm-none-eabi/11.2.1/thumb/v7-m/nofp\libc_nano.a(lib_a-memmove.o)
 .debug_line    0x0000ac79      0x30a d:/arm-gcc/gcc/bin/../lib/gcc/arm-none-eabi/11.2.1/thumb/v7-m/nofp\libc_nano.a(lib_a-nano-freer.o)
 .debug_line    0x0000af83      0x49b d:/arm-gcc/gcc/bin/../lib/gcc/arm-none-eabi/11.2.1/thumb/v7-m/nofp\libc_nano.a(lib_a-nano-mallocr.o)
 .debug_line    0x0000b41e      0x262 d:/arm-gcc/gcc/bin/../lib/gcc/arm-none-eabi/11.2.1/thumb/v7-m/nofp\libc_nano.a(lib_a-nano-reallocr.o)
 .debug_line    0x0000b680      0x214 d:/arm-gcc/gcc/bin/../lib/gcc/arm-none-eabi/11.2.1/thumb/v7-m/nofp\libc_nano.a(lib_a-sbrkr.o)
 .debug_line    0x0000b894      0x1d2 d:/arm-gcc/gcc/bin/../lib/gcc/arm-none-eabi/11.2.1/thumb/v7-m/nofp\libc_nano.a(lib_a-mlock.o)
 .debug_line    0x0000ba66      0x1f0 d:/arm-gcc/gcc/bin/../lib/gcc/arm-none-eabi/11.2.1/thumb/v7-m/nofp\libc_nano.a(lib_a-nano-msizer.o)
 .debug_line    0x0000bc56      0x31b d:/arm-gcc/gcc/bin/../lib/gcc/arm-none-eabi/11.2.1/thumb/v7-m/nofp\libc_nano.a(lib_a-reent.o)
 .debug_line    0x0000bf71       0xa3 d:/arm-gcc/gcc/bin/../lib/gcc/arm-none-eabi/11.2.1/thumb/v7-m/nofp\libnosys.a(sbrk.o)

.debug_str      0x00000000     0x35c2
 .debug_str     0x00000000      0x9fd build/main.o
                                0xae8 (size before relaxing)
 .debug_str     0x000009fd       0xb4 build/stm32f1xx_it.o
                                0x1e5 (size before relaxing)
 .debug_str     0x00000ab1       0xb8 build/stm32f1xx_hal_msp.o
                                0x812 (size before relaxing)
 .debug_str     0x00000b69      0x555 build/stm32f1xx_hal_spi.o
                                0xb24 (size before relaxing)
 .debug_str     0x000010be      0x59d build/stm32f1xx_hal.o
                                0x7b7 (size before relaxing)
 .debug_str     0x0000165b      0x202 build/stm32f1xx_hal_rcc.o
                                0x5ee (size before relaxing)
 .debug_str     0x0000185d      0x109 build/stm32f1xx_hal_gpio.o
                                0x3c3 (size before relaxing)
 .debug_str     0x00001966      0x3b8 build/stm32f1xx_hal_cortex.o
                                0x85c (size before relaxing)
 .debug_str     0x00001d1e      0x603 build/stm32f1xx_hal_uart.o
                                0xcb7 (size before relaxing)
 .debug_str     0x00002321       0x4f build/system_stm32f1xx.o
                                0x217 (size before relaxing)
 .debug_str     0x00002370       0x22 build/startup_stm32f103x6.o
                                 0x3e (size before relaxing)
 .debug_str     0x00002392      0x4c4 d:/arm-gcc/gcc/bin/../lib/gcc/arm-none-eabi/11.2.1/thumb/v7-m/nofp\libc_nano.a(lib_a-impure.o)
                                0x5c2 (size before relaxing)
 .debug_str     0x00002856      0x144 d:/arm-gcc/gcc/bin/../lib/gcc/arm-none-eabi/11.2.1/thumb/v7-m/nofp\libc_nano.a(lib_a-init.o)
                                0x26f (size before relaxing)
 .debug_str     0x0000299a      0x107 d:/arm-gcc/gcc/bin/../lib/gcc/arm-none-eabi/11.2.1/thumb/v7-m/nofp\libc_nano.a(lib_a-memcpy-stub.o)
                                0x233 (size before relaxing)
 .debug_str     0x00002aa1       0xe4 d:/arm-gcc/gcc/bin/../lib/gcc/arm-none-eabi/11.2.1/thumb/v7-m/nofp\libc_nano.a(lib_a-memset.o)
                                0x210 (size before relaxing)
 .debug_str     0x00002b85      0x119 d:/arm-gcc/gcc/bin/../lib/gcc/arm-none-eabi/11.2.1/thumb/v7-m/nofp\libc_nano.a(lib_a-sprintf.o)
                                0x5b0 (size before relaxing)
 .debug_str     0x00002c9e       0x13 d:/arm-gcc/gcc/bin/../lib/gcc/arm-none-eabi/11.2.1/thumb/v7-m/nofp\libc_nano.a(lib_a-strlen.o)
                                 0xad (size before relaxing)
 .debug_str     0x00002cb1      0x2bb d:/arm-gcc/gcc/bin/../lib/gcc/arm-none-eabi/11.2.1/thumb/v7-m/nofp\libc_nano.a(lib_a-nano-svfprintf.o)
                                0x8b9 (size before relaxing)
 .debug_str     0x00002f6c       0xbb d:/arm-gcc/gcc/bin/../lib/gcc/arm-none-eabi/11.2.1/thumb/v7-m/nofp\libc_nano.a(lib_a-nano-vfprintf_i.o)
                                0x850 (size before relaxing)
 .debug_str     0x00003027       0x75 d:/arm-gcc/gcc/bin/../lib/gcc/arm-none-eabi/11.2.1/thumb/v7-m/nofp\libc_nano.a(lib_a-memchr-stub.o)
                                0x22f (size before relaxing)
 .debug_str     0x0000309c       0x65 d:/arm-gcc/gcc/bin/../lib/gcc/arm-none-eabi/11.2.1/thumb/v7-m/nofp\libc_nano.a(lib_a-memmove.o)
                                0x22b (size before relaxing)
 .debug_str     0x00003101      0x164 d:/arm-gcc/gcc/bin/../lib/gcc/arm-none-eabi/11.2.1/thumb/v7-m/nofp\libc_nano.a(lib_a-nano-freer.o)
                                0x5f9 (size before relaxing)
 .debug_str     0x00003265       0x67 d:/arm-gcc/gcc/bin/../lib/gcc/arm-none-eabi/11.2.1/thumb/v7-m/nofp\libc_nano.a(lib_a-nano-mallocr.o)
                                0x658 (size before relaxing)
 .debug_str     0x000032cc       0x2c d:/arm-gcc/gcc/bin/../lib/gcc/arm-none-eabi/11.2.1/thumb/v7-m/nofp\libc_nano.a(lib_a-nano-reallocr.o)
                                0x5ec (size before relaxing)
 .debug_str     0x000032f8       0x64 d:/arm-gcc/gcc/bin/../lib/gcc/arm-none-eabi/11.2.1/thumb/v7-m/nofp\libc_nano.a(lib_a-sbrkr.o)
                                0x57a (size before relaxing)
 .debug_str     0x0000335c       0x73 d:/arm-gcc/gcc/bin/../lib/gcc/arm-none-eabi/11.2.1/thumb/v7-m/nofp\libc_nano.a(lib_a-mlock.o)
                                0x590 (size before relaxing)
 .debug_str     0x000033cf        0xf d:/arm-gcc/gcc/bin/../lib/gcc/arm-none-eabi/11.2.1/thumb/v7-m/nofp\libc_nano.a(lib_a-nano-msizer.o)
                                0x5c1 (size before relaxing)
 .debug_str     0x000033de       0x85 d:/arm-gcc/gcc/bin/../lib/gcc/arm-none-eabi/11.2.1/thumb/v7-m/nofp\libc_nano.a(lib_a-reent.o)
                                0x5a2 (size before relaxing)
 .debug_str     0x00003463      0x15f d:/arm-gcc/gcc/bin/../lib/gcc/arm-none-eabi/11.2.1/thumb/v7-m/nofp\libnosys.a(sbrk.o)
                                0x178 (size before relaxing)

.debug_frame    0x00000000     0x17b0
 .debug_frame   0x00000000      0x178 build/main.o
 .debug_frame   0x00000178       0xa8 build/stm32f1xx_it.o
 .debug_frame   0x00000220       0x98 build/stm32f1xx_hal_msp.o
 .debug_frame   0x000002b8      0x5c8 build/stm32f1xx_hal_spi.o
 .debug_frame   0x00000880      0x1cc build/stm32f1xx_hal.o
 .debug_frame   0x00000a4c      0x184 build/stm32f1xx_hal_rcc.o
 .debug_frame   0x00000bd0       0xe0 build/stm32f1xx_hal_gpio.o
 .debug_frame   0x00000cb0      0x118 build/stm32f1xx_hal_cortex.o
 .debug_frame   0x00000dc8      0x5e0 build/stm32f1xx_hal_uart.o
 .debug_frame   0x000013a8       0x30 build/system_stm32f1xx.o
 .debug_frame   0x000013d8       0x2c d:/arm-gcc/gcc/bin/../lib/gcc/arm-none-eabi/11.2.1/thumb/v7-m/nofp\libc_nano.a(lib_a-init.o)
 .debug_frame   0x00001404       0x28 d:/arm-gcc/gcc/bin/../lib/gcc/arm-none-eabi/11.2.1/thumb/v7-m/nofp\libc_nano.a(lib_a-memcpy-stub.o)
 .debug_frame   0x0000142c       0x20 d:/arm-gcc/gcc/bin/../lib/gcc/arm-none-eabi/11.2.1/thumb/v7-m/nofp\libc_nano.a(lib_a-memset.o)
 .debug_frame   0x0000144c       0x6c d:/arm-gcc/gcc/bin/../lib/gcc/arm-none-eabi/11.2.1/thumb/v7-m/nofp\libc_nano.a(lib_a-sprintf.o)
 .debug_frame   0x000014b8       0x90 d:/arm-gcc/gcc/bin/../lib/gcc/arm-none-eabi/11.2.1/thumb/v7-m/nofp\libc_nano.a(lib_a-nano-svfprintf.o)
 .debug_frame   0x00001548       0x60 d:/arm-gcc/gcc/bin/../lib/gcc/arm-none-eabi/11.2.1/thumb/v7-m/nofp\libc_nano.a(lib_a-nano-vfprintf_i.o)
 .debug_frame   0x000015a8       0x28 d:/arm-gcc/gcc/bin/../lib/gcc/arm-none-eabi/11.2.1/thumb/v7-m/nofp\libc_nano.a(lib_a-memchr-stub.o)
 .debug_frame   0x000015d0       0x28 d:/arm-gcc/gcc/bin/../lib/gcc/arm-none-eabi/11.2.1/thumb/v7-m/nofp\libc_nano.a(lib_a-memmove.o)
 .debug_frame   0x000015f8       0x38 d:/arm-gcc/gcc/bin/../lib/gcc/arm-none-eabi/11.2.1/thumb/v7-m/nofp\libc_nano.a(lib_a-nano-freer.o)
 .debug_frame   0x00001630       0x4c d:/arm-gcc/gcc/bin/../lib/gcc/arm-none-eabi/11.2.1/thumb/v7-m/nofp\libc_nano.a(lib_a-nano-mallocr.o)
 .debug_frame   0x0000167c       0x3c d:/arm-gcc/gcc/bin/../lib/gcc/arm-none-eabi/11.2.1/thumb/v7-m/nofp\libc_nano.a(lib_a-nano-reallocr.o)
 .debug_frame   0x000016b8       0x2c d:/arm-gcc/gcc/bin/../lib/gcc/arm-none-eabi/11.2.1/thumb/v7-m/nofp\libc_nano.a(lib_a-sbrkr.o)
 .debug_frame   0x000016e4       0x30 d:/arm-gcc/gcc/bin/../lib/gcc/arm-none-eabi/11.2.1/thumb/v7-m/nofp\libc_nano.a(lib_a-mlock.o)
 .debug_frame   0x00001714       0x20 d:/arm-gcc/gcc/bin/../lib/gcc/arm-none-eabi/11.2.1/thumb/v7-m/nofp\libc_nano.a(lib_a-nano-msizer.o)
 .debug_frame   0x00001734       0x5c d:/arm-gcc/gcc/bin/../lib/gcc/arm-none-eabi/11.2.1/thumb/v7-m/nofp\libc_nano.a(lib_a-reent.o)
 .debug_frame   0x00001790       0x20 d:/arm-gcc/gcc/bin/../lib/gcc/arm-none-eabi/11.2.1/thumb/v7-m/nofp\libnosys.a(sbrk.o)

.debug_loclists
                0x00000000     0x11dd
 .debug_loclists
                0x00000000       0x34 d:/arm-gcc/gcc/bin/../lib/gcc/arm-none-eabi/11.2.1/thumb/v7-m/nofp\libc_nano.a(lib_a-init.o)
 .debug_loclists
                0x00000034       0x8f d:/arm-gcc/gcc/bin/../lib/gcc/arm-none-eabi/11.2.1/thumb/v7-m/nofp\libc_nano.a(lib_a-memcpy-stub.o)
 .debug_loclists
                0x000000c3       0x3b d:/arm-gcc/gcc/bin/../lib/gcc/arm-none-eabi/11.2.1/thumb/v7-m/nofp\libc_nano.a(lib_a-memset.o)
 .debug_loclists
                0x000000fe       0x89 d:/arm-gcc/gcc/bin/../lib/gcc/arm-none-eabi/11.2.1/thumb/v7-m/nofp\libc_nano.a(lib_a-sprintf.o)
 .debug_loclists
                0x00000187      0x49a d:/arm-gcc/gcc/bin/../lib/gcc/arm-none-eabi/11.2.1/thumb/v7-m/nofp\libc_nano.a(lib_a-nano-svfprintf.o)
 .debug_loclists
                0x00000621      0x41c d:/arm-gcc/gcc/bin/../lib/gcc/arm-none-eabi/11.2.1/thumb/v7-m/nofp\libc_nano.a(lib_a-nano-vfprintf_i.o)
 .debug_loclists
                0x00000a3d       0xbb d:/arm-gcc/gcc/bin/../lib/gcc/arm-none-eabi/11.2.1/thumb/v7-m/nofp\libc_nano.a(lib_a-memchr-stub.o)
 .debug_loclists
                0x00000af8      0x119 d:/arm-gcc/gcc/bin/../lib/gcc/arm-none-eabi/11.2.1/thumb/v7-m/nofp\libc_nano.a(lib_a-memmove.o)
 .debug_loclists
                0x00000c11       0xd4 d:/arm-gcc/gcc/bin/../lib/gcc/arm-none-eabi/11.2.1/thumb/v7-m/nofp\libc_nano.a(lib_a-nano-freer.o)
 .debug_loclists
                0x00000ce5      0x254 d:/arm-gcc/gcc/bin/../lib/gcc/arm-none-eabi/11.2.1/thumb/v7-m/nofp\libc_nano.a(lib_a-nano-mallocr.o)
 .debug_loclists
                0x00000f39       0xf7 d:/arm-gcc/gcc/bin/../lib/gcc/arm-none-eabi/11.2.1/thumb/v7-m/nofp\libc_nano.a(lib_a-nano-reallocr.o)
 .debug_loclists
                0x00001030       0x4c d:/arm-gcc/gcc/bin/../lib/gcc/arm-none-eabi/11.2.1/thumb/v7-m/nofp\libc_nano.a(lib_a-sbrkr.o)
 .debug_loclists
                0x0000107c       0x62 d:/arm-gcc/gcc/bin/../lib/gcc/arm-none-eabi/11.2.1/thumb/v7-m/nofp\libc_nano.a(lib_a-nano-msizer.o)
 .debug_loclists
                0x000010de       0xcd d:/arm-gcc/gcc/bin/../lib/gcc/arm-none-eabi/11.2.1/thumb/v7-m/nofp\libc_nano.a(lib_a-reent.o)
 .debug_loclists
                0x000011ab       0x32 d:/arm-gcc/gcc/bin/../lib/gcc/arm-none-eabi/11.2.1/thumb/v7-m/nofp\libnosys.a(sbrk.o)

.debug_rnglists
                0x00000000      0x1e3
 .debug_rnglists
                0x00000000       0x13 d:/arm-gcc/gcc/bin/../lib/gcc/arm-none-eabi/11.2.1/thumb/v7-m/nofp\libc_nano.a(lib_a-init.o)
 .debug_rnglists
                0x00000013       0x13 d:/arm-gcc/gcc/bin/../lib/gcc/arm-none-eabi/11.2.1/thumb/v7-m/nofp\libc_nano.a(lib_a-memcpy-stub.o)
 .debug_rnglists
                0x00000026       0x13 d:/arm-gcc/gcc/bin/../lib/gcc/arm-none-eabi/11.2.1/thumb/v7-m/nofp\libc_nano.a(lib_a-memset.o)
 .debug_rnglists
                0x00000039       0x19 d:/arm-gcc/gcc/bin/../lib/gcc/arm-none-eabi/11.2.1/thumb/v7-m/nofp\libc_nano.a(lib_a-sprintf.o)
 .debug_rnglists
                0x00000052       0x43 d:/arm-gcc/gcc/bin/../lib/gcc/arm-none-eabi/11.2.1/thumb/v7-m/nofp\libc_nano.a(lib_a-nano-svfprintf.o)
 .debug_rnglists
                0x00000095       0x63 d:/arm-gcc/gcc/bin/../lib/gcc/arm-none-eabi/11.2.1/thumb/v7-m/nofp\libc_nano.a(lib_a-nano-vfprintf_i.o)
 .debug_rnglists
                0x000000f8       0x13 d:/arm-gcc/gcc/bin/../lib/gcc/arm-none-eabi/11.2.1/thumb/v7-m/nofp\libc_nano.a(lib_a-memchr-stub.o)
 .debug_rnglists
                0x0000010b       0x13 d:/arm-gcc/gcc/bin/../lib/gcc/arm-none-eabi/11.2.1/thumb/v7-m/nofp\libc_nano.a(lib_a-memmove.o)
 .debug_rnglists
                0x0000011e       0x14 d:/arm-gcc/gcc/bin/../lib/gcc/arm-none-eabi/11.2.1/thumb/v7-m/nofp\libc_nano.a(lib_a-nano-freer.o)
 .debug_rnglists
                0x00000132       0x26 d:/arm-gcc/gcc/bin/../lib/gcc/arm-none-eabi/11.2.1/thumb/v7-m/nofp\libc_nano.a(lib_a-nano-mallocr.o)
 .debug_rnglists
                0x00000158       0x13 d:/arm-gcc/gcc/bin/../lib/gcc/arm-none-eabi/11.2.1/thumb/v7-m/nofp\libc_nano.a(lib_a-nano-reallocr.o)
 .debug_rnglists
                0x0000016b       0x13 d:/arm-gcc/gcc/bin/../lib/gcc/arm-none-eabi/11.2.1/thumb/v7-m/nofp\libc_nano.a(lib_a-sbrkr.o)
 .debug_rnglists
                0x0000017e       0x13 d:/arm-gcc/gcc/bin/../lib/gcc/arm-none-eabi/11.2.1/thumb/v7-m/nofp\libc_nano.a(lib_a-mlock.o)
 .debug_rnglists
                0x00000191       0x13 d:/arm-gcc/gcc/bin/../lib/gcc/arm-none-eabi/11.2.1/thumb/v7-m/nofp\libc_nano.a(lib_a-nano-msizer.o)
 .debug_rnglists
                0x000001a4       0x2c d:/arm-gcc/gcc/bin/../lib/gcc/arm-none-eabi/11.2.1/thumb/v7-m/nofp\libc_nano.a(lib_a-reent.o)
 .debug_rnglists
                0x000001d0       0x13 d:/arm-gcc/gcc/bin/../lib/gcc/arm-none-eabi/11.2.1/thumb/v7-m/nofp\libnosys.a(sbrk.o)

.debug_line_str
                0x00000000       0x6a
 .debug_line_str
                0x00000000       0x6a d:/arm-gcc/gcc/bin/../lib/gcc/arm-none-eabi/11.2.1/thumb/v7-m/nofp\libc_nano.a(lib_a-strlen.o)
                                 0xd4 (size before relaxing)

Cross Reference Table

Symbol                                            File
ADC1_2_IRQHandler                                 build/startup_stm32f103x6.o
AHBPrescTable                                     build/system_stm32f1xx.o
                                                  build/stm32f1xx_hal_rcc.o
APBPrescTable                                     build/system_stm32f1xx.o
                                                  build/stm32f1xx_hal_rcc.o
BusFault_Handler                                  build/stm32f1xx_it.o
CAN1_RX1_IRQHandler                               build/startup_stm32f103x6.o
CAN1_SCE_IRQHandler                               build/startup_stm32f103x6.o
DMA1_Channel1_IRQHandler                          build/startup_stm32f103x6.o
DMA1_Channel2_IRQHandler                          build/startup_stm32f103x6.o
DMA1_Channel3_IRQHandler                          build/startup_stm32f103x6.o
DMA1_Channel4_IRQHandler                          build/startup_stm32f103x6.o
DMA1_Channel5_IRQHandler                          build/startup_stm32f103x6.o
DMA1_Channel6_IRQHandler                          build/startup_stm32f103x6.o
DMA1_Channel7_IRQHandler                          build/startup_stm32f103x6.o
DebugMon_Handler                                  build/stm32f1xx_it.o
Default_Handler                                   build/startup_stm32f103x6.o
EXTI0_IRQHandler                                  build/startup_stm32f103x6.o
EXTI15_10_IRQHandler                              build/startup_stm32f103x6.o
EXTI1_IRQHandler                                  build/startup_stm32f103x6.o
EXTI2_IRQHandler                                  build/startup_stm32f103x6.o
EXTI3_IRQHandler                                  build/startup_stm32f103x6.o
EXTI4_IRQHandler                                  build/startup_stm32f103x6.o
EXTI9_5_IRQHandler                                build/startup_stm32f103x6.o
Error_Handler                                     build/main.o
FLASH_IRQHandler                                  build/startup_stm32f103x6.o
FLASH_PageErase                                   build/stm32f1xx_hal_flash_ex.o
                                                  build/stm32f1xx_hal_flash.o
FLASH_WaitForLastOperation                        build/stm32f1xx_hal_flash.o
                                                  build/stm32f1xx_hal_flash_ex.o
HAL_DBGMCU_DisableDBGSleepMode                    build/stm32f1xx_hal.o
HAL_DBGMCU_DisableDBGStandbyMode                  build/stm32f1xx_hal.o
HAL_DBGMCU_DisableDBGStopMode                     build/stm32f1xx_hal.o
HAL_DBGMCU_EnableDBGSleepMode                     build/stm32f1xx_hal.o
HAL_DBGMCU_EnableDBGStandbyMode                   build/stm32f1xx_hal.o
HAL_DBGMCU_EnableDBGStopMode                      build/stm32f1xx_hal.o
HAL_DMA_Abort                                     build/stm32f1xx_hal_dma.o
                                                  build/stm32f1xx_hal_uart.o
                                                  build/stm32f1xx_hal_spi.o
HAL_DMA_Abort_IT                                  build/stm32f1xx_hal_dma.o
                                                  build/stm32f1xx_hal_uart.o
                                                  build/stm32f1xx_hal_spi.o
HAL_DMA_DeInit                                    build/stm32f1xx_hal_dma.o
HAL_DMA_GetError                                  build/stm32f1xx_hal_dma.o
                                                  build/stm32f1xx_hal_uart.o
HAL_DMA_GetState                                  build/stm32f1xx_hal_dma.o
HAL_DMA_IRQHandler                                build/stm32f1xx_hal_dma.o
HAL_DMA_Init                                      build/stm32f1xx_hal_dma.o
HAL_DMA_PollForTransfer                           build/stm32f1xx_hal_dma.o
HAL_DMA_RegisterCallback                          build/stm32f1xx_hal_dma.o
HAL_DMA_Start                                     build/stm32f1xx_hal_dma.o
HAL_DMA_Start_IT                                  build/stm32f1xx_hal_dma.o
                                                  build/stm32f1xx_hal_uart.o
                                                  build/stm32f1xx_hal_spi.o
HAL_DMA_UnRegisterCallback                        build/stm32f1xx_hal_dma.o
HAL_DeInit                                        build/stm32f1xx_hal.o
HAL_Delay                                         build/stm32f1xx_hal.o
HAL_EXTI_ClearConfigLine                          build/stm32f1xx_hal_exti.o
HAL_EXTI_ClearPending                             build/stm32f1xx_hal_exti.o
HAL_EXTI_GenerateSWI                              build/stm32f1xx_hal_exti.o
HAL_EXTI_GetConfigLine                            build/stm32f1xx_hal_exti.o
HAL_EXTI_GetHandle                                build/stm32f1xx_hal_exti.o
HAL_EXTI_GetPending                               build/stm32f1xx_hal_exti.o
HAL_EXTI_IRQHandler                               build/stm32f1xx_hal_exti.o
HAL_EXTI_RegisterCallback                         build/stm32f1xx_hal_exti.o
HAL_EXTI_SetConfigLine                            build/stm32f1xx_hal_exti.o
HAL_FLASHEx_Erase                                 build/stm32f1xx_hal_flash_ex.o
HAL_FLASHEx_Erase_IT                              build/stm32f1xx_hal_flash_ex.o
HAL_FLASHEx_OBErase                               build/stm32f1xx_hal_flash_ex.o
HAL_FLASHEx_OBGetConfig                           build/stm32f1xx_hal_flash_ex.o
HAL_FLASHEx_OBGetUserData                         build/stm32f1xx_hal_flash_ex.o
HAL_FLASHEx_OBProgram                             build/stm32f1xx_hal_flash_ex.o
HAL_FLASH_EndOfOperationCallback                  build/stm32f1xx_hal_flash.o
HAL_FLASH_GetError                                build/stm32f1xx_hal_flash.o
HAL_FLASH_IRQHandler                              build/stm32f1xx_hal_flash.o
HAL_FLASH_Lock                                    build/stm32f1xx_hal_flash.o
HAL_FLASH_OB_Launch                               build/stm32f1xx_hal_flash.o
HAL_FLASH_OB_Lock                                 build/stm32f1xx_hal_flash.o
HAL_FLASH_OB_Unlock                               build/stm32f1xx_hal_flash.o
HAL_FLASH_OperationErrorCallback                  build/stm32f1xx_hal_flash.o
HAL_FLASH_Program                                 build/stm32f1xx_hal_flash.o
HAL_FLASH_Program_IT                              build/stm32f1xx_hal_flash.o
HAL_FLASH_Unlock                                  build/stm32f1xx_hal_flash.o
HAL_GPIOEx_ConfigEventout                         build/stm32f1xx_hal_gpio_ex.o
HAL_GPIOEx_DisableEventout                        build/stm32f1xx_hal_gpio_ex.o
HAL_GPIOEx_EnableEventout                         build/stm32f1xx_hal_gpio_ex.o
HAL_GPIO_DeInit                                   build/stm32f1xx_hal_gpio.o
                                                  build/stm32f1xx_hal_msp.o
HAL_GPIO_EXTI_Callback                            build/stm32f1xx_hal_gpio.o
HAL_GPIO_EXTI_IRQHandler                          build/stm32f1xx_hal_gpio.o
HAL_GPIO_Init                                     build/stm32f1xx_hal_gpio.o
                                                  build/stm32f1xx_hal_rcc.o
                                                  build/stm32f1xx_hal_msp.o
                                                  build/main.o
HAL_GPIO_LockPin                                  build/stm32f1xx_hal_gpio.o
HAL_GPIO_ReadPin                                  build/stm32f1xx_hal_gpio.o
HAL_GPIO_TogglePin                                build/stm32f1xx_hal_gpio.o
HAL_GPIO_WritePin                                 build/stm32f1xx_hal_gpio.o
                                                  build/main.o
HAL_GetDEVID                                      build/stm32f1xx_hal.o
HAL_GetHalVersion                                 build/stm32f1xx_hal.o
HAL_GetREVID                                      build/stm32f1xx_hal.o
HAL_GetTick                                       build/stm32f1xx_hal.o
                                                  build/stm32f1xx_hal_uart.o
                                                  build/stm32f1xx_hal_flash.o
                                                  build/stm32f1xx_hal_dma.o
                                                  build/stm32f1xx_hal_rcc_ex.o
                                                  build/stm32f1xx_hal_rcc.o
                                                  build/stm32f1xx_hal_spi.o
HAL_GetTickFreq                                   build/stm32f1xx_hal.o
HAL_GetTickPrio                                   build/stm32f1xx_hal.o
HAL_GetUIDw0                                      build/stm32f1xx_hal.o
HAL_GetUIDw1                                      build/stm32f1xx_hal.o
HAL_GetUIDw2                                      build/stm32f1xx_hal.o
HAL_HalfDuplex_EnableReceiver                     build/stm32f1xx_hal_uart.o
HAL_HalfDuplex_EnableTransmitter                  build/stm32f1xx_hal_uart.o
HAL_HalfDuplex_Init                               build/stm32f1xx_hal_uart.o
HAL_IncTick                                       build/stm32f1xx_hal.o
                                                  build/stm32f1xx_it.o
HAL_Init                                          build/stm32f1xx_hal.o
                                                  build/main.o
HAL_InitTick                                      build/stm32f1xx_hal.o
                                                  build/stm32f1xx_hal_rcc.o
HAL_LIN_Init                                      build/stm32f1xx_hal_uart.o
HAL_LIN_SendBreak                                 build/stm32f1xx_hal_uart.o
HAL_MspDeInit                                     build/stm32f1xx_hal.o
HAL_MspInit                                       build/stm32f1xx_hal_msp.o
HAL_MultiProcessor_EnterMuteMode                  build/stm32f1xx_hal_uart.o
HAL_MultiProcessor_ExitMuteMode                   build/stm32f1xx_hal_uart.o
HAL_MultiProcessor_Init                           build/stm32f1xx_hal_uart.o
HAL_NVIC_ClearPendingIRQ                          build/stm32f1xx_hal_cortex.o
HAL_NVIC_DisableIRQ                               build/stm32f1xx_hal_cortex.o
HAL_NVIC_EnableIRQ                                build/stm32f1xx_hal_cortex.o
HAL_NVIC_GetActive                                build/stm32f1xx_hal_cortex.o
HAL_NVIC_GetPendingIRQ                            build/stm32f1xx_hal_cortex.o
HAL_NVIC_GetPriority                              build/stm32f1xx_hal_cortex.o
HAL_NVIC_GetPriorityGrouping                      build/stm32f1xx_hal_cortex.o
HAL_NVIC_SetPendingIRQ                            build/stm32f1xx_hal_cortex.o
HAL_NVIC_SetPriority                              build/stm32f1xx_hal_cortex.o
                                                  build/stm32f1xx_hal.o
HAL_NVIC_SetPriorityGrouping                      build/stm32f1xx_hal_cortex.o
                                                  build/stm32f1xx_hal.o
HAL_NVIC_SystemReset                              build/stm32f1xx_hal_cortex.o
                                                  build/stm32f1xx_hal_flash.o
HAL_PWR_ConfigPVD                                 build/stm32f1xx_hal_pwr.o
HAL_PWR_DeInit                                    build/stm32f1xx_hal_pwr.o
HAL_PWR_DisableBkUpAccess                         build/stm32f1xx_hal_pwr.o
HAL_PWR_DisablePVD                                build/stm32f1xx_hal_pwr.o
HAL_PWR_DisableSEVOnPend                          build/stm32f1xx_hal_pwr.o
HAL_PWR_DisableSleepOnExit                        build/stm32f1xx_hal_pwr.o
HAL_PWR_DisableWakeUpPin                          build/stm32f1xx_hal_pwr.o
HAL_PWR_EnableBkUpAccess                          build/stm32f1xx_hal_pwr.o
HAL_PWR_EnablePVD                                 build/stm32f1xx_hal_pwr.o
HAL_PWR_EnableSEVOnPend                           build/stm32f1xx_hal_pwr.o
HAL_PWR_EnableSleepOnExit                         build/stm32f1xx_hal_pwr.o
HAL_PWR_EnableWakeUpPin                           build/stm32f1xx_hal_pwr.o
HAL_PWR_EnterSLEEPMode                            build/stm32f1xx_hal_pwr.o
HAL_PWR_EnterSTANDBYMode                          build/stm32f1xx_hal_pwr.o
HAL_PWR_EnterSTOPMode                             build/stm32f1xx_hal_pwr.o
HAL_PWR_PVDCallback                               build/stm32f1xx_hal_pwr.o
HAL_PWR_PVD_IRQHandler                            build/stm32f1xx_hal_pwr.o
HAL_RCCEx_GetPeriphCLKConfig                      build/stm32f1xx_hal_rcc_ex.o
HAL_RCCEx_GetPeriphCLKFreq                        build/stm32f1xx_hal_rcc_ex.o
HAL_RCCEx_PeriphCLKConfig                         build/stm32f1xx_hal_rcc_ex.o
HAL_RCC_CSSCallback                               build/stm32f1xx_hal_rcc.o
HAL_RCC_ClockConfig                               build/stm32f1xx_hal_rcc.o
                                                  build/main.o
HAL_RCC_DeInit                                    build/stm32f1xx_hal_rcc.o
HAL_RCC_DisableCSS                                build/stm32f1xx_hal_rcc.o
HAL_RCC_EnableCSS                                 build/stm32f1xx_hal_rcc.o
HAL_RCC_GetClockConfig                            build/stm32f1xx_hal_rcc.o
HAL_RCC_GetHCLKFreq                               build/stm32f1xx_hal_rcc.o
HAL_RCC_GetOscConfig                              build/stm32f1xx_hal_rcc.o
HAL_RCC_GetPCLK1Freq                              build/stm32f1xx_hal_rcc.o
                                                  build/stm32f1xx_hal_uart.o
HAL_RCC_GetPCLK2Freq                              build/stm32f1xx_hal_rcc.o
                                                  build/stm32f1xx_hal_uart.o
                                                  build/stm32f1xx_hal_rcc_ex.o
HAL_RCC_GetSysClockFreq                           build/stm32f1xx_hal_rcc.o
HAL_RCC_MCOConfig                                 build/stm32f1xx_hal_rcc.o
HAL_RCC_NMI_IRQHandler                            build/stm32f1xx_hal_rcc.o
HAL_RCC_OscConfig                                 build/stm32f1xx_hal_rcc.o
                                                  build/main.o
HAL_ResumeTick                                    build/stm32f1xx_hal.o
HAL_SPI_Abort                                     build/stm32f1xx_hal_spi.o
HAL_SPI_AbortCpltCallback                         build/stm32f1xx_hal_spi.o
HAL_SPI_Abort_IT                                  build/stm32f1xx_hal_spi.o
HAL_SPI_DMAPause                                  build/stm32f1xx_hal_spi.o
HAL_SPI_DMAResume                                 build/stm32f1xx_hal_spi.o
HAL_SPI_DMAStop                                   build/stm32f1xx_hal_spi.o
HAL_SPI_DeInit                                    build/stm32f1xx_hal_spi.o
HAL_SPI_ErrorCallback                             build/stm32f1xx_hal_spi.o
HAL_SPI_GetError                                  build/stm32f1xx_hal_spi.o
HAL_SPI_GetState                                  build/stm32f1xx_hal_spi.o
HAL_SPI_IRQHandler                                build/stm32f1xx_hal_spi.o
HAL_SPI_Init                                      build/stm32f1xx_hal_spi.o
                                                  build/main.o
HAL_SPI_MspDeInit                                 build/stm32f1xx_hal_msp.o
HAL_SPI_MspInit                                   build/stm32f1xx_hal_msp.o
HAL_SPI_Receive                                   build/stm32f1xx_hal_spi.o
                                                  build/main.o
HAL_SPI_Receive_DMA                               build/stm32f1xx_hal_spi.o
HAL_SPI_Receive_IT                                build/stm32f1xx_hal_spi.o
HAL_SPI_RxCpltCallback                            build/stm32f1xx_hal_spi.o
HAL_SPI_RxHalfCpltCallback                        build/stm32f1xx_hal_spi.o
HAL_SPI_Transmit                                  build/stm32f1xx_hal_spi.o
                                                  build/main.o
HAL_SPI_TransmitReceive                           build/stm32f1xx_hal_spi.o
HAL_SPI_TransmitReceive_DMA                       build/stm32f1xx_hal_spi.o
HAL_SPI_TransmitReceive_IT                        build/stm32f1xx_hal_spi.o
HAL_SPI_Transmit_DMA                              build/stm32f1xx_hal_spi.o
HAL_SPI_Transmit_IT                               build/stm32f1xx_hal_spi.o
HAL_SPI_TxCpltCallback                            build/stm32f1xx_hal_spi.o
HAL_SPI_TxHalfCpltCallback                        build/stm32f1xx_hal_spi.o
HAL_SPI_TxRxCpltCallback                          build/stm32f1xx_hal_spi.o
HAL_SPI_TxRxHalfCpltCallback                      build/stm32f1xx_hal_spi.o
HAL_SYSTICK_CLKSourceConfig                       build/stm32f1xx_hal_cortex.o
HAL_SYSTICK_Callback                              build/stm32f1xx_hal_cortex.o
HAL_SYSTICK_Config                                build/stm32f1xx_hal_cortex.o
                                                  build/stm32f1xx_hal.o
HAL_SYSTICK_IRQHandler                            build/stm32f1xx_hal_cortex.o
HAL_SetTickFreq                                   build/stm32f1xx_hal.o
HAL_SuspendTick                                   build/stm32f1xx_hal.o
HAL_UARTEx_GetRxEventType                         build/stm32f1xx_hal_uart.o
HAL_UARTEx_ReceiveToIdle                          build/stm32f1xx_hal_uart.o
HAL_UARTEx_ReceiveToIdle_DMA                      build/stm32f1xx_hal_uart.o
HAL_UARTEx_ReceiveToIdle_IT                       build/stm32f1xx_hal_uart.o
HAL_UARTEx_RxEventCallback                        build/stm32f1xx_hal_uart.o
HAL_UART_Abort                                    build/stm32f1xx_hal_uart.o
HAL_UART_AbortCpltCallback                        build/stm32f1xx_hal_uart.o
HAL_UART_AbortReceive                             build/stm32f1xx_hal_uart.o
HAL_UART_AbortReceiveCpltCallback                 build/stm32f1xx_hal_uart.o
HAL_UART_AbortReceive_IT                          build/stm32f1xx_hal_uart.o
HAL_UART_AbortTransmit                            build/stm32f1xx_hal_uart.o
HAL_UART_AbortTransmitCpltCallback                build/stm32f1xx_hal_uart.o
HAL_UART_AbortTransmit_IT                         build/stm32f1xx_hal_uart.o
HAL_UART_Abort_IT                                 build/stm32f1xx_hal_uart.o
HAL_UART_DMAPause                                 build/stm32f1xx_hal_uart.o
HAL_UART_DMAResume                                build/stm32f1xx_hal_uart.o
HAL_UART_DMAStop                                  build/stm32f1xx_hal_uart.o
HAL_UART_DeInit                                   build/stm32f1xx_hal_uart.o
HAL_UART_ErrorCallback                            build/stm32f1xx_hal_uart.o
HAL_UART_GetError                                 build/stm32f1xx_hal_uart.o
HAL_UART_GetState                                 build/stm32f1xx_hal_uart.o
HAL_UART_IRQHandler                               build/stm32f1xx_hal_uart.o
HAL_UART_Init                                     build/stm32f1xx_hal_uart.o
                                                  build/main.o
HAL_UART_MspDeInit                                build/stm32f1xx_hal_msp.o
HAL_UART_MspInit                                  build/stm32f1xx_hal_msp.o
HAL_UART_Receive                                  build/stm32f1xx_hal_uart.o
HAL_UART_Receive_DMA                              build/stm32f1xx_hal_uart.o
HAL_UART_Receive_IT                               build/stm32f1xx_hal_uart.o
HAL_UART_RxCpltCallback                           build/stm32f1xx_hal_uart.o
HAL_UART_RxHalfCpltCallback                       build/stm32f1xx_hal_uart.o
HAL_UART_Transmit                                 build/stm32f1xx_hal_uart.o
                                                  build/main.o
HAL_UART_Transmit_DMA                             build/stm32f1xx_hal_uart.o
HAL_UART_Transmit_IT                              build/stm32f1xx_hal_uart.o
HAL_UART_TxCpltCallback                           build/stm32f1xx_hal_uart.o
HAL_UART_TxHalfCpltCallback                       build/stm32f1xx_hal_uart.o
HardFault_Handler                                 build/stm32f1xx_it.o
I2C1_ER_IRQHandler                                build/startup_stm32f103x6.o
I2C1_EV_IRQHandler                                build/startup_stm32f103x6.o
MemManage_Handler                                 build/stm32f1xx_it.o
NMI_Handler                                       build/stm32f1xx_it.o
PVD_IRQHandler                                    build/startup_stm32f103x6.o
PendSV_Handler                                    build/stm32f1xx_it.o
RCC_IRQHandler                                    build/startup_stm32f103x6.o
RTC_Alarm_IRQHandler                              build/startup_stm32f103x6.o
RTC_IRQHandler                                    build/startup_stm32f103x6.o
Reset_Handler                                     build/startup_stm32f103x6.o
SPI1_IRQHandler                                   build/startup_stm32f103x6.o
SVC_Handler                                       build/stm32f1xx_it.o
SysTick_Handler                                   build/stm32f1xx_it.o
SystemClock_Config                                build/main.o
SystemCoreClock                                   build/system_stm32f1xx.o
                                                  build/stm32f1xx_hal_rcc.o
                                                  build/stm32f1xx_hal.o
                                                  build/stm32f1xx_hal_spi.o
SystemCoreClockUpdate                             build/system_stm32f1xx.o
SystemInit                                        build/system_stm32f1xx.o
                                                  build/startup_stm32f103x6.o
TAMPER_IRQHandler                                 build/startup_stm32f103x6.o
TIM1_BRK_IRQHandler                               build/startup_stm32f103x6.o
TIM1_CC_IRQHandler                                build/startup_stm32f103x6.o
TIM1_TRG_COM_IRQHandler                           build/startup_stm32f103x6.o
TIM1_UP_IRQHandler                                build/startup_stm32f103x6.o
TIM2_IRQHandler                                   build/startup_stm32f103x6.o
TIM3_IRQHandler                                   build/startup_stm32f103x6.o
UART_Start_Receive_DMA                            build/stm32f1xx_hal_uart.o
UART_Start_Receive_IT                             build/stm32f1xx_hal_uart.o
USART1_IRQHandler                                 build/startup_stm32f103x6.o
USART2_IRQHandler                                 build/startup_stm32f103x6.o
USBWakeUp_IRQHandler                              build/startup_stm32f103x6.o
USB_HP_CAN1_TX_IRQHandler                         build/startup_stm32f103x6.o
USB_LP_CAN1_RX0_IRQHandler                        build/startup_stm32f103x6.o
UsageFault_Handler                                build/stm32f1xx_it.o
WWDG_IRQHandler                                   build/startup_stm32f103x6.o
_ITM_deregisterTMCloneTable                       d:/arm-gcc/gcc/bin/../lib/gcc/arm-none-eabi/11.2.1/thumb/v7-m/nofp/crtbegin.o
_ITM_registerTMCloneTable                         d:/arm-gcc/gcc/bin/../lib/gcc/arm-none-eabi/11.2.1/thumb/v7-m/nofp/crtbegin.o
__TMC_END__                                       d:/arm-gcc/gcc/bin/../lib/gcc/arm-none-eabi/11.2.1/thumb/v7-m/nofp/crtend.o
                                                  d:/arm-gcc/gcc/bin/../lib/gcc/arm-none-eabi/11.2.1/thumb/v7-m/nofp/crtbegin.o
__bss_end__                                       d:/arm-gcc/gcc/bin/../lib/gcc/arm-none-eabi/11.2.1/thumb/v7-m/nofp/crt0.o
__bss_start__                                     d:/arm-gcc/gcc/bin/../lib/gcc/arm-none-eabi/11.2.1/thumb/v7-m/nofp/crt0.o
__call_exitprocs                                  d:/arm-gcc/gcc/bin/../lib/gcc/arm-none-eabi/11.2.1/thumb/v7-m/nofp\libc_nano.a(lib_a-exit.o)
__deregister_frame_info                           d:/arm-gcc/gcc/bin/../lib/gcc/arm-none-eabi/11.2.1/thumb/v7-m/nofp/crtbegin.o
__dso_handle                                      d:/arm-gcc/gcc/bin/../lib/gcc/arm-none-eabi/11.2.1/thumb/v7-m/nofp/crtbegin.o
__init_array_end                                  d:/arm-gcc/gcc/bin/../lib/gcc/arm-none-eabi/11.2.1/thumb/v7-m/nofp\libc_nano.a(lib_a-init.o)
__init_array_start                                d:/arm-gcc/gcc/bin/../lib/gcc/arm-none-eabi/11.2.1/thumb/v7-m/nofp\libc_nano.a(lib_a-init.o)
__libc_fini_array                                 d:/arm-gcc/gcc/bin/../lib/gcc/arm-none-eabi/11.2.1/thumb/v7-m/nofp/crt0.o
__libc_init_array                                 d:/arm-gcc/gcc/bin/../lib/gcc/arm-none-eabi/11.2.1/thumb/v7-m/nofp\libc_nano.a(lib_a-init.o)
                                                  build/startup_stm32f103x6.o
                                                  d:/arm-gcc/gcc/bin/../lib/gcc/arm-none-eabi/11.2.1/thumb/v7-m/nofp/crt0.o
__malloc_free_list                                d:/arm-gcc/gcc/bin/../lib/gcc/arm-none-eabi/11.2.1/thumb/v7-m/nofp\libc_nano.a(lib_a-nano-mallocr.o)
                                                  d:/arm-gcc/gcc/bin/../lib/gcc/arm-none-eabi/11.2.1/thumb/v7-m/nofp\libc_nano.a(lib_a-nano-freer.o)
__malloc_lock                                     d:/arm-gcc/gcc/bin/../lib/gcc/arm-none-eabi/11.2.1/thumb/v7-m/nofp\libc_nano.a(lib_a-mlock.o)
                                                  d:/arm-gcc/gcc/bin/../lib/gcc/arm-none-eabi/11.2.1/thumb/v7-m/nofp\libc_nano.a(lib_a-nano-mallocr.o)
                                                  d:/arm-gcc/gcc/bin/../lib/gcc/arm-none-eabi/11.2.1/thumb/v7-m/nofp\libc_nano.a(lib_a-nano-freer.o)
__malloc_sbrk_start                               d:/arm-gcc/gcc/bin/../lib/gcc/arm-none-eabi/11.2.1/thumb/v7-m/nofp\libc_nano.a(lib_a-nano-mallocr.o)
__malloc_unlock                                   d:/arm-gcc/gcc/bin/../lib/gcc/arm-none-eabi/11.2.1/thumb/v7-m/nofp\libc_nano.a(lib_a-mlock.o)
                                                  d:/arm-gcc/gcc/bin/../lib/gcc/arm-none-eabi/11.2.1/thumb/v7-m/nofp\libc_nano.a(lib_a-nano-mallocr.o)
                                                  d:/arm-gcc/gcc/bin/../lib/gcc/arm-none-eabi/11.2.1/thumb/v7-m/nofp\libc_nano.a(lib_a-nano-freer.o)
__preinit_array_end                               d:/arm-gcc/gcc/bin/../lib/gcc/arm-none-eabi/11.2.1/thumb/v7-m/nofp\libc_nano.a(lib_a-init.o)
__preinit_array_start                             d:/arm-gcc/gcc/bin/../lib/gcc/arm-none-eabi/11.2.1/thumb/v7-m/nofp\libc_nano.a(lib_a-init.o)
__register_frame_info                             d:/arm-gcc/gcc/bin/../lib/gcc/arm-none-eabi/11.2.1/thumb/v7-m/nofp/crtbegin.o
__sf_fake_stderr                                  d:/arm-gcc/gcc/bin/../lib/gcc/arm-none-eabi/11.2.1/thumb/v7-m/nofp\libc_nano.a(lib_a-impure.o)
__sf_fake_stdin                                   d:/arm-gcc/gcc/bin/../lib/gcc/arm-none-eabi/11.2.1/thumb/v7-m/nofp\libc_nano.a(lib_a-impure.o)
__sf_fake_stdout                                  d:/arm-gcc/gcc/bin/../lib/gcc/arm-none-eabi/11.2.1/thumb/v7-m/nofp\libc_nano.a(lib_a-impure.o)
__ssprint_r                                       d:/arm-gcc/gcc/bin/../lib/gcc/arm-none-eabi/11.2.1/thumb/v7-m/nofp\libc_nano.a(lib_a-nano-svfprintf.o)
__ssputs_r                                        d:/arm-gcc/gcc/bin/../lib/gcc/arm-none-eabi/11.2.1/thumb/v7-m/nofp\libc_nano.a(lib_a-nano-svfprintf.o)
__stack                                           d:/arm-gcc/gcc/bin/../lib/gcc/arm-none-eabi/11.2.1/thumb/v7-m/nofp/crt0.o
_ebss                                             build/startup_stm32f103x6.o
_edata                                            build/startup_stm32f103x6.o
_estack                                           build/startup_stm32f103x6.o
_exit                                             d:/arm-gcc/gcc/bin/../lib/gcc/arm-none-eabi/11.2.1/thumb/v7-m/nofp\libnosys.a(_exit.o)
                                                  d:/arm-gcc/gcc/bin/../lib/gcc/arm-none-eabi/11.2.1/thumb/v7-m/nofp\libc_nano.a(lib_a-exit.o)
_fini                                             d:/arm-gcc/gcc/bin/../lib/gcc/arm-none-eabi/11.2.1/thumb/v7-m/nofp/crti.o
_free_r                                           d:/arm-gcc/gcc/bin/../lib/gcc/arm-none-eabi/11.2.1/thumb/v7-m/nofp\libc_nano.a(lib_a-nano-freer.o)
                                                  d:/arm-gcc/gcc/bin/../lib/gcc/arm-none-eabi/11.2.1/thumb/v7-m/nofp\libc_nano.a(lib_a-reent.o)
                                                  d:/arm-gcc/gcc/bin/../lib/gcc/arm-none-eabi/11.2.1/thumb/v7-m/nofp\libc_nano.a(lib_a-nano-reallocr.o)
                                                  d:/arm-gcc/gcc/bin/../lib/gcc/arm-none-eabi/11.2.1/thumb/v7-m/nofp\libc_nano.a(lib_a-nano-svfprintf.o)
_global_impure_ptr                                d:/arm-gcc/gcc/bin/../lib/gcc/arm-none-eabi/11.2.1/thumb/v7-m/nofp\libc_nano.a(lib_a-impure.o)
                                                  d:/arm-gcc/gcc/bin/../lib/gcc/arm-none-eabi/11.2.1/thumb/v7-m/nofp\libc_nano.a(lib_a-exit.o)
_impure_ptr                                       d:/arm-gcc/gcc/bin/../lib/gcc/arm-none-eabi/11.2.1/thumb/v7-m/nofp\libc_nano.a(lib_a-impure.o)
                                                  d:/arm-gcc/gcc/bin/../lib/gcc/arm-none-eabi/11.2.1/thumb/v7-m/nofp\libc_nano.a(lib_a-reent.o)
                                                  d:/arm-gcc/gcc/bin/../lib/gcc/arm-none-eabi/11.2.1/thumb/v7-m/nofp\libc_nano.a(lib_a-sprintf.o)
_init                                             d:/arm-gcc/gcc/bin/../lib/gcc/arm-none-eabi/11.2.1/thumb/v7-m/nofp/crti.o
                                                  d:/arm-gcc/gcc/bin/../lib/gcc/arm-none-eabi/11.2.1/thumb/v7-m/nofp\libc_nano.a(lib_a-init.o)
_mainCRTStartup                                   d:/arm-gcc/gcc/bin/../lib/gcc/arm-none-eabi/11.2.1/thumb/v7-m/nofp/crt0.o
_malloc_r                                         d:/arm-gcc/gcc/bin/../lib/gcc/arm-none-eabi/11.2.1/thumb/v7-m/nofp\libc_nano.a(lib_a-nano-mallocr.o)
                                                  d:/arm-gcc/gcc/bin/../lib/gcc/arm-none-eabi/11.2.1/thumb/v7-m/nofp\libc_nano.a(lib_a-nano-reallocr.o)
                                                  d:/arm-gcc/gcc/bin/../lib/gcc/arm-none-eabi/11.2.1/thumb/v7-m/nofp\libc_nano.a(lib_a-nano-svfprintf.o)
_malloc_usable_size_r                             d:/arm-gcc/gcc/bin/../lib/gcc/arm-none-eabi/11.2.1/thumb/v7-m/nofp\libc_nano.a(lib_a-nano-msizer.o)
                                                  d:/arm-gcc/gcc/bin/../lib/gcc/arm-none-eabi/11.2.1/thumb/v7-m/nofp\libc_nano.a(lib_a-nano-reallocr.o)
_printf_common                                    d:/arm-gcc/gcc/bin/../lib/gcc/arm-none-eabi/11.2.1/thumb/v7-m/nofp\libc_nano.a(lib_a-nano-vfprintf_i.o)
_printf_float                                     d:/arm-gcc/gcc/bin/../lib/gcc/arm-none-eabi/11.2.1/thumb/v7-m/nofp\libc_nano.a(lib_a-nano-svfprintf.o)
_printf_i                                         d:/arm-gcc/gcc/bin/../lib/gcc/arm-none-eabi/11.2.1/thumb/v7-m/nofp\libc_nano.a(lib_a-nano-vfprintf_i.o)
                                                  d:/arm-gcc/gcc/bin/../lib/gcc/arm-none-eabi/11.2.1/thumb/v7-m/nofp\libc_nano.a(lib_a-nano-svfprintf.o)
_realloc_r                                        d:/arm-gcc/gcc/bin/../lib/gcc/arm-none-eabi/11.2.1/thumb/v7-m/nofp\libc_nano.a(lib_a-nano-reallocr.o)
                                                  d:/arm-gcc/gcc/bin/../lib/gcc/arm-none-eabi/11.2.1/thumb/v7-m/nofp\libc_nano.a(lib_a-nano-svfprintf.o)
_reclaim_reent                                    d:/arm-gcc/gcc/bin/../lib/gcc/arm-none-eabi/11.2.1/thumb/v7-m/nofp\libc_nano.a(lib_a-reent.o)
_sbrk                                             d:/arm-gcc/gcc/bin/../lib/gcc/arm-none-eabi/11.2.1/thumb/v7-m/nofp\libnosys.a(sbrk.o)
                                                  d:/arm-gcc/gcc/bin/../lib/gcc/arm-none-eabi/11.2.1/thumb/v7-m/nofp\libc_nano.a(lib_a-sbrkr.o)
_sbrk_r                                           d:/arm-gcc/gcc/bin/../lib/gcc/arm-none-eabi/11.2.1/thumb/v7-m/nofp\libc_nano.a(lib_a-sbrkr.o)
                                                  d:/arm-gcc/gcc/bin/../lib/gcc/arm-none-eabi/11.2.1/thumb/v7-m/nofp\libc_nano.a(lib_a-nano-mallocr.o)
_sbss                                             build/startup_stm32f103x6.o
_sdata                                            build/startup_stm32f103x6.o
_sidata                                           build/startup_stm32f103x6.o
_siprintf_r                                       d:/arm-gcc/gcc/bin/../lib/gcc/arm-none-eabi/11.2.1/thumb/v7-m/nofp\libc_nano.a(lib_a-sprintf.o)
_sprintf_r                                        d:/arm-gcc/gcc/bin/../lib/gcc/arm-none-eabi/11.2.1/thumb/v7-m/nofp\libc_nano.a(lib_a-sprintf.o)
_stack_init                                       d:/arm-gcc/gcc/bin/../lib/gcc/arm-none-eabi/11.2.1/thumb/v7-m/nofp/crt0.o
_start                                            d:/arm-gcc/gcc/bin/../lib/gcc/arm-none-eabi/11.2.1/thumb/v7-m/nofp/crt0.o
_svfiprintf_r                                     d:/arm-gcc/gcc/bin/../lib/gcc/arm-none-eabi/11.2.1/thumb/v7-m/nofp\libc_nano.a(lib_a-nano-svfprintf.o)
_svfprintf_r                                      d:/arm-gcc/gcc/bin/../lib/gcc/arm-none-eabi/11.2.1/thumb/v7-m/nofp\libc_nano.a(lib_a-nano-svfprintf.o)
                                                  d:/arm-gcc/gcc/bin/../lib/gcc/arm-none-eabi/11.2.1/thumb/v7-m/nofp\libc_nano.a(lib_a-sprintf.o)
atexit                                            d:/arm-gcc/gcc/bin/../lib/gcc/arm-none-eabi/11.2.1/thumb/v7-m/nofp/crt0.o
cleanup_glue                                      d:/arm-gcc/gcc/bin/../lib/gcc/arm-none-eabi/11.2.1/thumb/v7-m/nofp\libc_nano.a(lib_a-reent.o)
cmd_read_id                                       build/main.o
data_buffer                                       build/main.o
data_read                                         build/main.o
disable_write                                     build/main.o
enable_write                                      build/main.o
end                                               d:/arm-gcc/gcc/bin/../lib/gcc/arm-none-eabi/11.2.1/thumb/v7-m/nofp\libnosys.a(sbrk.o)
errno                                             d:/arm-gcc/gcc/bin/../lib/gcc/arm-none-eabi/11.2.1/thumb/v7-m/nofp\libc_nano.a(lib_a-reent.o)
                                                  d:/arm-gcc/gcc/bin/../lib/gcc/arm-none-eabi/11.2.1/thumb/v7-m/nofp\libc_nano.a(lib_a-sbrkr.o)
exit                                              d:/arm-gcc/gcc/bin/../lib/gcc/arm-none-eabi/11.2.1/thumb/v7-m/nofp\libc_nano.a(lib_a-exit.o)
                                                  d:/arm-gcc/gcc/bin/../lib/gcc/arm-none-eabi/11.2.1/thumb/v7-m/nofp/crt0.o
g_pfnVectors                                      build/startup_stm32f103x6.o
hardware_init_hook                                d:/arm-gcc/gcc/bin/../lib/gcc/arm-none-eabi/11.2.1/thumb/v7-m/nofp/crt0.o
hspi1                                             build/main.o
huart1                                            build/main.o
main                                              build/main.o
                                                  build/startup_stm32f103x6.o
                                                  d:/arm-gcc/gcc/bin/../lib/gcc/arm-none-eabi/11.2.1/thumb/v7-m/nofp/crt0.o