21:48:33 **** Incremental Build of configuration Debug for project controll2led ****
make -j8 all 
arm-none-eabi-gcc "../Core/Src/main.c" -mcpu=cortex-m3 -std=gnu11 -g3 -DDEBUG -DUSE_HAL_DRIVER -DSTM32F103xB -c -I../Core/Inc -I../Drivers/STM32F1xx_HAL_Driver/Inc/Legacy -I../Drivers/STM32F1xx_HAL_Driver/Inc -I../Drivers/CMSIS/Device/ST/STM32F1xx/Include -I../Drivers/CMSIS/Include -O0 -ffunction-sections -fdata-sections -Wall -fstack-usage -fcyclomatic-complexity -MMD -MP -MF"Core/Src/main.d" -MT"Core/Src/main.o" --specs=nano.specs -mfloat-abi=soft -mthumb -o "Core/Src/main.o"
arm-none-eabi-gcc -o "controll2led.elf" @"objects.list"   -mcpu=cortex-m3 -T"D:\smt32project\controll2led\STM32F103C8TX_FLASH.ld" --specs=nosys.specs -Wl,-Map="controll2led.map" -Wl,--gc-sections -static --specs=nano.specs -mfloat-abi=soft -mthumb -Wl,--start-group -lc -lm -Wl,--end-group
Finished building target: controll2led.elf
 
arm-none-eabi-size  controll2led.elf 
arm-none-eabi-objdump -h -S controll2led.elf  > "controll2led.list"
arm-none-eabi-objcopy  -O ihex controll2led.elf  "controll2led.hex"
   text	   data	    bss	    dec	    hex	filename
   4600	     20	   1572	   6192	   1830	controll2led.elf
Finished building: default.size.stdout
 
Finished building: controll2led.hex
 
Finished building: controll2led.list
 

21:48:39 Build Finished. 0 errors, 0 warnings. (took 6s.502ms)

