18:22:16 **** Build of configuration Debug for project GPIO_INPUT_INTERRUPT ****
make -j8 all 
arm-none-eabi-gcc "../Core/Src/main.c" -mcpu=cortex-m3 -std=gnu11 -g3 -DDEBUG -DUSE_HAL_DRIVER -DSTM32F103xB -c -I../Core/Inc -I../Drivers/STM32F1xx_HAL_Driver/Inc -I../Drivers/STM32F1xx_HAL_Driver/Inc/Legacy -I../Drivers/CMSIS/Device/ST/STM32F1xx/Include -I../Drivers/CMSIS/Include -O0 -ffunction-sections -fdata-sections -Wall -fstack-usage -fcyclomatic-complexity -MMD -MP -MF"Core/Src/main.d" -MT"Core/Src/main.o" --specs=nano.specs -mfloat-abi=soft -mthumb -o "Core/Src/main.o"
arm-none-eabi-gcc -o "GPIO_INPUT_INTERRUPT.elf" @"objects.list"   -mcpu=cortex-m3 -T"D:\STM32WorkSpace\GPIO_INPUT_INTERRUPT\STM32F103C8TX_FLASH.ld" --specs=nosys.specs -Wl,-Map="GPIO_INPUT_INTERRUPT.map" -Wl,--gc-sections -static --specs=nano.specs -mfloat-abi=soft -mthumb -Wl,--start-group -lc -lm -Wl,--end-group
Finished building target: GPIO_INPUT_INTERRUPT.elf
 
arm-none-eabi-size  GPIO_INPUT_INTERRUPT.elf 
arm-none-eabi-objdump -h -S GPIO_INPUT_INTERRUPT.elf  > "GPIO_INPUT_INTERRUPT.list"
arm-none-eabi-objcopy  -O ihex GPIO_INPUT_INTERRUPT.elf  "GPIO_INPUT_INTERRUPT.hex"
   text	   data	    bss	    dec	    hex	filename
   5832	     52	   1588	   7472	   1d30	GPIO_INPUT_INTERRUPT.elf
Finished building: default.size.stdout
 
Finished building: GPIO_INPUT_INTERRUPT.hex
 
Finished building: GPIO_INPUT_INTERRUPT.list
 

18:22:20 Build Finished. 0 errors, 0 warnings. (took 3s.951ms)

