20:44:47 **** Incremental Build of configuration Debug for project lcdstm32 ****
make -j8 all 
arm-none-eabi-gcc "../Core/Src/main.c" -mcpu=cortex-m3 -std=gnu11 -g3 -DDEBUG -DUSE_HAL_DRIVER -DSTM32F103xB -c -I../Core/Inc -I../Drivers/STM32F1xx_HAL_Driver/Inc -I../Drivers/STM32F1xx_HAL_Driver/Inc/Legacy -I../Drivers/CMSIS/Device/ST/STM32F1xx/Include -I../Drivers/CMSIS/Include -O0 -ffunction-sections -fdata-sections -Wall -fstack-usage -fcyclomatic-complexity -MMD -MP -MF"Core/Src/main.d" -MT"Core/Src/main.o" --specs=nano.specs -mfloat-abi=soft -mthumb -o "Core/Src/main.o"
arm-none-eabi-gcc -o "lcdstm32.elf" @"objects.list"   -mcpu=cortex-m3 -T"D:\STM32WorkSpace\lcdstm32\STM32F103C8TX_FLASH.ld" --specs=nosys.specs -Wl,-Map="lcdstm32.map" -Wl,--gc-sections -static --specs=nano.specs -mfloat-abi=soft -mthumb -Wl,--start-group -lc -lm -Wl,--end-group
Finished building target: lcdstm32.elf
 
arm-none-eabi-size  lcdstm32.elf 
arm-none-eabi-objdump -h -S lcdstm32.elf  > "lcdstm32.list"
arm-none-eabi-objcopy  -O ihex lcdstm32.elf  "lcdstm32.hex"
   text	   data	    bss	    dec	    hex	filename
   5360	     20	   1572	   6952	   1b28	lcdstm32.elf
Finished building: default.size.stdout
 
Finished building: lcdstm32.hex
 
Finished building: lcdstm32.list
 

20:44:55 Build Finished. 0 errors, 0 warnings. (took 8s.574ms)

